../Core/Src/Custom/main.c:36:6:interrupt_send_code	8	static
../Core/Src/Custom/main.c:40:6:interrupt_request_code	8	static
../Core/Src/Custom/main.c:44:6:interrupt_release_pod	8	static
../Core/Src/Custom/main.c:48:6:interrupt_tristate_up	8	static
../Core/Src/Custom/main.c:52:6:interrupt_tristate_down	8	static
../Core/Src/Custom/main.c:57:6:HAL_GPIO_EXTI_Callback	16	static
../Core/Src/Custom/main.c:78:6:HAL_TIM_PeriodElapsedCallback	16	static
../Core/Src/Custom/main.c:113:6:movement_counter_on_tick	24	static
../Core/Src/Custom/main.c:125:6:setup	24	static
../Core/Src/Custom/main.c:159:6:loop	8	static
