13:39:47 **** Incremental Build of configuration Debug for project dc-motor-test ****
make -j12 all 
arm-none-eabi-gcc "../Core/Src/Custom/main.c" -mcpu=cortex-m4 -std=gnu11 -g3 -DDEBUG -DUSE_HAL_DRIVER -DSTM32L476xx -c -I../Core/Inc -I../Drivers/STM32L4xx_HAL_Driver/Inc -I../Drivers/STM32L4xx_HAL_Driver/Inc/Legacy -I../Drivers/CMSIS/Device/ST/STM32L4xx/Include -I../Drivers/CMSIS/Include -O0 -ffunction-sections -fdata-sections -Wall -fstack-usage -fcyclomatic-complexity -MMD -MP -MF"Core/Src/Custom/main.d" -MT"Core/Src/Custom/main.o" --specs=nano.specs -mfpu=fpv4-sp-d16 -mfloat-abi=hard -mthumb -o "Core/Src/Custom/main.o"
arm-none-eabi-gcc -o "dc-motor-test.elf" @"objects.list"   -mcpu=cortex-m4 -T"C:\Users\admin\Documents\team-2\repo\remote-submersible\code\tests\dc-motor-test\STM32L476RGTX_FLASH.ld" --specs=nosys.specs -Wl,-Map="dc-motor-test.map" -Wl,--gc-sections -static --specs=nano.specs -mfpu=fpv4-sp-d16 -mfloat-abi=hard -mthumb -Wl,--start-group -lc -lm -Wl,--end-group
Finished building target: dc-motor-test.elf
 
arm-none-eabi-size  dc-motor-test.elf 
arm-none-eabi-objdump -h -S dc-motor-test.elf  > "dc-motor-test.list"
   text	   data	    bss	    dec	    hex	filename
  22144	     12	   2144	  24300	   5eec	dc-motor-test.elf
Finished building: default.size.stdout
 
Finished building: dc-motor-test.list
 

13:39:48 Build Finished. 0 errors, 0 warnings. (took 1s.647ms)

