11:46:02 **** Incremental Build of configuration Debug for project integrates-off-board ****
make -j12 all 
arm-none-eabi-gcc "../Core/Src/Custom/main.c" -mcpu=cortex-m4 -std=gnu11 -g3 -DDEBUG -DUSE_HAL_DRIVER -DSTM32L476xx -c -I../Core/Inc -I../Drivers/STM32L4xx_HAL_Driver/Inc -I../Drivers/STM32L4xx_HAL_Driver/Inc/Legacy -I../Drivers/CMSIS/Device/ST/STM32L4xx/Include -I../Drivers/CMSIS/Include -O0 -ffunction-sections -fdata-sections -Wall -fstack-usage -fcyclomatic-complexity -MMD -MP -MF"Core/Src/Custom/main.d" -MT"Core/Src/Custom/main.o" --specs=nano.specs -mfpu=fpv4-sp-d16 -mfloat-abi=hard -mthumb -o "Core/Src/Custom/main.o"
../Core/Src/Custom/main.c: In function 'setup':
../Core/Src/Custom/main.c:145:41: warning: passing argument 2 of 'display_init' from incompatible pointer type [-Wincompatible-pointer-types]
  145 |   display_init(&g_display, (mcp_t *[2]) { &mcp1_2, &mcp3_4 }, 4, true);
      |                                         ^~~~~~~~~~~~~~~~~~~~
      |                                         |
      |                                         mcp_t **
In file included from ../Core/Src/Custom/globals.h:4,
                 from ../Core/Src/Custom/main.c:3:
../Core/Src/Custom/7-segment.h:18:52: note: expected 'const mcp_t **' but argument is of type 'mcp_t **'
   18 | void display_init(display_t *display, const mcp_t *units[], uint8_t digit_count, bool inverted);
      |                                       ~~~~~~~~~~~~~^~~~~~~
arm-none-eabi-gcc -o "integrates-off-board.elf" @"objects.list"   -mcpu=cortex-m4 -T"C:\Users\admin\Documents\team-2\repo\remote-submersible\code\tests\integrates-off-board\STM32L476RGTX_FLASH.ld" --specs=nosys.specs -Wl,-Map="integrates-off-board.map" -Wl,--gc-sections -static --specs=nano.specs -mfpu=fpv4-sp-d16 -mfloat-abi=hard -mthumb -Wl,--start-group -lc -lm -Wl,--end-group
Finished building target: integrates-off-board.elf
 
arm-none-eabi-size  integrates-off-board.elf 
arm-none-eabi-objdump -h -S integrates-off-board.elf  > "integrates-off-board.list"
   text	   data	    bss	    dec	    hex	filename
  29688	     24	   2272	  31984	   7cf0	integrates-off-board.elf
Finished building: default.size.stdout
 
Finished building: integrates-off-board.list
 
11:46:06 **** Incremental Build of configuration Debug for project integrates-off-board ****
make -j12 all 
arm-none-eabi-size  integrates-off-board.elf 
   text	   data	    bss	    dec	    hex	filename
  29688	     24	   2272	  31984	   7cf0	integrates-off-board.elf
Finished building: default.size.stdout
 
11:46:55 **** Incremental Build of configuration Debug for project integrates-off-board ****
make -j12 all 
arm-none-eabi-gcc "../Core/Src/Custom/main.c" -mcpu=cortex-m4 -std=gnu11 -g3 -DDEBUG -DUSE_HAL_DRIVER -DSTM32L476xx -c -I../Core/Inc -I../Drivers/STM32L4xx_HAL_Driver/Inc -I../Drivers/STM32L4xx_HAL_Driver/Inc/Legacy -I../Drivers/CMSIS/Device/ST/STM32L4xx/Include -I../Drivers/CMSIS/Include -O0 -ffunction-sections -fdata-sections -Wall -fstack-usage -fcyclomatic-complexity -MMD -MP -MF"Core/Src/Custom/main.d" -MT"Core/Src/Custom/main.o" --specs=nano.specs -mfpu=fpv4-sp-d16 -mfloat-abi=hard -mthumb -o "Core/Src/Custom/main.o"
../Core/Src/Custom/main.c: In function 'setup':
../Core/Src/Custom/main.c:146:41: warning: passing argument 2 of 'display_init' from incompatible pointer type [-Wincompatible-pointer-types]
  146 |   display_init(&g_display, (mcp_t *[2]) { &mcp1_2, &mcp3_4 }, 4, true);
      |                                         ^~~~~~~~~~~~~~~~~~~~
      |                                         |
      |                                         mcp_t **
In file included from ../Core/Src/Custom/globals.h:4,
                 from ../Core/Src/Custom/main.c:3:
../Core/Src/Custom/7-segment.h:18:52: note: expected 'const mcp_t **' but argument is of type 'mcp_t **'
   18 | void display_init(display_t *display, const mcp_t *units[], uint8_t digit_count, bool inverted);
      |                                       ~~~~~~~~~~~~~^~~~~~~
arm-none-eabi-gcc -o "integrates-off-board.elf" @"objects.list"   -mcpu=cortex-m4 -T"C:\Users\admin\Documents\team-2\repo\remote-submersible\code\tests\integrates-off-board\STM32L476RGTX_FLASH.ld" --specs=nosys.specs -Wl,-Map="integrates-off-board.map" -Wl,--gc-sections -static --specs=nano.specs -mfpu=fpv4-sp-d16 -mfloat-abi=hard -mthumb -Wl,--start-group -lc -lm -Wl,--end-group
Finished building target: integrates-off-board.elf
 
arm-none-eabi-size  integrates-off-board.elf 
arm-none-eabi-objdump -h -S integrates-off-board.elf  > "integrates-off-board.list"
   text	   data	    bss	    dec	    hex	filename
  29656	     24	   2256	  31936	   7cc0	integrates-off-board.elf
Finished building: default.size.stdout
 
Finished building: integrates-off-board.list
 
11:47:37 **** Incremental Build of configuration Debug for project integrates-off-board ****
make -j12 all 
arm-none-eabi-gcc "../Core/Src/Custom/main.c" -mcpu=cortex-m4 -std=gnu11 -g3 -DDEBUG -DUSE_HAL_DRIVER -DSTM32L476xx -c -I../Core/Inc -I../Drivers/STM32L4xx_HAL_Driver/Inc -I../Drivers/STM32L4xx_HAL_Driver/Inc/Legacy -I../Drivers/CMSIS/Device/ST/STM32L4xx/Include -I../Drivers/CMSIS/Include -O0 -ffunction-sections -fdata-sections -Wall -fstack-usage -fcyclomatic-complexity -MMD -MP -MF"Core/Src/Custom/main.d" -MT"Core/Src/Custom/main.o" --specs=nano.specs -mfpu=fpv4-sp-d16 -mfloat-abi=hard -mthumb -o "Core/Src/Custom/main.o"
../Core/Src/Custom/main.c: In function 'setup':
../Core/Src/Custom/main.c:146:41: warning: passing argument 2 of 'display_init' from incompatible pointer type [-Wincompatible-pointer-types]
  146 |   display_init(&g_display, (mcp_t *[2]) { &mcp1_2, &mcp3_4 }, 4, true);
      |                                         ^~~~~~~~~~~~~~~~~~~~
      |                                         |
      |                                         mcp_t **
In file included from ../Core/Src/Custom/globals.h:4,
                 from ../Core/Src/Custom/main.c:3:
../Core/Src/Custom/7-segment.h:18:52: note: expected 'const mcp_t **' but argument is of type 'mcp_t **'
   18 | void display_init(display_t *display, const mcp_t *units[], uint8_t digit_count, bool inverted);
      |                                       ~~~~~~~~~~~~~^~~~~~~
arm-none-eabi-gcc -o "integrates-off-board.elf" @"objects.list"   -mcpu=cortex-m4 -T"C:\Users\admin\Documents\team-2\repo\remote-submersible\code\tests\integrates-off-board\STM32L476RGTX_FLASH.ld" --specs=nosys.specs -Wl,-Map="integrates-off-board.map" -Wl,--gc-sections -static --specs=nano.specs -mfpu=fpv4-sp-d16 -mfloat-abi=hard -mthumb -Wl,--start-group -lc -lm -Wl,--end-group
Finished building target: integrates-off-board.elf
 
arm-none-eabi-size  integrates-off-board.elf 
arm-none-eabi-objdump -h -S integrates-off-board.elf  > "integrates-off-board.list"
   text	   data	    bss	    dec	    hex	filename
  29524	     24	   2240	  31788	   7c2c	integrates-off-board.elf
Finished building: default.size.stdout
 
Finished building: integrates-off-board.list
 
11:48:16 **** Incremental Build of configuration Debug for project integrates-off-board ****
make -j12 all 
arm-none-eabi-gcc "../Core/Src/Custom/main.c" -mcpu=cortex-m4 -std=gnu11 -g3 -DDEBUG -DUSE_HAL_DRIVER -DSTM32L476xx -c -I../Core/Inc -I../Drivers/STM32L4xx_HAL_Driver/Inc -I../Drivers/STM32L4xx_HAL_Driver/Inc/Legacy -I../Drivers/CMSIS/Device/ST/STM32L4xx/Include -I../Drivers/CMSIS/Include -O0 -ffunction-sections -fdata-sections -Wall -fstack-usage -fcyclomatic-complexity -MMD -MP -MF"Core/Src/Custom/main.d" -MT"Core/Src/Custom/main.o" --specs=nano.specs -mfpu=fpv4-sp-d16 -mfloat-abi=hard -mthumb -o "Core/Src/Custom/main.o"
../Core/Src/Custom/main.c: In function 'setup':
../Core/Src/Custom/main.c:147:41: warning: passing argument 2 of 'display_init' from incompatible pointer type [-Wincompatible-pointer-types]
  147 |   display_init(&g_display, (mcp_t *[2]) { &mcp1_2, &mcp3_4 }, 4, true);
      |                                         ^~~~~~~~~~~~~~~~~~~~
      |                                         |
      |                                         mcp_t **
In file included from ../Core/Src/Custom/globals.h:4,
                 from ../Core/Src/Custom/main.c:3:
../Core/Src/Custom/7-segment.h:18:52: note: expected 'const mcp_t **' but argument is of type 'mcp_t **'
   18 | void display_init(display_t *display, const mcp_t *units[], uint8_t digit_count, bool inverted);
      |                                       ~~~~~~~~~~~~~^~~~~~~
arm-none-eabi-gcc -o "integrates-off-board.elf" @"objects.list"   -mcpu=cortex-m4 -T"C:\Users\admin\Documents\team-2\repo\remote-submersible\code\tests\integrates-off-board\STM32L476RGTX_FLASH.ld" --specs=nosys.specs -Wl,-Map="integrates-off-board.map" -Wl,--gc-sections -static --specs=nano.specs -mfpu=fpv4-sp-d16 -mfloat-abi=hard -mthumb -Wl,--start-group -lc -lm -Wl,--end-group
Finished building target: integrates-off-board.elf
 
arm-none-eabi-size  integrates-off-board.elf 
arm-none-eabi-objdump -h -S integrates-off-board.elf  > "integrates-off-board.list"
   text	   data	    bss	    dec	    hex	filename
  29688	     24	   2272	  31984	   7cf0	integrates-off-board.elf
Finished building: default.size.stdout
 
Finished building: integrates-off-board.list
 
11:55:16 **** Incremental Build of configuration Debug for project integrates-off-board ****
make -j12 all 
arm-none-eabi-gcc "../Core/Src/Lib/lora.c" -mcpu=cortex-m4 -std=gnu11 -g3 -DDEBUG -DUSE_HAL_DRIVER -DSTM32L476xx -c -I../Core/Inc -I../Drivers/STM32L4xx_HAL_Driver/Inc -I../Drivers/STM32L4xx_HAL_Driver/Inc/Legacy -I../Drivers/CMSIS/Device/ST/STM32L4xx/Include -I../Drivers/CMSIS/Include -O0 -ffunction-sections -fdata-sections -Wall -fstack-usage -fcyclomatic-complexity -MMD -MP -MF"Core/Src/Lib/lora.d" -MT"Core/Src/Lib/lora.o" --specs=nano.specs -mfpu=fpv4-sp-d16 -mfloat-abi=hard -mthumb -o "Core/Src/Lib/lora.o"
arm-none-eabi-gcc "../Core/Src/Lib/mcp23s17.c" -mcpu=cortex-m4 -std=gnu11 -g3 -DDEBUG -DUSE_HAL_DRIVER -DSTM32L476xx -c -I../Core/Inc -I../Drivers/STM32L4xx_HAL_Driver/Inc -I../Drivers/STM32L4xx_HAL_Driver/Inc/Legacy -I../Drivers/CMSIS/Device/ST/STM32L4xx/Include -I../Drivers/CMSIS/Include -O0 -ffunction-sections -fdata-sections -Wall -fstack-usage -fcyclomatic-complexity -MMD -MP -MF"Core/Src/Lib/mcp23s17.d" -MT"Core/Src/Lib/mcp23s17.o" --specs=nano.specs -mfpu=fpv4-sp-d16 -mfloat-abi=hard -mthumb -o "Core/Src/Lib/mcp23s17.o"
arm-none-eabi-gcc "../Core/Src/Custom/main.c" -mcpu=cortex-m4 -std=gnu11 -g3 -DDEBUG -DUSE_HAL_DRIVER -DSTM32L476xx -c -I../Core/Inc -I../Drivers/STM32L4xx_HAL_Driver/Inc -I../Drivers/STM32L4xx_HAL_Driver/Inc/Legacy -I../Drivers/CMSIS/Device/ST/STM32L4xx/Include -I../Drivers/CMSIS/Include -O0 -ffunction-sections -fdata-sections -Wall -fstack-usage -fcyclomatic-complexity -MMD -MP -MF"Core/Src/Custom/main.d" -MT"Core/Src/Custom/main.o" --specs=nano.specs -mfpu=fpv4-sp-d16 -mfloat-abi=hard -mthumb -o "Core/Src/Custom/main.o"
../Core/Src/Custom/main.c: In function 'setup':
../Core/Src/Custom/main.c:127:18: error: 'pin_rst' undeclared (first use in this function); did you mean 'pin_reset'?
  127 |         set_pin(&pin_rst);
      |                  ^~~~~~~
      |                  pin_reset
../Core/Src/Custom/main.c:127:18: note: each undeclared identifier is reported only once for each function it appears in
../Core/Src/Custom/main.c:154:41: warning: passing argument 2 of 'display_init' from incompatible pointer type [-Wincompatible-pointer-types]
  154 |   display_init(&g_display, (mcp_t *[2]) { &mcp1_2, &mcp3_4 }, 4, true);
      |                                         ^~~~~~~~~~~~~~~~~~~~
      |                                         |
      |                                         mcp_t **
In file included from ../Core/Src/Custom/globals.h:4,
                 from ../Core/Src/Custom/main.c:3:
../Core/Src/Custom/7-segment.h:18:52: note: expected 'const mcp_t **' but argument is of type 'mcp_t **'
   18 | void display_init(display_t *display, const mcp_t *units[], uint8_t digit_count, bool inverted);
      |                                       ~~~~~~~~~~~~~^~~~~~~
make: *** [Core/Src/Custom/subdir.mk:31: Core/Src/Custom/main.o] Error 1
make: *** Waiting for unfinished jobs....
"make -j12 all" terminated with exit code 2. Build might be incomplete.
11:55:34 **** Incremental Build of configuration Debug for project integrates-off-board ****
make -j12 all 
arm-none-eabi-gcc "../Core/Src/Custom/main.c" -mcpu=cortex-m4 -std=gnu11 -g3 -DDEBUG -DUSE_HAL_DRIVER -DSTM32L476xx -c -I../Core/Inc -I../Drivers/STM32L4xx_HAL_Driver/Inc -I../Drivers/STM32L4xx_HAL_Driver/Inc/Legacy -I../Drivers/CMSIS/Device/ST/STM32L4xx/Include -I../Drivers/CMSIS/Include -O0 -ffunction-sections -fdata-sections -Wall -fstack-usage -fcyclomatic-complexity -MMD -MP -MF"Core/Src/Custom/main.d" -MT"Core/Src/Custom/main.o" --specs=nano.specs -mfpu=fpv4-sp-d16 -mfloat-abi=hard -mthumb -o "Core/Src/Custom/main.o"
../Core/Src/Custom/main.c: In function 'setup':
../Core/Src/Custom/main.c:127:18: error: 'pin_rst' undeclared (first use in this function); did you mean 'pin_reset'?
  127 |         set_pin(&pin_rst);
      |                  ^~~~~~~
      |                  pin_reset
../Core/Src/Custom/main.c:127:18: note: each undeclared identifier is reported only once for each function it appears in
../Core/Src/Custom/main.c:154:41: warning: passing argument 2 of 'display_init' from incompatible pointer type [-Wincompatible-pointer-types]
  154 |   display_init(&g_display, (mcp_t *[2]) { &mcp1_2, &mcp3_4 }, 4, true);
      |                                         ^~~~~~~~~~~~~~~~~~~~
      |                                         |
      |                                         mcp_t **
In file included from ../Core/Src/Custom/globals.h:4,
                 from ../Core/Src/Custom/main.c:3:
../Core/Src/Custom/7-segment.h:18:52: note: expected 'const mcp_t **' but argument is of type 'mcp_t **'
   18 | void display_init(display_t *display, const mcp_t *units[], uint8_t digit_count, bool inverted);
      |                                       ~~~~~~~~~~~~~^~~~~~~
make: *** [Core/Src/Custom/subdir.mk:31: Core/Src/Custom/main.o] Error 1
"make -j12 all" terminated with exit code 2. Build might be incomplete.
11:56:06 **** Incremental Build of configuration Debug for project integrates-off-board ****
make -j12 all 
arm-none-eabi-gcc "../Core/Src/Custom/main.c" -mcpu=cortex-m4 -std=gnu11 -g3 -DDEBUG -DUSE_HAL_DRIVER -DSTM32L476xx -c -I../Core/Inc -I../Drivers/STM32L4xx_HAL_Driver/Inc -I../Drivers/STM32L4xx_HAL_Driver/Inc/Legacy -I../Drivers/CMSIS/Device/ST/STM32L4xx/Include -I../Drivers/CMSIS/Include -O0 -ffunction-sections -fdata-sections -Wall -fstack-usage -fcyclomatic-complexity -MMD -MP -MF"Core/Src/Custom/main.d" -MT"Core/Src/Custom/main.o" --specs=nano.specs -mfpu=fpv4-sp-d16 -mfloat-abi=hard -mthumb -o "Core/Src/Custom/main.o"
../Core/Src/Custom/main.c: In function 'setup':
../Core/Src/Custom/main.c:154:41: warning: passing argument 2 of 'display_init' from incompatible pointer type [-Wincompatible-pointer-types]
  154 |   display_init(&g_display, (mcp_t *[2]) { &mcp1_2, &mcp3_4 }, 4, true);
      |                                         ^~~~~~~~~~~~~~~~~~~~
      |                                         |
      |                                         mcp_t **
In file included from ../Core/Src/Custom/globals.h:4,
                 from ../Core/Src/Custom/main.c:3:
../Core/Src/Custom/7-segment.h:18:52: note: expected 'const mcp_t **' but argument is of type 'mcp_t **'
   18 | void display_init(display_t *display, const mcp_t *units[], uint8_t digit_count, bool inverted);
      |                                       ~~~~~~~~~~~~~^~~~~~~
arm-none-eabi-gcc -o "integrates-off-board.elf" @"objects.list"   -mcpu=cortex-m4 -T"C:\Users\admin\Documents\team-2\repo\remote-submersible\code\tests\integrates-off-board\STM32L476RGTX_FLASH.ld" --specs=nosys.specs -Wl,-Map="integrates-off-board.map" -Wl,--gc-sections -static --specs=nano.specs -mfpu=fpv4-sp-d16 -mfloat-abi=hard -mthumb -Wl,--start-group -lc -lm -Wl,--end-group
Finished building target: integrates-off-board.elf
 
arm-none-eabi-size  integrates-off-board.elf 
arm-none-eabi-objdump -h -S integrates-off-board.elf  > "integrates-off-board.list"
   text	   data	    bss	    dec	    hex	filename
  30196	     40	   2272	  32508	   7efc	integrates-off-board.elf
Finished building: default.size.stdout
 
Finished building: integrates-off-board.list
 
11:57:16 **** Incremental Build of configuration Debug for project integrates-off-board ****
make -j12 all 
arm-none-eabi-gcc "../Core/Src/Custom/main.c" -mcpu=cortex-m4 -std=gnu11 -g3 -DDEBUG -DUSE_HAL_DRIVER -DSTM32L476xx -c -I../Core/Inc -I../Drivers/STM32L4xx_HAL_Driver/Inc -I../Drivers/STM32L4xx_HAL_Driver/Inc/Legacy -I../Drivers/CMSIS/Device/ST/STM32L4xx/Include -I../Drivers/CMSIS/Include -O0 -ffunction-sections -fdata-sections -Wall -fstack-usage -fcyclomatic-complexity -MMD -MP -MF"Core/Src/Custom/main.d" -MT"Core/Src/Custom/main.o" --specs=nano.specs -mfpu=fpv4-sp-d16 -mfloat-abi=hard -mthumb -o "Core/Src/Custom/main.o"
../Core/Src/Custom/main.c: In function 'setup':
../Core/Src/Custom/main.c:154:41: warning: passing argument 2 of 'display_init' from incompatible pointer type [-Wincompatible-pointer-types]
  154 |   display_init(&g_display, (mcp_t *[2]) { &mcp1_2, &mcp3_4 }, 4, true);
      |                                         ^~~~~~~~~~~~~~~~~~~~
      |                                         |
      |                                         mcp_t **
In file included from ../Core/Src/Custom/globals.h:4,
                 from ../Core/Src/Custom/main.c:3:
../Core/Src/Custom/7-segment.h:18:52: note: expected 'const mcp_t **' but argument is of type 'mcp_t **'
   18 | void display_init(display_t *display, const mcp_t *units[], uint8_t digit_count, bool inverted);
      |                                       ~~~~~~~~~~~~~^~~~~~~
arm-none-eabi-gcc -o "integrates-off-board.elf" @"objects.list"   -mcpu=cortex-m4 -T"C:\Users\admin\Documents\team-2\repo\remote-submersible\code\tests\integrates-off-board\STM32L476RGTX_FLASH.ld" --specs=nosys.specs -Wl,-Map="integrates-off-board.map" -Wl,--gc-sections -static --specs=nano.specs -mfpu=fpv4-sp-d16 -mfloat-abi=hard -mthumb -Wl,--start-group -lc -lm -Wl,--end-group
Finished building target: integrates-off-board.elf
 
arm-none-eabi-size  integrates-off-board.elf 
arm-none-eabi-objdump -h -S integrates-off-board.elf  > "integrates-off-board.list"
   text	   data	    bss	    dec	    hex	filename
  30208	     40	   2272	  32520	   7f08	integrates-off-board.elf
Finished building: default.size.stdout
 
Finished building: integrates-off-board.list
 
11:58:27 **** Incremental Build of configuration Debug for project integrates-off-board ****
make -j12 all 
arm-none-eabi-gcc "../Core/Src/Lib/communication.c" -mcpu=cortex-m4 -std=gnu11 -g3 -DDEBUG -DUSE_HAL_DRIVER -DSTM32L476xx -c -I../Core/Inc -I../Drivers/STM32L4xx_HAL_Driver/Inc -I../Drivers/STM32L4xx_HAL_Driver/Inc/Legacy -I../Drivers/CMSIS/Device/ST/STM32L4xx/Include -I../Drivers/CMSIS/Include -O0 -ffunction-sections -fdata-sections -Wall -fstack-usage -fcyclomatic-complexity -MMD -MP -MF"Core/Src/Lib/communication.d" -MT"Core/Src/Lib/communication.o" --specs=nano.specs -mfpu=fpv4-sp-d16 -mfloat-abi=hard -mthumb -o "Core/Src/Lib/communication.o"
arm-none-eabi-gcc -o "integrates-off-board.elf" @"objects.list"   -mcpu=cortex-m4 -T"C:\Users\admin\Documents\team-2\repo\remote-submersible\code\tests\integrates-off-board\STM32L476RGTX_FLASH.ld" --specs=nosys.specs -Wl,-Map="integrates-off-board.map" -Wl,--gc-sections -static --specs=nano.specs -mfpu=fpv4-sp-d16 -mfloat-abi=hard -mthumb -Wl,--start-group -lc -lm -Wl,--end-group
Finished building target: integrates-off-board.elf
 
arm-none-eabi-size  integrates-off-board.elf 
arm-none-eabi-objdump -h -S integrates-off-board.elf  > "integrates-off-board.list"
   text	   data	    bss	    dec	    hex	filename
  30224	     40	   2272	  32536	   7f18	integrates-off-board.elf
Finished building: default.size.stdout
 
Finished building: integrates-off-board.list
 
12:23:46 **** Build of configuration Debug for project integrates-on-board ****
make -j12 all 
arm-none-eabi-gcc "../Core/Src/Lib/lora.c" -mcpu=cortex-m4 -std=gnu11 -g3 -DDEBUG -DUSE_HAL_DRIVER -DSTM32L476xx -c -I../Core/Inc -I../Drivers/STM32L4xx_HAL_Driver/Inc -I../Drivers/STM32L4xx_HAL_Driver/Inc/Legacy -I../Drivers/CMSIS/Device/ST/STM32L4xx/Include -I../Drivers/CMSIS/Include -O0 -ffunction-sections -fdata-sections -Wall -fstack-usage -fcyclomatic-complexity -MMD -MP -MF"Core/Src/Lib/lora.d" -MT"Core/Src/Lib/lora.o" --specs=nano.specs -mfpu=fpv4-sp-d16 -mfloat-abi=hard -mthumb -o "Core/Src/Lib/lora.o"
arm-none-eabi-gcc "../Core/Src/Custom/main.c" -mcpu=cortex-m4 -std=gnu11 -g3 -DDEBUG -DUSE_HAL_DRIVER -DSTM32L476xx -c -I../Core/Inc -I../Drivers/STM32L4xx_HAL_Driver/Inc -I../Drivers/STM32L4xx_HAL_Driver/Inc/Legacy -I../Drivers/CMSIS/Device/ST/STM32L4xx/Include -I../Drivers/CMSIS/Include -O0 -ffunction-sections -fdata-sections -Wall -fstack-usage -fcyclomatic-complexity -MMD -MP -MF"Core/Src/Custom/main.d" -MT"Core/Src/Custom/main.o" --specs=nano.specs -mfpu=fpv4-sp-d16 -mfloat-abi=hard -mthumb -o "Core/Src/Custom/main.o"
arm-none-eabi-gcc -o "integrates-on-board.elf" @"objects.list"   -mcpu=cortex-m4 -T"C:\Users\admin\Documents\team-2\repo\remote-submersible\code\tests\integrates-on-board\STM32L476RGTX_FLASH.ld" --specs=nosys.specs -Wl,-Map="integrates-on-board.map" -Wl,--gc-sections -static --specs=nano.specs -mfpu=fpv4-sp-d16 -mfloat-abi=hard -mthumb -Wl,--start-group -lc -lm -Wl,--end-group
Finished building target: integrates-on-board.elf
 
arm-none-eabi-size  integrates-on-board.elf 
arm-none-eabi-objdump -h -S integrates-on-board.elf  > "integrates-on-board.list"
   text	   data	    bss	    dec	    hex	filename
  23504	     44	   2448	  25996	   658c	integrates-on-board.elf
Finished building: default.size.stdout
 
Finished building: integrates-on-board.list
 
12:24:51 **** Incremental Build of configuration Debug for project integrates-on-board ****
make -j12 all 
arm-none-eabi-size  integrates-on-board.elf 
   text	   data	    bss	    dec	    hex	filename
  23504	     44	   2448	  25996	   658c	integrates-on-board.elf
Finished building: default.size.stdout
 
12:26:12 **** Incremental Build of configuration Debug for project integrates-on-board ****
make -j12 all 
arm-none-eabi-size  integrates-on-board.elf 
   text	   data	    bss	    dec	    hex	filename
  23504	     44	   2448	  25996	   658c	integrates-on-board.elf
Finished building: default.size.stdout
 
12:26:26 **** Incremental Build of configuration Debug for project integrates-on-board ****
make -j12 all 
arm-none-eabi-size  integrates-on-board.elf 
   text	   data	    bss	    dec	    hex	filename
  23504	     44	   2448	  25996	   658c	integrates-on-board.elf
Finished building: default.size.stdout
 
12:28:02 **** Incremental Build of configuration Debug for project integrates-on-board ****
make -j12 all 
arm-none-eabi-gcc "../Core/Src/Custom/main.c" -mcpu=cortex-m4 -std=gnu11 -g3 -DDEBUG -DUSE_HAL_DRIVER -DSTM32L476xx -c -I../Core/Inc -I../Drivers/STM32L4xx_HAL_Driver/Inc -I../Drivers/STM32L4xx_HAL_Driver/Inc/Legacy -I../Drivers/CMSIS/Device/ST/STM32L4xx/Include -I../Drivers/CMSIS/Include -O0 -ffunction-sections -fdata-sections -Wall -fstack-usage -fcyclomatic-complexity -MMD -MP -MF"Core/Src/Custom/main.d" -MT"Core/Src/Custom/main.o" --specs=nano.specs -mfpu=fpv4-sp-d16 -mfloat-abi=hard -mthumb -o "Core/Src/Custom/main.o"
arm-none-eabi-gcc -o "integrates-on-board.elf" @"objects.list"   -mcpu=cortex-m4 -T"C:\Users\admin\Documents\team-2\repo\remote-submersible\code\tests\integrates-on-board\STM32L476RGTX_FLASH.ld" --specs=nosys.specs -Wl,-Map="integrates-on-board.map" -Wl,--gc-sections -static --specs=nano.specs -mfpu=fpv4-sp-d16 -mfloat-abi=hard -mthumb -Wl,--start-group -lc -lm -Wl,--end-group
Finished building target: integrates-on-board.elf
 
arm-none-eabi-size  integrates-on-board.elf 
arm-none-eabi-objdump -h -S integrates-on-board.elf  > "integrates-on-board.list"
   text	   data	    bss	    dec	    hex	filename
  18308	     44	   2388	  20740	   5104	integrates-on-board.elf
Finished building: default.size.stdout
 
Finished building: integrates-on-board.list
 
12:34:48 **** Incremental Build of configuration Debug for project integrates-on-board ****
make -j12 all 
arm-none-eabi-size  integrates-on-board.elf 
   text	   data	    bss	    dec	    hex	filename
  18308	     44	   2388	  20740	   5104	integrates-on-board.elf
Finished building: default.size.stdout
 
12:38:11 **** Incremental Build of configuration Debug for project integrates-off-board ****
make -j12 all 
arm-none-eabi-gcc "../Core/Src/Lib/communication.c" -mcpu=cortex-m4 -std=gnu11 -g3 -DDEBUG -DUSE_HAL_DRIVER -DSTM32L476xx -c -I../Core/Inc -I../Drivers/STM32L4xx_HAL_Driver/Inc -I../Drivers/STM32L4xx_HAL_Driver/Inc/Legacy -I../Drivers/CMSIS/Device/ST/STM32L4xx/Include -I../Drivers/CMSIS/Include -O0 -ffunction-sections -fdata-sections -Wall -fstack-usage -fcyclomatic-complexity -MMD -MP -MF"Core/Src/Lib/communication.d" -MT"Core/Src/Lib/communication.o" --specs=nano.specs -mfpu=fpv4-sp-d16 -mfloat-abi=hard -mthumb -o "Core/Src/Lib/communication.o"
arm-none-eabi-gcc "../Core/Src/Custom/actions.c" -mcpu=cortex-m4 -std=gnu11 -g3 -DDEBUG -DUSE_HAL_DRIVER -DSTM32L476xx -c -I../Core/Inc -I../Drivers/STM32L4xx_HAL_Driver/Inc -I../Drivers/STM32L4xx_HAL_Driver/Inc/Legacy -I../Drivers/CMSIS/Device/ST/STM32L4xx/Include -I../Drivers/CMSIS/Include -O0 -ffunction-sections -fdata-sections -Wall -fstack-usage -fcyclomatic-complexity -MMD -MP -MF"Core/Src/Custom/actions.d" -MT"Core/Src/Custom/actions.o" --specs=nano.specs -mfpu=fpv4-sp-d16 -mfloat-abi=hard -mthumb -o "Core/Src/Custom/actions.o"
arm-none-eabi-gcc "../Core/Src/Custom/main.c" -mcpu=cortex-m4 -std=gnu11 -g3 -DDEBUG -DUSE_HAL_DRIVER -DSTM32L476xx -c -I../Core/Inc -I../Drivers/STM32L4xx_HAL_Driver/Inc -I../Drivers/STM32L4xx_HAL_Driver/Inc/Legacy -I../Drivers/CMSIS/Device/ST/STM32L4xx/Include -I../Drivers/CMSIS/Include -O0 -ffunction-sections -fdata-sections -Wall -fstack-usage -fcyclomatic-complexity -MMD -MP -MF"Core/Src/Custom/main.d" -MT"Core/Src/Custom/main.o" --specs=nano.specs -mfpu=fpv4-sp-d16 -mfloat-abi=hard -mthumb -o "Core/Src/Custom/main.o"
../Core/Src/Custom/main.c: In function 'setup':
../Core/Src/Custom/main.c:154:41: warning: passing argument 2 of 'display_init' from incompatible pointer type [-Wincompatible-pointer-types]
  154 |   display_init(&g_display, (mcp_t *[2]) { &mcp1_2, &mcp3_4 }, 4, true);
      |                                         ^~~~~~~~~~~~~~~~~~~~
      |                                         |
      |                                         mcp_t **
In file included from ../Core/Src/Custom/globals.h:4,
                 from ../Core/Src/Custom/main.c:3:
../Core/Src/Custom/7-segment.h:18:52: note: expected 'const mcp_t **' but argument is of type 'mcp_t **'
   18 | void display_init(display_t *display, const mcp_t *units[], uint8_t digit_count, bool inverted);
      |                                       ~~~~~~~~~~~~~^~~~~~~
arm-none-eabi-gcc -o "integrates-off-board.elf" @"objects.list"   -mcpu=cortex-m4 -T"C:\Users\admin\Documents\team-2\repo\remote-submersible\code\tests\integrates-off-board\STM32L476RGTX_FLASH.ld" --specs=nosys.specs -Wl,-Map="integrates-off-board.map" -Wl,--gc-sections -static --specs=nano.specs -mfpu=fpv4-sp-d16 -mfloat-abi=hard -mthumb -Wl,--start-group -lc -lm -Wl,--end-group
Finished building target: integrates-off-board.elf
 
arm-none-eabi-size  integrates-off-board.elf 
arm-none-eabi-objdump -h -S integrates-off-board.elf  > "integrates-off-board.list"
   text	   data	    bss	    dec	    hex	filename
  30224	     40	   2272	  32536	   7f18	integrates-off-board.elf
Finished building: default.size.stdout
 
Finished building: integrates-off-board.list
 
12:38:57 **** Incremental Build of configuration Debug for project integrates-off-board ****
make -j12 all 
arm-none-eabi-size  integrates-off-board.elf 
   text	   data	    bss	    dec	    hex	filename
  30224	     40	   2272	  32536	   7f18	integrates-off-board.elf
Finished building: default.size.stdout
 
12:39:42 **** Incremental Build of configuration Debug for project integrates-off-board ****
make -j12 all 
arm-none-eabi-size  integrates-off-board.elf 
   text	   data	    bss	    dec	    hex	filename
  30224	     40	   2272	  32536	   7f18	integrates-off-board.elf
Finished building: default.size.stdout
 
12:40:06 **** Incremental Build of configuration Debug for project integrates-on-board ****
make -j12 all 
arm-none-eabi-size  integrates-on-board.elf 
   text	   data	    bss	    dec	    hex	filename
  18308	     44	   2388	  20740	   5104	integrates-on-board.elf
Finished building: default.size.stdout
 
12:41:13 **** Incremental Build of configuration Debug for project integrates-on-board ****
make -j12 all 
arm-none-eabi-size  integrates-on-board.elf 
   text	   data	    bss	    dec	    hex	filename
  18308	     44	   2388	  20740	   5104	integrates-on-board.elf
Finished building: default.size.stdout
 
12:43:40 **** Incremental Build of configuration Debug for project integrates-on-board ****
make -j12 all 
arm-none-eabi-gcc "../Core/Src/Custom/main.c" -mcpu=cortex-m4 -std=gnu11 -g3 -DDEBUG -DUSE_HAL_DRIVER -DSTM32L476xx -c -I../Core/Inc -I../Drivers/STM32L4xx_HAL_Driver/Inc -I../Drivers/STM32L4xx_HAL_Driver/Inc/Legacy -I../Drivers/CMSIS/Device/ST/STM32L4xx/Include -I../Drivers/CMSIS/Include -O0 -ffunction-sections -fdata-sections -Wall -fstack-usage -fcyclomatic-complexity -MMD -MP -MF"Core/Src/Custom/main.d" -MT"Core/Src/Custom/main.o" --specs=nano.specs -mfpu=fpv4-sp-d16 -mfloat-abi=hard -mthumb -o "Core/Src/Custom/main.o"
arm-none-eabi-gcc -o "integrates-on-board.elf" @"objects.list"   -mcpu=cortex-m4 -T"C:\Users\admin\Documents\team-2\repo\remote-submersible\code\tests\integrates-on-board\STM32L476RGTX_FLASH.ld" --specs=nosys.specs -Wl,-Map="integrates-on-board.map" -Wl,--gc-sections -static --specs=nano.specs -mfpu=fpv4-sp-d16 -mfloat-abi=hard -mthumb -Wl,--start-group -lc -lm -Wl,--end-group
Finished building target: integrates-on-board.elf
 
arm-none-eabi-size  integrates-on-board.elf 
arm-none-eabi-objdump -h -S integrates-on-board.elf  > "integrates-on-board.list"
   text	   data	    bss	    dec	    hex	filename
  23504	     44	   2448	  25996	   658c	integrates-on-board.elf
Finished building: default.size.stdout
 
Finished building: integrates-on-board.list
 
12:44:14 **** Incremental Build of configuration Debug for project integrates-on-board ****
make -j12 all 
arm-none-eabi-size  integrates-on-board.elf 
   text	   data	    bss	    dec	    hex	filename
  23504	     44	   2448	  25996	   658c	integrates-on-board.elf
Finished building: default.size.stdout
 
12:45:12 **** Incremental Build of configuration Debug for project integrates-on-board ****
make -j12 all 
arm-none-eabi-size  integrates-on-board.elf 
   text	   data	    bss	    dec	    hex	filename
  23504	     44	   2448	  25996	   658c	integrates-on-board.elf
Finished building: default.size.stdout
 
12:46:31 **** Incremental Build of configuration Debug for project integrates-on-board ****
make -j12 all 
arm-none-eabi-size  integrates-on-board.elf 
   text	   data	    bss	    dec	    hex	filename
  23504	     44	   2448	  25996	   658c	integrates-on-board.elf
Finished building: default.size.stdout
 
12:47:29 **** Incremental Build of configuration Debug for project integrates-on-board ****
make -j12 all 
arm-none-eabi-gcc "../Core/Src/Custom/main.c" -mcpu=cortex-m4 -std=gnu11 -g3 -DDEBUG -DUSE_HAL_DRIVER -DSTM32L476xx -c -I../Core/Inc -I../Drivers/STM32L4xx_HAL_Driver/Inc -I../Drivers/STM32L4xx_HAL_Driver/Inc/Legacy -I../Drivers/CMSIS/Device/ST/STM32L4xx/Include -I../Drivers/CMSIS/Include -O0 -ffunction-sections -fdata-sections -Wall -fstack-usage -fcyclomatic-complexity -MMD -MP -MF"Core/Src/Custom/main.d" -MT"Core/Src/Custom/main.o" --specs=nano.specs -mfpu=fpv4-sp-d16 -mfloat-abi=hard -mthumb -o "Core/Src/Custom/main.o"
arm-none-eabi-gcc -o "integrates-on-board.elf" @"objects.list"   -mcpu=cortex-m4 -T"C:\Users\admin\Documents\team-2\repo\remote-submersible\code\tests\integrates-on-board\STM32L476RGTX_FLASH.ld" --specs=nosys.specs -Wl,-Map="integrates-on-board.map" -Wl,--gc-sections -static --specs=nano.specs -mfpu=fpv4-sp-d16 -mfloat-abi=hard -mthumb -Wl,--start-group -lc -lm -Wl,--end-group
Finished building target: integrates-on-board.elf
 
arm-none-eabi-size  integrates-on-board.elf 
arm-none-eabi-objdump -h -S integrates-on-board.elf  > "integrates-on-board.list"
   text	   data	    bss	    dec	    hex	filename
  22440	     44	   2448	  24932	   6164	integrates-on-board.elf
Finished building: default.size.stdout
 
Finished building: integrates-on-board.list
 
12:50:49 **** Incremental Build of configuration Debug for project integrates-on-board ****
make -j12 all 
arm-none-eabi-size  integrates-on-board.elf 
   text	   data	    bss	    dec	    hex	filename
  22440	     44	   2448	  24932	   6164	integrates-on-board.elf
Finished building: default.size.stdout
 
13:00:06 **** Incremental Build of configuration Debug for project integrates-on-board ****
make -j12 all 
arm-none-eabi-gcc "../Core/Src/Custom/actions.c" -mcpu=cortex-m4 -std=gnu11 -g3 -DDEBUG -DUSE_HAL_DRIVER -DSTM32L476xx -c -I../Core/Inc -I../Drivers/STM32L4xx_HAL_Driver/Inc -I../Drivers/STM32L4xx_HAL_Driver/Inc/Legacy -I../Drivers/CMSIS/Device/ST/STM32L4xx/Include -I../Drivers/CMSIS/Include -O0 -ffunction-sections -fdata-sections -Wall -fstack-usage -fcyclomatic-complexity -MMD -MP -MF"Core/Src/Custom/actions.d" -MT"Core/Src/Custom/actions.o" --specs=nano.specs -mfpu=fpv4-sp-d16 -mfloat-abi=hard -mthumb -o "Core/Src/Custom/actions.o"
../Core/Src/Custom/actions.c: In function 'recv_request_code':
../Core/Src/Custom/actions.c:30:13: warning: unused variable 'data' [-Wunused-variable]
   30 |   code_data data = { fetch_code() };
      |             ^~~~
arm-none-eabi-gcc -o "integrates-on-board.elf" @"objects.list"   -mcpu=cortex-m4 -T"C:\Users\admin\Documents\team-2\repo\remote-submersible\code\tests\integrates-on-board\STM32L476RGTX_FLASH.ld" --specs=nosys.specs -Wl,-Map="integrates-on-board.map" -Wl,--gc-sections -static --specs=nano.specs -mfpu=fpv4-sp-d16 -mfloat-abi=hard -mthumb -Wl,--start-group -lc -lm -Wl,--end-group
Finished building target: integrates-on-board.elf
 
arm-none-eabi-size  integrates-on-board.elf 
arm-none-eabi-objdump -h -S integrates-on-board.elf  > "integrates-on-board.list"
   text	   data	    bss	    dec	    hex	filename
  22076	     44	   2448	  24568	   5ff8	integrates-on-board.elf
Finished building: default.size.stdout
 
Finished building: integrates-on-board.list
 
13:10:30 **** Incremental Build of configuration Debug for project integrates-on-board ****
make -j12 all 
arm-none-eabi-gcc "../Core/Src/Custom/actions.c" -mcpu=cortex-m4 -std=gnu11 -g3 -DDEBUG -DUSE_HAL_DRIVER -DSTM32L476xx -c -I../Core/Inc -I../Drivers/STM32L4xx_HAL_Driver/Inc -I../Drivers/STM32L4xx_HAL_Driver/Inc/Legacy -I../Drivers/CMSIS/Device/ST/STM32L4xx/Include -I../Drivers/CMSIS/Include -O0 -ffunction-sections -fdata-sections -Wall -fstack-usage -fcyclomatic-complexity -MMD -MP -MF"Core/Src/Custom/actions.d" -MT"Core/Src/Custom/actions.o" --specs=nano.specs -mfpu=fpv4-sp-d16 -mfloat-abi=hard -mthumb -o "Core/Src/Custom/actions.o"
arm-none-eabi-gcc "../Core/Src/Custom/main.c" -mcpu=cortex-m4 -std=gnu11 -g3 -DDEBUG -DUSE_HAL_DRIVER -DSTM32L476xx -c -I../Core/Inc -I../Drivers/STM32L4xx_HAL_Driver/Inc -I../Drivers/STM32L4xx_HAL_Driver/Inc/Legacy -I../Drivers/CMSIS/Device/ST/STM32L4xx/Include -I../Drivers/CMSIS/Include -O0 -ffunction-sections -fdata-sections -Wall -fstack-usage -fcyclomatic-complexity -MMD -MP -MF"Core/Src/Custom/main.d" -MT"Core/Src/Custom/main.o" --specs=nano.specs -mfpu=fpv4-sp-d16 -mfloat-abi=hard -mthumb -o "Core/Src/Custom/main.o"
../Core/Src/Custom/actions.c: In function 'recv_request_code':
../Core/Src/Custom/actions.c:30:13: warning: unused variable 'data' [-Wunused-variable]
   30 |   code_data data = { fetch_code() };
      |             ^~~~
arm-none-eabi-gcc -o "integrates-on-board.elf" @"objects.list"   -mcpu=cortex-m4 -T"C:\Users\admin\Documents\team-2\repo\remote-submersible\code\tests\integrates-on-board\STM32L476RGTX_FLASH.ld" --specs=nosys.specs -Wl,-Map="integrates-on-board.map" -Wl,--gc-sections -static --specs=nano.specs -mfpu=fpv4-sp-d16 -mfloat-abi=hard -mthumb -Wl,--start-group -lc -lm -Wl,--end-group
Finished building target: integrates-on-board.elf
 
arm-none-eabi-size  integrates-on-board.elf 
arm-none-eabi-objdump -h -S integrates-on-board.elf  > "integrates-on-board.list"
   text	   data	    bss	    dec	    hex	filename
  22076	     44	   2448	  24568	   5ff8	integrates-on-board.elf
Finished building: default.size.stdout
 
Finished building: integrates-on-board.list
 
13:17:12 **** Incremental Build of configuration Debug for project integrates-on-board ****
make -j12 all 
arm-none-eabi-size  integrates-on-board.elf 
   text	   data	    bss	    dec	    hex	filename
  22076	     44	   2448	  24568	   5ff8	integrates-on-board.elf
Finished building: default.size.stdout
 
13:22:50 **** Incremental Build of configuration Debug for project integrates-on-board ****
make -j12 all 
arm-none-eabi-size  integrates-on-board.elf 
   text	   data	    bss	    dec	    hex	filename
  22076	     44	   2448	  24568	   5ff8	integrates-on-board.elf
Finished building: default.size.stdout
 
13:30:50 **** Incremental Build of configuration Debug for project integrates-on-board ****
make -j12 all 
arm-none-eabi-gcc "../Drivers/STM32L4xx_HAL_Driver/Src/stm32l4xx_hal.c" -mcpu=cortex-m4 -std=gnu11 -g3 -DDEBUG -DUSE_HAL_DRIVER -DSTM32L476xx -c -I../Core/Inc -I../Drivers/STM32L4xx_HAL_Driver/Inc -I../Drivers/STM32L4xx_HAL_Driver/Inc/Legacy -I../Drivers/CMSIS/Device/ST/STM32L4xx/Include -I../Drivers/CMSIS/Include -O0 -ffunction-sections -fdata-sections -Wall -fstack-usage -fcyclomatic-complexity -MMD -MP -MF"Drivers/STM32L4xx_HAL_Driver/Src/stm32l4xx_hal.d" -MT"Drivers/STM32L4xx_HAL_Driver/Src/stm32l4xx_hal.o" --specs=nano.specs -mfpu=fpv4-sp-d16 -mfloat-abi=hard -mthumb -o "Drivers/STM32L4xx_HAL_Driver/Src/stm32l4xx_hal.o"
arm-none-eabi-gcc "../Drivers/STM32L4xx_HAL_Driver/Src/stm32l4xx_hal_cortex.c" -mcpu=cortex-m4 -std=gnu11 -g3 -DDEBUG -DUSE_HAL_DRIVER -DSTM32L476xx -c -I../Core/Inc -I../Drivers/STM32L4xx_HAL_Driver/Inc -I../Drivers/STM32L4xx_HAL_Driver/Inc/Legacy -I../Drivers/CMSIS/Device/ST/STM32L4xx/Include -I../Drivers/CMSIS/Include -O0 -ffunction-sections -fdata-sections -Wall -fstack-usage -fcyclomatic-complexity -MMD -MP -MF"Drivers/STM32L4xx_HAL_Driver/Src/stm32l4xx_hal_cortex.d" -MT"Drivers/STM32L4xx_HAL_Driver/Src/stm32l4xx_hal_cortex.o" --specs=nano.specs -mfpu=fpv4-sp-d16 -mfloat-abi=hard -mthumb -o "Drivers/STM32L4xx_HAL_Driver/Src/stm32l4xx_hal_cortex.o"
arm-none-eabi-gcc "../Drivers/STM32L4xx_HAL_Driver/Src/stm32l4xx_hal_dma.c" -mcpu=cortex-m4 -std=gnu11 -g3 -DDEBUG -DUSE_HAL_DRIVER -DSTM32L476xx -c -I../Core/Inc -I../Drivers/STM32L4xx_HAL_Driver/Inc -I../Drivers/STM32L4xx_HAL_Driver/Inc/Legacy -I../Drivers/CMSIS/Device/ST/STM32L4xx/Include -I../Drivers/CMSIS/Include -O0 -ffunction-sections -fdata-sections -Wall -fstack-usage -fcyclomatic-complexity -MMD -MP -MF"Drivers/STM32L4xx_HAL_Driver/Src/stm32l4xx_hal_dma.d" -MT"Drivers/STM32L4xx_HAL_Driver/Src/stm32l4xx_hal_dma.o" --specs=nano.specs -mfpu=fpv4-sp-d16 -mfloat-abi=hard -mthumb -o "Drivers/STM32L4xx_HAL_Driver/Src/stm32l4xx_hal_dma.o"
arm-none-eabi-gcc "../Drivers/STM32L4xx_HAL_Driver/Src/stm32l4xx_hal_dma_ex.c" -mcpu=cortex-m4 -std=gnu11 -g3 -DDEBUG -DUSE_HAL_DRIVER -DSTM32L476xx -c -I../Core/Inc -I../Drivers/STM32L4xx_HAL_Driver/Inc -I../Drivers/STM32L4xx_HAL_Driver/Inc/Legacy -I../Drivers/CMSIS/Device/ST/STM32L4xx/Include -I../Drivers/CMSIS/Include -O0 -ffunction-sections -fdata-sections -Wall -fstack-usage -fcyclomatic-complexity -MMD -MP -MF"Drivers/STM32L4xx_HAL_Driver/Src/stm32l4xx_hal_dma_ex.d" -MT"Drivers/STM32L4xx_HAL_Driver/Src/stm32l4xx_hal_dma_ex.o" --specs=nano.specs -mfpu=fpv4-sp-d16 -mfloat-abi=hard -mthumb -o "Drivers/STM32L4xx_HAL_Driver/Src/stm32l4xx_hal_dma_ex.o"
arm-none-eabi-gcc "../Drivers/STM32L4xx_HAL_Driver/Src/stm32l4xx_hal_exti.c" -mcpu=cortex-m4 -std=gnu11 -g3 -DDEBUG -DUSE_HAL_DRIVER -DSTM32L476xx -c -I../Core/Inc -I../Drivers/STM32L4xx_HAL_Driver/Inc -I../Drivers/STM32L4xx_HAL_Driver/Inc/Legacy -I../Drivers/CMSIS/Device/ST/STM32L4xx/Include -I../Drivers/CMSIS/Include -O0 -ffunction-sections -fdata-sections -Wall -fstack-usage -fcyclomatic-complexity -MMD -MP -MF"Drivers/STM32L4xx_HAL_Driver/Src/stm32l4xx_hal_exti.d" -MT"Drivers/STM32L4xx_HAL_Driver/Src/stm32l4xx_hal_exti.o" --specs=nano.specs -mfpu=fpv4-sp-d16 -mfloat-abi=hard -mthumb -o "Drivers/STM32L4xx_HAL_Driver/Src/stm32l4xx_hal_exti.o"
arm-none-eabi-gcc "../Drivers/STM32L4xx_HAL_Driver/Src/stm32l4xx_hal_flash.c" -mcpu=cortex-m4 -std=gnu11 -g3 -DDEBUG -DUSE_HAL_DRIVER -DSTM32L476xx -c -I../Core/Inc -I../Drivers/STM32L4xx_HAL_Driver/Inc -I../Drivers/STM32L4xx_HAL_Driver/Inc/Legacy -I../Drivers/CMSIS/Device/ST/STM32L4xx/Include -I../Drivers/CMSIS/Include -O0 -ffunction-sections -fdata-sections -Wall -fstack-usage -fcyclomatic-complexity -MMD -MP -MF"Drivers/STM32L4xx_HAL_Driver/Src/stm32l4xx_hal_flash.d" -MT"Drivers/STM32L4xx_HAL_Driver/Src/stm32l4xx_hal_flash.o" --specs=nano.specs -mfpu=fpv4-sp-d16 -mfloat-abi=hard -mthumb -o "Drivers/STM32L4xx_HAL_Driver/Src/stm32l4xx_hal_flash.o"
arm-none-eabi-gcc "../Drivers/STM32L4xx_HAL_Driver/Src/stm32l4xx_hal_flash_ex.c" -mcpu=cortex-m4 -std=gnu11 -g3 -DDEBUG -DUSE_HAL_DRIVER -DSTM32L476xx -c -I../Core/Inc -I../Drivers/STM32L4xx_HAL_Driver/Inc -I../Drivers/STM32L4xx_HAL_Driver/Inc/Legacy -I../Drivers/CMSIS/Device/ST/STM32L4xx/Include -I../Drivers/CMSIS/Include -O0 -ffunction-sections -fdata-sections -Wall -fstack-usage -fcyclomatic-complexity -MMD -MP -MF"Drivers/STM32L4xx_HAL_Driver/Src/stm32l4xx_hal_flash_ex.d" -MT"Drivers/STM32L4xx_HAL_Driver/Src/stm32l4xx_hal_flash_ex.o" --specs=nano.specs -mfpu=fpv4-sp-d16 -mfloat-abi=hard -mthumb -o "Drivers/STM32L4xx_HAL_Driver/Src/stm32l4xx_hal_flash_ex.o"
arm-none-eabi-gcc "../Drivers/STM32L4xx_HAL_Driver/Src/stm32l4xx_hal_flash_ramfunc.c" -mcpu=cortex-m4 -std=gnu11 -g3 -DDEBUG -DUSE_HAL_DRIVER -DSTM32L476xx -c -I../Core/Inc -I../Drivers/STM32L4xx_HAL_Driver/Inc -I../Drivers/STM32L4xx_HAL_Driver/Inc/Legacy -I../Drivers/CMSIS/Device/ST/STM32L4xx/Include -I../Drivers/CMSIS/Include -O0 -ffunction-sections -fdata-sections -Wall -fstack-usage -fcyclomatic-complexity -MMD -MP -MF"Drivers/STM32L4xx_HAL_Driver/Src/stm32l4xx_hal_flash_ramfunc.d" -MT"Drivers/STM32L4xx_HAL_Driver/Src/stm32l4xx_hal_flash_ramfunc.o" --specs=nano.specs -mfpu=fpv4-sp-d16 -mfloat-abi=hard -mthumb -o "Drivers/STM32L4xx_HAL_Driver/Src/stm32l4xx_hal_flash_ramfunc.o"
arm-none-eabi-gcc "../Drivers/STM32L4xx_HAL_Driver/Src/stm32l4xx_hal_gpio.c" -mcpu=cortex-m4 -std=gnu11 -g3 -DDEBUG -DUSE_HAL_DRIVER -DSTM32L476xx -c -I../Core/Inc -I../Drivers/STM32L4xx_HAL_Driver/Inc -I../Drivers/STM32L4xx_HAL_Driver/Inc/Legacy -I../Drivers/CMSIS/Device/ST/STM32L4xx/Include -I../Drivers/CMSIS/Include -O0 -ffunction-sections -fdata-sections -Wall -fstack-usage -fcyclomatic-complexity -MMD -MP -MF"Drivers/STM32L4xx_HAL_Driver/Src/stm32l4xx_hal_gpio.d" -MT"Drivers/STM32L4xx_HAL_Driver/Src/stm32l4xx_hal_gpio.o" --specs=nano.specs -mfpu=fpv4-sp-d16 -mfloat-abi=hard -mthumb -o "Drivers/STM32L4xx_HAL_Driver/Src/stm32l4xx_hal_gpio.o"
arm-none-eabi-gcc "../Drivers/STM32L4xx_HAL_Driver/Src/stm32l4xx_hal_i2c.c" -mcpu=cortex-m4 -std=gnu11 -g3 -DDEBUG -DUSE_HAL_DRIVER -DSTM32L476xx -c -I../Core/Inc -I../Drivers/STM32L4xx_HAL_Driver/Inc -I../Drivers/STM32L4xx_HAL_Driver/Inc/Legacy -I../Drivers/CMSIS/Device/ST/STM32L4xx/Include -I../Drivers/CMSIS/Include -O0 -ffunction-sections -fdata-sections -Wall -fstack-usage -fcyclomatic-complexity -MMD -MP -MF"Drivers/STM32L4xx_HAL_Driver/Src/stm32l4xx_hal_i2c.d" -MT"Drivers/STM32L4xx_HAL_Driver/Src/stm32l4xx_hal_i2c.o" --specs=nano.specs -mfpu=fpv4-sp-d16 -mfloat-abi=hard -mthumb -o "Drivers/STM32L4xx_HAL_Driver/Src/stm32l4xx_hal_i2c.o"
arm-none-eabi-gcc "../Drivers/STM32L4xx_HAL_Driver/Src/stm32l4xx_hal_i2c_ex.c" -mcpu=cortex-m4 -std=gnu11 -g3 -DDEBUG -DUSE_HAL_DRIVER -DSTM32L476xx -c -I../Core/Inc -I../Drivers/STM32L4xx_HAL_Driver/Inc -I../Drivers/STM32L4xx_HAL_Driver/Inc/Legacy -I../Drivers/CMSIS/Device/ST/STM32L4xx/Include -I../Drivers/CMSIS/Include -O0 -ffunction-sections -fdata-sections -Wall -fstack-usage -fcyclomatic-complexity -MMD -MP -MF"Drivers/STM32L4xx_HAL_Driver/Src/stm32l4xx_hal_i2c_ex.d" -MT"Drivers/STM32L4xx_HAL_Driver/Src/stm32l4xx_hal_i2c_ex.o" --specs=nano.specs -mfpu=fpv4-sp-d16 -mfloat-abi=hard -mthumb -o "Drivers/STM32L4xx_HAL_Driver/Src/stm32l4xx_hal_i2c_ex.o"
arm-none-eabi-gcc "../Drivers/STM32L4xx_HAL_Driver/Src/stm32l4xx_hal_pwr.c" -mcpu=cortex-m4 -std=gnu11 -g3 -DDEBUG -DUSE_HAL_DRIVER -DSTM32L476xx -c -I../Core/Inc -I../Drivers/STM32L4xx_HAL_Driver/Inc -I../Drivers/STM32L4xx_HAL_Driver/Inc/Legacy -I../Drivers/CMSIS/Device/ST/STM32L4xx/Include -I../Drivers/CMSIS/Include -O0 -ffunction-sections -fdata-sections -Wall -fstack-usage -fcyclomatic-complexity -MMD -MP -MF"Drivers/STM32L4xx_HAL_Driver/Src/stm32l4xx_hal_pwr.d" -MT"Drivers/STM32L4xx_HAL_Driver/Src/stm32l4xx_hal_pwr.o" --specs=nano.specs -mfpu=fpv4-sp-d16 -mfloat-abi=hard -mthumb -o "Drivers/STM32L4xx_HAL_Driver/Src/stm32l4xx_hal_pwr.o"
arm-none-eabi-gcc "../Drivers/STM32L4xx_HAL_Driver/Src/stm32l4xx_hal_pwr_ex.c" -mcpu=cortex-m4 -std=gnu11 -g3 -DDEBUG -DUSE_HAL_DRIVER -DSTM32L476xx -c -I../Core/Inc -I../Drivers/STM32L4xx_HAL_Driver/Inc -I../Drivers/STM32L4xx_HAL_Driver/Inc/Legacy -I../Drivers/CMSIS/Device/ST/STM32L4xx/Include -I../Drivers/CMSIS/Include -O0 -ffunction-sections -fdata-sections -Wall -fstack-usage -fcyclomatic-complexity -MMD -MP -MF"Drivers/STM32L4xx_HAL_Driver/Src/stm32l4xx_hal_pwr_ex.d" -MT"Drivers/STM32L4xx_HAL_Driver/Src/stm32l4xx_hal_pwr_ex.o" --specs=nano.specs -mfpu=fpv4-sp-d16 -mfloat-abi=hard -mthumb -o "Drivers/STM32L4xx_HAL_Driver/Src/stm32l4xx_hal_pwr_ex.o"
arm-none-eabi-gcc "../Drivers/STM32L4xx_HAL_Driver/Src/stm32l4xx_hal_rcc.c" -mcpu=cortex-m4 -std=gnu11 -g3 -DDEBUG -DUSE_HAL_DRIVER -DSTM32L476xx -c -I../Core/Inc -I../Drivers/STM32L4xx_HAL_Driver/Inc -I../Drivers/STM32L4xx_HAL_Driver/Inc/Legacy -I../Drivers/CMSIS/Device/ST/STM32L4xx/Include -I../Drivers/CMSIS/Include -O0 -ffunction-sections -fdata-sections -Wall -fstack-usage -fcyclomatic-complexity -MMD -MP -MF"Drivers/STM32L4xx_HAL_Driver/Src/stm32l4xx_hal_rcc.d" -MT"Drivers/STM32L4xx_HAL_Driver/Src/stm32l4xx_hal_rcc.o" --specs=nano.specs -mfpu=fpv4-sp-d16 -mfloat-abi=hard -mthumb -o "Drivers/STM32L4xx_HAL_Driver/Src/stm32l4xx_hal_rcc.o"
arm-none-eabi-gcc "../Drivers/STM32L4xx_HAL_Driver/Src/stm32l4xx_hal_rcc_ex.c" -mcpu=cortex-m4 -std=gnu11 -g3 -DDEBUG -DUSE_HAL_DRIVER -DSTM32L476xx -c -I../Core/Inc -I../Drivers/STM32L4xx_HAL_Driver/Inc -I../Drivers/STM32L4xx_HAL_Driver/Inc/Legacy -I../Drivers/CMSIS/Device/ST/STM32L4xx/Include -I../Drivers/CMSIS/Include -O0 -ffunction-sections -fdata-sections -Wall -fstack-usage -fcyclomatic-complexity -MMD -MP -MF"Drivers/STM32L4xx_HAL_Driver/Src/stm32l4xx_hal_rcc_ex.d" -MT"Drivers/STM32L4xx_HAL_Driver/Src/stm32l4xx_hal_rcc_ex.o" --specs=nano.specs -mfpu=fpv4-sp-d16 -mfloat-abi=hard -mthumb -o "Drivers/STM32L4xx_HAL_Driver/Src/stm32l4xx_hal_rcc_ex.o"
arm-none-eabi-gcc "../Drivers/STM32L4xx_HAL_Driver/Src/stm32l4xx_hal_spi.c" -mcpu=cortex-m4 -std=gnu11 -g3 -DDEBUG -DUSE_HAL_DRIVER -DSTM32L476xx -c -I../Core/Inc -I../Drivers/STM32L4xx_HAL_Driver/Inc -I../Drivers/STM32L4xx_HAL_Driver/Inc/Legacy -I../Drivers/CMSIS/Device/ST/STM32L4xx/Include -I../Drivers/CMSIS/Include -O0 -ffunction-sections -fdata-sections -Wall -fstack-usage -fcyclomatic-complexity -MMD -MP -MF"Drivers/STM32L4xx_HAL_Driver/Src/stm32l4xx_hal_spi.d" -MT"Drivers/STM32L4xx_HAL_Driver/Src/stm32l4xx_hal_spi.o" --specs=nano.specs -mfpu=fpv4-sp-d16 -mfloat-abi=hard -mthumb -o "Drivers/STM32L4xx_HAL_Driver/Src/stm32l4xx_hal_spi.o"
arm-none-eabi-gcc "../Drivers/STM32L4xx_HAL_Driver/Src/stm32l4xx_hal_spi_ex.c" -mcpu=cortex-m4 -std=gnu11 -g3 -DDEBUG -DUSE_HAL_DRIVER -DSTM32L476xx -c -I../Core/Inc -I../Drivers/STM32L4xx_HAL_Driver/Inc -I../Drivers/STM32L4xx_HAL_Driver/Inc/Legacy -I../Drivers/CMSIS/Device/ST/STM32L4xx/Include -I../Drivers/CMSIS/Include -O0 -ffunction-sections -fdata-sections -Wall -fstack-usage -fcyclomatic-complexity -MMD -MP -MF"Drivers/STM32L4xx_HAL_Driver/Src/stm32l4xx_hal_spi_ex.d" -MT"Drivers/STM32L4xx_HAL_Driver/Src/stm32l4xx_hal_spi_ex.o" --specs=nano.specs -mfpu=fpv4-sp-d16 -mfloat-abi=hard -mthumb -o "Drivers/STM32L4xx_HAL_Driver/Src/stm32l4xx_hal_spi_ex.o"
arm-none-eabi-gcc "../Drivers/STM32L4xx_HAL_Driver/Src/stm32l4xx_hal_tim.c" -mcpu=cortex-m4 -std=gnu11 -g3 -DDEBUG -DUSE_HAL_DRIVER -DSTM32L476xx -c -I../Core/Inc -I../Drivers/STM32L4xx_HAL_Driver/Inc -I../Drivers/STM32L4xx_HAL_Driver/Inc/Legacy -I../Drivers/CMSIS/Device/ST/STM32L4xx/Include -I../Drivers/CMSIS/Include -O0 -ffunction-sections -fdata-sections -Wall -fstack-usage -fcyclomatic-complexity -MMD -MP -MF"Drivers/STM32L4xx_HAL_Driver/Src/stm32l4xx_hal_tim.d" -MT"Drivers/STM32L4xx_HAL_Driver/Src/stm32l4xx_hal_tim.o" --specs=nano.specs -mfpu=fpv4-sp-d16 -mfloat-abi=hard -mthumb -o "Drivers/STM32L4xx_HAL_Driver/Src/stm32l4xx_hal_tim.o"
arm-none-eabi-gcc "../Drivers/STM32L4xx_HAL_Driver/Src/stm32l4xx_hal_tim_ex.c" -mcpu=cortex-m4 -std=gnu11 -g3 -DDEBUG -DUSE_HAL_DRIVER -DSTM32L476xx -c -I../Core/Inc -I../Drivers/STM32L4xx_HAL_Driver/Inc -I../Drivers/STM32L4xx_HAL_Driver/Inc/Legacy -I../Drivers/CMSIS/Device/ST/STM32L4xx/Include -I../Drivers/CMSIS/Include -O0 -ffunction-sections -fdata-sections -Wall -fstack-usage -fcyclomatic-complexity -MMD -MP -MF"Drivers/STM32L4xx_HAL_Driver/Src/stm32l4xx_hal_tim_ex.d" -MT"Drivers/STM32L4xx_HAL_Driver/Src/stm32l4xx_hal_tim_ex.o" --specs=nano.specs -mfpu=fpv4-sp-d16 -mfloat-abi=hard -mthumb -o "Drivers/STM32L4xx_HAL_Driver/Src/stm32l4xx_hal_tim_ex.o"
arm-none-eabi-gcc "../Core/Src/Lib/communication.c" -mcpu=cortex-m4 -std=gnu11 -g3 -DDEBUG -DUSE_HAL_DRIVER -DSTM32L476xx -c -I../Core/Inc -I../Drivers/STM32L4xx_HAL_Driver/Inc -I../Drivers/STM32L4xx_HAL_Driver/Inc/Legacy -I../Drivers/CMSIS/Device/ST/STM32L4xx/Include -I../Drivers/CMSIS/Include -O0 -ffunction-sections -fdata-sections -Wall -fstack-usage -fcyclomatic-complexity -MMD -MP -MF"Core/Src/Lib/communication.d" -MT"Core/Src/Lib/communication.o" --specs=nano.specs -mfpu=fpv4-sp-d16 -mfloat-abi=hard -mthumb -o "Core/Src/Lib/communication.o"
arm-none-eabi-gcc "../Core/Src/Lib/dc-motor.c" -mcpu=cortex-m4 -std=gnu11 -g3 -DDEBUG -DUSE_HAL_DRIVER -DSTM32L476xx -c -I../Core/Inc -I../Drivers/STM32L4xx_HAL_Driver/Inc -I../Drivers/STM32L4xx_HAL_Driver/Inc/Legacy -I../Drivers/CMSIS/Device/ST/STM32L4xx/Include -I../Drivers/CMSIS/Include -O0 -ffunction-sections -fdata-sections -Wall -fstack-usage -fcyclomatic-complexity -MMD -MP -MF"Core/Src/Lib/dc-motor.d" -MT"Core/Src/Lib/dc-motor.o" --specs=nano.specs -mfpu=fpv4-sp-d16 -mfloat-abi=hard -mthumb -o "Core/Src/Lib/dc-motor.o"
arm-none-eabi-gcc "../Core/Src/Lib/lora.c" -mcpu=cortex-m4 -std=gnu11 -g3 -DDEBUG -DUSE_HAL_DRIVER -DSTM32L476xx -c -I../Core/Inc -I../Drivers/STM32L4xx_HAL_Driver/Inc -I../Drivers/STM32L4xx_HAL_Driver/Inc/Legacy -I../Drivers/CMSIS/Device/ST/STM32L4xx/Include -I../Drivers/CMSIS/Include -O0 -ffunction-sections -fdata-sections -Wall -fstack-usage -fcyclomatic-complexity -MMD -MP -MF"Core/Src/Lib/lora.d" -MT"Core/Src/Lib/lora.o" --specs=nano.specs -mfpu=fpv4-sp-d16 -mfloat-abi=hard -mthumb -o "Core/Src/Lib/lora.o"
arm-none-eabi-gcc "../Core/Src/Lib/stepper-motor-event.c" -mcpu=cortex-m4 -std=gnu11 -g3 -DDEBUG -DUSE_HAL_DRIVER -DSTM32L476xx -c -I../Core/Inc -I../Drivers/STM32L4xx_HAL_Driver/Inc -I../Drivers/STM32L4xx_HAL_Driver/Inc/Legacy -I../Drivers/CMSIS/Device/ST/STM32L4xx/Include -I../Drivers/CMSIS/Include -O0 -ffunction-sections -fdata-sections -Wall -fstack-usage -fcyclomatic-complexity -MMD -MP -MF"Core/Src/Lib/stepper-motor-event.d" -MT"Core/Src/Lib/stepper-motor-event.o" --specs=nano.specs -mfpu=fpv4-sp-d16 -mfloat-abi=hard -mthumb -o "Core/Src/Lib/stepper-motor-event.o"
arm-none-eabi-gcc "../Core/Src/Lib/stepper-motor.c" -mcpu=cortex-m4 -std=gnu11 -g3 -DDEBUG -DUSE_HAL_DRIVER -DSTM32L476xx -c -I../Core/Inc -I../Drivers/STM32L4xx_HAL_Driver/Inc -I../Drivers/STM32L4xx_HAL_Driver/Inc/Legacy -I../Drivers/CMSIS/Device/ST/STM32L4xx/Include -I../Drivers/CMSIS/Include -O0 -ffunction-sections -fdata-sections -Wall -fstack-usage -fcyclomatic-complexity -MMD -MP -MF"Core/Src/Lib/stepper-motor.d" -MT"Core/Src/Lib/stepper-motor.o" --specs=nano.specs -mfpu=fpv4-sp-d16 -mfloat-abi=hard -mthumb -o "Core/Src/Lib/stepper-motor.o"
arm-none-eabi-gcc "../Core/Src/Lib/util.c" -mcpu=cortex-m4 -std=gnu11 -g3 -DDEBUG -DUSE_HAL_DRIVER -DSTM32L476xx -c -I../Core/Inc -I../Drivers/STM32L4xx_HAL_Driver/Inc -I../Drivers/STM32L4xx_HAL_Driver/Inc/Legacy -I../Drivers/CMSIS/Device/ST/STM32L4xx/Include -I../Drivers/CMSIS/Include -O0 -ffunction-sections -fdata-sections -Wall -fstack-usage -fcyclomatic-complexity -MMD -MP -MF"Core/Src/Lib/util.d" -MT"Core/Src/Lib/util.o" --specs=nano.specs -mfpu=fpv4-sp-d16 -mfloat-abi=hard -mthumb -o "Core/Src/Lib/util.o"
arm-none-eabi-gcc "../Core/Src/Custom/actions.c" -mcpu=cortex-m4 -std=gnu11 -g3 -DDEBUG -DUSE_HAL_DRIVER -DSTM32L476xx -c -I../Core/Inc -I../Drivers/STM32L4xx_HAL_Driver/Inc -I../Drivers/STM32L4xx_HAL_Driver/Inc/Legacy -I../Drivers/CMSIS/Device/ST/STM32L4xx/Include -I../Drivers/CMSIS/Include -O0 -ffunction-sections -fdata-sections -Wall -fstack-usage -fcyclomatic-complexity -MMD -MP -MF"Core/Src/Custom/actions.d" -MT"Core/Src/Custom/actions.o" --specs=nano.specs -mfpu=fpv4-sp-d16 -mfloat-abi=hard -mthumb -o "Core/Src/Custom/actions.o"
arm-none-eabi-gcc "../Core/Src/Custom/main.c" -mcpu=cortex-m4 -std=gnu11 -g3 -DDEBUG -DUSE_HAL_DRIVER -DSTM32L476xx -c -I../Core/Inc -I../Drivers/STM32L4xx_HAL_Driver/Inc -I../Drivers/STM32L4xx_HAL_Driver/Inc/Legacy -I../Drivers/CMSIS/Device/ST/STM32L4xx/Include -I../Drivers/CMSIS/Include -O0 -ffunction-sections -fdata-sections -Wall -fstack-usage -fcyclomatic-complexity -MMD -MP -MF"Core/Src/Custom/main.d" -MT"Core/Src/Custom/main.o" --specs=nano.specs -mfpu=fpv4-sp-d16 -mfloat-abi=hard -mthumb -o "Core/Src/Custom/main.o"
arm-none-eabi-gcc "../Core/Src/Custom/pins.c" -mcpu=cortex-m4 -std=gnu11 -g3 -DDEBUG -DUSE_HAL_DRIVER -DSTM32L476xx -c -I../Core/Inc -I../Drivers/STM32L4xx_HAL_Driver/Inc -I../Drivers/STM32L4xx_HAL_Driver/Inc/Legacy -I../Drivers/CMSIS/Device/ST/STM32L4xx/Include -I../Drivers/CMSIS/Include -O0 -ffunction-sections -fdata-sections -Wall -fstack-usage -fcyclomatic-complexity -MMD -MP -MF"Core/Src/Custom/pins.d" -MT"Core/Src/Custom/pins.o" --specs=nano.specs -mfpu=fpv4-sp-d16 -mfloat-abi=hard -mthumb -o "Core/Src/Custom/pins.o"
arm-none-eabi-gcc "../Core/Src/main.c" -mcpu=cortex-m4 -std=gnu11 -g3 -DDEBUG -DUSE_HAL_DRIVER -DSTM32L476xx -c -I../Core/Inc -I../Drivers/STM32L4xx_HAL_Driver/Inc -I../Drivers/STM32L4xx_HAL_Driver/Inc/Legacy -I../Drivers/CMSIS/Device/ST/STM32L4xx/Include -I../Drivers/CMSIS/Include -O0 -ffunction-sections -fdata-sections -Wall -fstack-usage -fcyclomatic-complexity -MMD -MP -MF"Core/Src/main.d" -MT"Core/Src/main.o" --specs=nano.specs -mfpu=fpv4-sp-d16 -mfloat-abi=hard -mthumb -o "Core/Src/main.o"
arm-none-eabi-gcc "../Core/Src/stm32l4xx_hal_msp.c" -mcpu=cortex-m4 -std=gnu11 -g3 -DDEBUG -DUSE_HAL_DRIVER -DSTM32L476xx -c -I../Core/Inc -I../Drivers/STM32L4xx_HAL_Driver/Inc -I../Drivers/STM32L4xx_HAL_Driver/Inc/Legacy -I../Drivers/CMSIS/Device/ST/STM32L4xx/Include -I../Drivers/CMSIS/Include -O0 -ffunction-sections -fdata-sections -Wall -fstack-usage -fcyclomatic-complexity -MMD -MP -MF"Core/Src/stm32l4xx_hal_msp.d" -MT"Core/Src/stm32l4xx_hal_msp.o" --specs=nano.specs -mfpu=fpv4-sp-d16 -mfloat-abi=hard -mthumb -o "Core/Src/stm32l4xx_hal_msp.o"
arm-none-eabi-gcc "../Core/Src/stm32l4xx_it.c" -mcpu=cortex-m4 -std=gnu11 -g3 -DDEBUG -DUSE_HAL_DRIVER -DSTM32L476xx -c -I../Core/Inc -I../Drivers/STM32L4xx_HAL_Driver/Inc -I../Drivers/STM32L4xx_HAL_Driver/Inc/Legacy -I../Drivers/CMSIS/Device/ST/STM32L4xx/Include -I../Drivers/CMSIS/Include -O0 -ffunction-sections -fdata-sections -Wall -fstack-usage -fcyclomatic-complexity -MMD -MP -MF"Core/Src/stm32l4xx_it.d" -MT"Core/Src/stm32l4xx_it.o" --specs=nano.specs -mfpu=fpv4-sp-d16 -mfloat-abi=hard -mthumb -o "Core/Src/stm32l4xx_it.o"
arm-none-eabi-gcc "../Core/Src/system_stm32l4xx.c" -mcpu=cortex-m4 -std=gnu11 -g3 -DDEBUG -DUSE_HAL_DRIVER -DSTM32L476xx -c -I../Core/Inc -I../Drivers/STM32L4xx_HAL_Driver/Inc -I../Drivers/STM32L4xx_HAL_Driver/Inc/Legacy -I../Drivers/CMSIS/Device/ST/STM32L4xx/Include -I../Drivers/CMSIS/Include -O0 -ffunction-sections -fdata-sections -Wall -fstack-usage -fcyclomatic-complexity -MMD -MP -MF"Core/Src/system_stm32l4xx.d" -MT"Core/Src/system_stm32l4xx.o" --specs=nano.specs -mfpu=fpv4-sp-d16 -mfloat-abi=hard -mthumb -o "Core/Src/system_stm32l4xx.o"
../Core/Src/Custom/actions.c: In function 'recv_request_code':
../Core/Src/Custom/actions.c:30:13: warning: unused variable 'data' [-Wunused-variable]
   30 |   code_data data = { fetch_code() };
      |             ^~~~
arm-none-eabi-gcc -o "integrates-on-board.elf" @"objects.list"   -mcpu=cortex-m4 -T"C:\Users\admin\Documents\team-2\repo\remote-submersible\code\tests\integrates-on-board\STM32L476RGTX_FLASH.ld" --specs=nosys.specs -Wl,-Map="integrates-on-board.map" -Wl,--gc-sections -static --specs=nano.specs -mfpu=fpv4-sp-d16 -mfloat-abi=hard -mthumb -Wl,--start-group -lc -lm -Wl,--end-group
Finished building target: integrates-on-board.elf
 
arm-none-eabi-size  integrates-on-board.elf 
arm-none-eabi-objdump -h -S integrates-on-board.elf  > "integrates-on-board.list"
   text	   data	    bss	    dec	    hex	filename
  22068	     44	   2448	  24560	   5ff0	integrates-on-board.elf
Finished building: default.size.stdout
 
Finished building: integrates-on-board.list
 
13:33:01 **** Incremental Build of configuration Debug for project integrates-on-board ****
make -j12 all 
arm-none-eabi-gcc "../Core/Src/Custom/main.c" -mcpu=cortex-m4 -std=gnu11 -g3 -DDEBUG -DUSE_HAL_DRIVER -DSTM32L476xx -c -I../Core/Inc -I../Drivers/STM32L4xx_HAL_Driver/Inc -I../Drivers/STM32L4xx_HAL_Driver/Inc/Legacy -I../Drivers/CMSIS/Device/ST/STM32L4xx/Include -I../Drivers/CMSIS/Include -O0 -ffunction-sections -fdata-sections -Wall -fstack-usage -fcyclomatic-complexity -MMD -MP -MF"Core/Src/Custom/main.d" -MT"Core/Src/Custom/main.o" --specs=nano.specs -mfpu=fpv4-sp-d16 -mfloat-abi=hard -mthumb -o "Core/Src/Custom/main.o"
arm-none-eabi-gcc -o "integrates-on-board.elf" @"objects.list"   -mcpu=cortex-m4 -T"C:\Users\admin\Documents\team-2\repo\remote-submersible\code\tests\integrates-on-board\STM32L476RGTX_FLASH.ld" --specs=nosys.specs -Wl,-Map="integrates-on-board.map" -Wl,--gc-sections -static --specs=nano.specs -mfpu=fpv4-sp-d16 -mfloat-abi=hard -mthumb -Wl,--start-group -lc -lm -Wl,--end-group
Finished building target: integrates-on-board.elf
 
arm-none-eabi-size  integrates-on-board.elf 
arm-none-eabi-objdump -h -S integrates-on-board.elf  > "integrates-on-board.list"
   text	   data	    bss	    dec	    hex	filename
  22076	     44	   2448	  24568	   5ff8	integrates-on-board.elf
Finished building: default.size.stdout
 
Finished building: integrates-on-board.list
 
13:34:34 **** Incremental Build of configuration Debug for project integrates-on-board ****
make -j12 all 
arm-none-eabi-gcc "../Core/Src/Custom/actions.c" -mcpu=cortex-m4 -std=gnu11 -g3 -DDEBUG -DUSE_HAL_DRIVER -DSTM32L476xx -c -I../Core/Inc -I../Drivers/STM32L4xx_HAL_Driver/Inc -I../Drivers/STM32L4xx_HAL_Driver/Inc/Legacy -I../Drivers/CMSIS/Device/ST/STM32L4xx/Include -I../Drivers/CMSIS/Include -O0 -ffunction-sections -fdata-sections -Wall -fstack-usage -fcyclomatic-complexity -MMD -MP -MF"Core/Src/Custom/actions.d" -MT"Core/Src/Custom/actions.o" --specs=nano.specs -mfpu=fpv4-sp-d16 -mfloat-abi=hard -mthumb -o "Core/Src/Custom/actions.o"
../Core/Src/Custom/actions.c: In function 'recv_request_code':
../Core/Src/Custom/actions.c:30:13: warning: unused variable 'data' [-Wunused-variable]
   30 |   code_data data = { fetch_code() };
      |             ^~~~
arm-none-eabi-gcc -o "integrates-on-board.elf" @"objects.list"   -mcpu=cortex-m4 -T"C:\Users\admin\Documents\team-2\repo\remote-submersible\code\tests\integrates-on-board\STM32L476RGTX_FLASH.ld" --specs=nosys.specs -Wl,-Map="integrates-on-board.map" -Wl,--gc-sections -static --specs=nano.specs -mfpu=fpv4-sp-d16 -mfloat-abi=hard -mthumb -Wl,--start-group -lc -lm -Wl,--end-group
Finished building target: integrates-on-board.elf
 
arm-none-eabi-size  integrates-on-board.elf 
arm-none-eabi-objdump -h -S integrates-on-board.elf  > "integrates-on-board.list"
   text	   data	    bss	    dec	    hex	filename
  22084	     44	   2448	  24576	   6000	integrates-on-board.elf
Finished building: default.size.stdout
 
Finished building: integrates-on-board.list
 
13:42:07 **** Incremental Build of configuration Debug for project integrates-on-board ****
make -j12 all 
arm-none-eabi-gcc "../Core/Src/Custom/actions.c" -mcpu=cortex-m4 -std=gnu11 -g3 -DDEBUG -DUSE_HAL_DRIVER -DSTM32L476xx -c -I../Core/Inc -I../Drivers/STM32L4xx_HAL_Driver/Inc -I../Drivers/STM32L4xx_HAL_Driver/Inc/Legacy -I../Drivers/CMSIS/Device/ST/STM32L4xx/Include -I../Drivers/CMSIS/Include -O0 -ffunction-sections -fdata-sections -Wall -fstack-usage -fcyclomatic-complexity -MMD -MP -MF"Core/Src/Custom/actions.d" -MT"Core/Src/Custom/actions.o" --specs=nano.specs -mfpu=fpv4-sp-d16 -mfloat-abi=hard -mthumb -o "Core/Src/Custom/actions.o"
arm-none-eabi-gcc "../Core/Src/main.c" -mcpu=cortex-m4 -std=gnu11 -g3 -DDEBUG -DUSE_HAL_DRIVER -DSTM32L476xx -c -I../Core/Inc -I../Drivers/STM32L4xx_HAL_Driver/Inc -I../Drivers/STM32L4xx_HAL_Driver/Inc/Legacy -I../Drivers/CMSIS/Device/ST/STM32L4xx/Include -I../Drivers/CMSIS/Include -O0 -ffunction-sections -fdata-sections -Wall -fstack-usage -fcyclomatic-complexity -MMD -MP -MF"Core/Src/main.d" -MT"Core/Src/main.o" --specs=nano.specs -mfpu=fpv4-sp-d16 -mfloat-abi=hard -mthumb -o "Core/Src/main.o"
../Core/Src/Custom/actions.c: In function 'recv_request_code':
../Core/Src/Custom/actions.c:30:13: warning: unused variable 'data' [-Wunused-variable]
   30 |   code_data data = { fetch_code() };
      |             ^~~~
arm-none-eabi-gcc -o "integrates-on-board.elf" @"objects.list"   -mcpu=cortex-m4 -T"C:\Users\admin\Documents\team-2\repo\remote-submersible\code\tests\integrates-on-board\STM32L476RGTX_FLASH.ld" --specs=nosys.specs -Wl,-Map="integrates-on-board.map" -Wl,--gc-sections -static --specs=nano.specs -mfpu=fpv4-sp-d16 -mfloat-abi=hard -mthumb -Wl,--start-group -lc -lm -Wl,--end-group
Finished building target: integrates-on-board.elf
 
arm-none-eabi-size  integrates-on-board.elf 
arm-none-eabi-objdump -h -S integrates-on-board.elf  > "integrates-on-board.list"
   text	   data	    bss	    dec	    hex	filename
  22272	     44	   2448	  24764	   60bc	integrates-on-board.elf
Finished building: default.size.stdout
 
Finished building: integrates-on-board.list
 
13:43:47 **** Incremental Build of configuration Debug for project integrates-on-board ****
make -j12 all 
arm-none-eabi-size  integrates-on-board.elf 
   text	   data	    bss	    dec	    hex	filename
  22272	     44	   2448	  24764	   60bc	integrates-on-board.elf
Finished building: default.size.stdout
 
13:46:54 **** Incremental Build of configuration Debug for project integrates-on-board ****
make -j12 all 
arm-none-eabi-size  integrates-on-board.elf 
   text	   data	    bss	    dec	    hex	filename
  22272	     44	   2448	  24764	   60bc	integrates-on-board.elf
Finished building: default.size.stdout
 
13:50:47 **** Incremental Build of configuration Debug for project integrates-on-board ****
make -j12 all 
arm-none-eabi-gcc "../Core/Src/main.c" -mcpu=cortex-m4 -std=gnu11 -g3 -DDEBUG -DUSE_HAL_DRIVER -DSTM32L476xx -c -I../Core/Inc -I../Drivers/STM32L4xx_HAL_Driver/Inc -I../Drivers/STM32L4xx_HAL_Driver/Inc/Legacy -I../Drivers/CMSIS/Device/ST/STM32L4xx/Include -I../Drivers/CMSIS/Include -O0 -ffunction-sections -fdata-sections -Wall -fstack-usage -fcyclomatic-complexity -MMD -MP -MF"Core/Src/main.d" -MT"Core/Src/main.o" --specs=nano.specs -mfpu=fpv4-sp-d16 -mfloat-abi=hard -mthumb -o "Core/Src/main.o"
arm-none-eabi-gcc -o "integrates-on-board.elf" @"objects.list"   -mcpu=cortex-m4 -T"C:\Users\admin\Documents\team-2\repo\remote-submersible\code\tests\integrates-on-board\STM32L476RGTX_FLASH.ld" --specs=nosys.specs -Wl,-Map="integrates-on-board.map" -Wl,--gc-sections -static --specs=nano.specs -mfpu=fpv4-sp-d16 -mfloat-abi=hard -mthumb -Wl,--start-group -lc -lm -Wl,--end-group
Finished building target: integrates-on-board.elf
 
arm-none-eabi-size  integrates-on-board.elf 
arm-none-eabi-objdump -h -S integrates-on-board.elf  > "integrates-on-board.list"
   text	   data	    bss	    dec	    hex	filename
  22076	     44	   2448	  24568	   5ff8	integrates-on-board.elf
Finished building: default.size.stdout
 
Finished building: integrates-on-board.list
 
13:52:44 **** Incremental Build of configuration Debug for project integrates-on-board ****
make -j12 all 
arm-none-eabi-size  integrates-on-board.elf 
   text	   data	    bss	    dec	    hex	filename
  22076	     44	   2448	  24568	   5ff8	integrates-on-board.elf
Finished building: default.size.stdout
 
13:54:05 **** Incremental Build of configuration Debug for project integrates-on-board ****
make -j12 all 
arm-none-eabi-size  integrates-on-board.elf 
   text	   data	    bss	    dec	    hex	filename
  22076	     44	   2448	  24568	   5ff8	integrates-on-board.elf
Finished building: default.size.stdout
 
13:56:05 **** Incremental Build of configuration Debug for project integrates-on-board ****
make -j12 all 
arm-none-eabi-size  integrates-on-board.elf 
   text	   data	    bss	    dec	    hex	filename
  22076	     44	   2448	  24568	   5ff8	integrates-on-board.elf
Finished building: default.size.stdout
 
13:57:31 **** Incremental Build of configuration Debug for project integrates-on-board ****
make -j12 all 
arm-none-eabi-size  integrates-on-board.elf 
   text	   data	    bss	    dec	    hex	filename
  22076	     44	   2448	  24568	   5ff8	integrates-on-board.elf
Finished building: default.size.stdout
 
13:59:06 **** Incremental Build of configuration Debug for project integrates-on-board ****
make -j12 all 
arm-none-eabi-size  integrates-on-board.elf 
   text	   data	    bss	    dec	    hex	filename
  22076	     44	   2448	  24568	   5ff8	integrates-on-board.elf
Finished building: default.size.stdout
 
14:00:26 **** Incremental Build of configuration Debug for project integrates-on-board ****
make -j12 all 
arm-none-eabi-gcc "../Core/Src/Custom/main.c" -mcpu=cortex-m4 -std=gnu11 -g3 -DDEBUG -DUSE_HAL_DRIVER -DSTM32L476xx -c -I../Core/Inc -I../Drivers/STM32L4xx_HAL_Driver/Inc -I../Drivers/STM32L4xx_HAL_Driver/Inc/Legacy -I../Drivers/CMSIS/Device/ST/STM32L4xx/Include -I../Drivers/CMSIS/Include -O0 -ffunction-sections -fdata-sections -Wall -fstack-usage -fcyclomatic-complexity -MMD -MP -MF"Core/Src/Custom/main.d" -MT"Core/Src/Custom/main.o" --specs=nano.specs -mfpu=fpv4-sp-d16 -mfloat-abi=hard -mthumb -o "Core/Src/Custom/main.o"
arm-none-eabi-gcc -o "integrates-on-board.elf" @"objects.list"   -mcpu=cortex-m4 -T"C:\Users\admin\Documents\team-2\repo\remote-submersible\code\tests\integrates-on-board\STM32L476RGTX_FLASH.ld" --specs=nosys.specs -Wl,-Map="integrates-on-board.map" -Wl,--gc-sections -static --specs=nano.specs -mfpu=fpv4-sp-d16 -mfloat-abi=hard -mthumb -Wl,--start-group -lc -lm -Wl,--end-group
Finished building target: integrates-on-board.elf
 
arm-none-eabi-size  integrates-on-board.elf 
arm-none-eabi-objdump -h -S integrates-on-board.elf  > "integrates-on-board.list"
   text	   data	    bss	    dec	    hex	filename
  22080	     44	   2448	  24572	   5ffc	integrates-on-board.elf
Finished building: default.size.stdout
 
Finished building: integrates-on-board.list
 
14:07:33 **** Incremental Build of configuration Debug for project integrates-on-board ****
make -j12 all 
arm-none-eabi-size  integrates-on-board.elf 
   text	   data	    bss	    dec	    hex	filename
  22080	     44	   2448	  24572	   5ffc	integrates-on-board.elf
Finished building: default.size.stdout
 
14:09:31 **** Incremental Build of configuration Debug for project integrates-on-board ****
make -j12 all 
arm-none-eabi-size  integrates-on-board.elf 
   text	   data	    bss	    dec	    hex	filename
  22080	     44	   2448	  24572	   5ffc	integrates-on-board.elf
Finished building: default.size.stdout
 
14:12:48 **** Incremental Build of configuration Debug for project integrates-on-board ****
make -j12 all 
arm-none-eabi-size  integrates-on-board.elf 
   text	   data	    bss	    dec	    hex	filename
  22080	     44	   2448	  24572	   5ffc	integrates-on-board.elf
Finished building: default.size.stdout
 
14:13:50 **** Incremental Build of configuration Debug for project integrates-on-board ****
make -j12 all 
arm-none-eabi-size  integrates-on-board.elf 
   text	   data	    bss	    dec	    hex	filename
  22080	     44	   2448	  24572	   5ffc	integrates-on-board.elf
Finished building: default.size.stdout
 
14:15:44 **** Incremental Build of configuration Debug for project integrates-on-board ****
make -j12 all 
arm-none-eabi-size  integrates-on-board.elf 
   text	   data	    bss	    dec	    hex	filename
  22080	     44	   2448	  24572	   5ffc	integrates-on-board.elf
Finished building: default.size.stdout
 
14:24:18 **** Incremental Build of configuration Debug for project integrates-on-board ****
make -j12 all 
arm-none-eabi-size  integrates-on-board.elf 
   text	   data	    bss	    dec	    hex	filename
  22080	     44	   2448	  24572	   5ffc	integrates-on-board.elf
Finished building: default.size.stdout
 
14:25:59 **** Incremental Build of configuration Debug for project integrates-on-board ****
make -j12 all 
arm-none-eabi-size  integrates-on-board.elf 
   text	   data	    bss	    dec	    hex	filename
  22080	     44	   2448	  24572	   5ffc	integrates-on-board.elf
Finished building: default.size.stdout
 
14:32:12 **** Incremental Build of configuration Debug for project integrates-on-board ****
make -j12 all 
arm-none-eabi-gcc "../Core/Src/Lib/lora.c" -mcpu=cortex-m4 -std=gnu11 -g3 -DDEBUG -DUSE_HAL_DRIVER -DSTM32L476xx -c -I../Core/Inc -I../Drivers/STM32L4xx_HAL_Driver/Inc -I../Drivers/STM32L4xx_HAL_Driver/Inc/Legacy -I../Drivers/CMSIS/Device/ST/STM32L4xx/Include -I../Drivers/CMSIS/Include -O0 -ffunction-sections -fdata-sections -Wall -fstack-usage -fcyclomatic-complexity -MMD -MP -MF"Core/Src/Lib/lora.d" -MT"Core/Src/Lib/lora.o" --specs=nano.specs -mfpu=fpv4-sp-d16 -mfloat-abi=hard -mthumb -o "Core/Src/Lib/lora.o"
arm-none-eabi-gcc "../Core/Src/Custom/main.c" -mcpu=cortex-m4 -std=gnu11 -g3 -DDEBUG -DUSE_HAL_DRIVER -DSTM32L476xx -c -I../Core/Inc -I../Drivers/STM32L4xx_HAL_Driver/Inc -I../Drivers/STM32L4xx_HAL_Driver/Inc/Legacy -I../Drivers/CMSIS/Device/ST/STM32L4xx/Include -I../Drivers/CMSIS/Include -O0 -ffunction-sections -fdata-sections -Wall -fstack-usage -fcyclomatic-complexity -MMD -MP -MF"Core/Src/Custom/main.d" -MT"Core/Src/Custom/main.o" --specs=nano.specs -mfpu=fpv4-sp-d16 -mfloat-abi=hard -mthumb -o "Core/Src/Custom/main.o"
arm-none-eabi-gcc -o "integrates-on-board.elf" @"objects.list"   -mcpu=cortex-m4 -T"C:\Users\admin\Documents\team-2\repo\remote-submersible\code\tests\integrates-on-board\STM32L476RGTX_FLASH.ld" --specs=nosys.specs -Wl,-Map="integrates-on-board.map" -Wl,--gc-sections -static --specs=nano.specs -mfpu=fpv4-sp-d16 -mfloat-abi=hard -mthumb -Wl,--start-group -lc -lm -Wl,--end-group
Finished building target: integrates-on-board.elf
 
arm-none-eabi-size  integrates-on-board.elf 
arm-none-eabi-objdump -h -S integrates-on-board.elf  > "integrates-on-board.list"
   text	   data	    bss	    dec	    hex	filename
  22096	     44	   2448	  24588	   600c	integrates-on-board.elf
Finished building: default.size.stdout
 
Finished building: integrates-on-board.list
 
14:32:28 **** Incremental Build of configuration Debug for project integrates-on-board ****
make -j12 all 
arm-none-eabi-size  integrates-on-board.elf 
   text	   data	    bss	    dec	    hex	filename
  22096	     44	   2448	  24588	   600c	integrates-on-board.elf
Finished building: default.size.stdout
 
14:34:45 **** Incremental Build of configuration Debug for project integrates-on-board ****
make -j12 all 
arm-none-eabi-size  integrates-on-board.elf 
   text	   data	    bss	    dec	    hex	filename
  22096	     44	   2448	  24588	   600c	integrates-on-board.elf
Finished building: default.size.stdout
 
14:42:28 **** Incremental Build of configuration Debug for project integrates-on-board ****
make -j12 all 
arm-none-eabi-size  integrates-on-board.elf 
   text	   data	    bss	    dec	    hex	filename
  22096	     44	   2448	  24588	   600c	integrates-on-board.elf
Finished building: default.size.stdout
 
14:50:08 **** Incremental Build of configuration Debug for project integrates-on-board ****
make -j12 all 
arm-none-eabi-gcc "../Core/Src/Lib/action-mgr.c" -mcpu=cortex-m4 -std=gnu11 -g3 -DDEBUG -DUSE_HAL_DRIVER -DSTM32L476xx -c -I../Core/Inc -I../Drivers/STM32L4xx_HAL_Driver/Inc -I../Drivers/STM32L4xx_HAL_Driver/Inc/Legacy -I../Drivers/CMSIS/Device/ST/STM32L4xx/Include -I../Drivers/CMSIS/Include -O0 -ffunction-sections -fdata-sections -Wall -fstack-usage -fcyclomatic-complexity -MMD -MP -MF"Core/Src/Lib/action-mgr.d" -MT"Core/Src/Lib/action-mgr.o" --specs=nano.specs -mfpu=fpv4-sp-d16 -mfloat-abi=hard -mthumb -o "Core/Src/Lib/action-mgr.o"
arm-none-eabi-gcc "../Core/Src/Custom/actions.c" -mcpu=cortex-m4 -std=gnu11 -g3 -DDEBUG -DUSE_HAL_DRIVER -DSTM32L476xx -c -I../Core/Inc -I../Drivers/STM32L4xx_HAL_Driver/Inc -I../Drivers/STM32L4xx_HAL_Driver/Inc/Legacy -I../Drivers/CMSIS/Device/ST/STM32L4xx/Include -I../Drivers/CMSIS/Include -O0 -ffunction-sections -fdata-sections -Wall -fstack-usage -fcyclomatic-complexity -MMD -MP -MF"Core/Src/Custom/actions.d" -MT"Core/Src/Custom/actions.o" --specs=nano.specs -mfpu=fpv4-sp-d16 -mfloat-abi=hard -mthumb -o "Core/Src/Custom/actions.o"
../Core/Src/Custom/actions.c: In function 'recv_request_code':
../Core/Src/Custom/actions.c:30:13: warning: unused variable 'data' [-Wunused-variable]
   30 |   code_data data = { fetch_code() };
      |             ^~~~
arm-none-eabi-gcc -o "integrates-on-board.elf" @"objects.list"   -mcpu=cortex-m4 -T"C:\Users\admin\Documents\team-2\repo\remote-submersible\code\tests\integrates-on-board\STM32L476RGTX_FLASH.ld" --specs=nosys.specs -Wl,-Map="integrates-on-board.map" -Wl,--gc-sections -static --specs=nano.specs -mfpu=fpv4-sp-d16 -mfloat-abi=hard -mthumb -Wl,--start-group -lc -lm -Wl,--end-group
Finished building target: integrates-on-board.elf
 
arm-none-eabi-size  integrates-on-board.elf 
arm-none-eabi-objdump -h -S integrates-on-board.elf  > "integrates-on-board.list"
   text	   data	    bss	    dec	    hex	filename
  22108	     44	   2448	  24600	   6018	integrates-on-board.elf
Finished building: default.size.stdout
 
Finished building: integrates-on-board.list
 
