21:37:42 **** Incremental Build of configuration Debug for project integrates-on-board ****
make -j12 all 
arm-none-eabi-gcc "../Core/Src/Lib/communication.c" -mcpu=cortex-m4 -std=gnu11 -g3 -DDEBUG -DUSE_HAL_DRIVER -DSTM32L476xx -c -I../Core/Inc -I../Drivers/STM32L4xx_HAL_Driver/Inc -I../Drivers/STM32L4xx_HAL_Driver/Inc/Legacy -I../Drivers/CMSIS/Device/ST/STM32L4xx/Include -I../Drivers/CMSIS/Include -O0 -ffunction-sections -fdata-sections -Wall -fstack-usage -fcyclomatic-complexity -MMD -MP -MF"Core/Src/Lib/communication.d" -MT"Core/Src/Lib/communication.o" --specs=nano.specs -mfpu=fpv4-sp-d16 -mfloat-abi=hard -mthumb -o "Core/Src/Lib/communication.o"
arm-none-eabi-gcc "../Core/Src/Custom/actions.c" -mcpu=cortex-m4 -std=gnu11 -g3 -DDEBUG -DUSE_HAL_DRIVER -DSTM32L476xx -c -I../Core/Inc -I../Drivers/STM32L4xx_HAL_Driver/Inc -I../Drivers/STM32L4xx_HAL_Driver/Inc/Legacy -I../Drivers/CMSIS/Device/ST/STM32L4xx/Include -I../Drivers/CMSIS/Include -O0 -ffunction-sections -fdata-sections -Wall -fstack-usage -fcyclomatic-complexity -MMD -MP -MF"Core/Src/Custom/actions.d" -MT"Core/Src/Custom/actions.o" --specs=nano.specs -mfpu=fpv4-sp-d16 -mfloat-abi=hard -mthumb -o "Core/Src/Custom/actions.o"
arm-none-eabi-gcc "../Core/Src/Custom/main.c" -mcpu=cortex-m4 -std=gnu11 -g3 -DDEBUG -DUSE_HAL_DRIVER -DSTM32L476xx -c -I../Core/Inc -I../Drivers/STM32L4xx_HAL_Driver/Inc -I../Drivers/STM32L4xx_HAL_Driver/Inc/Legacy -I../Drivers/CMSIS/Device/ST/STM32L4xx/Include -I../Drivers/CMSIS/Include -O0 -ffunction-sections -fdata-sections -Wall -fstack-usage -fcyclomatic-complexity -MMD -MP -MF"Core/Src/Custom/main.d" -MT"Core/Src/Custom/main.o" --specs=nano.specs -mfpu=fpv4-sp-d16 -mfloat-abi=hard -mthumb -o "Core/Src/Custom/main.o"
../Core/Src/Lib/communication.c: In function 'on_recv':
../Core/Src/Lib/communication.c:65:18: warning: variable 'data' set but not used [-Wunused-but-set-variable]
   65 |   propeller_data data;
      |                  ^~~~
arm-none-eabi-gcc -o "integrates-on-board.elf" @"objects.list"   -mcpu=cortex-m4 -T"C:\Users\admin\Documents\team-2\repo\remote-submersible\code\tests\integrates-on-board\STM32L476RGTX_FLASH.ld" --specs=nosys.specs -Wl,-Map="integrates-on-board.map" -Wl,--gc-sections -static --specs=nano.specs -mfpu=fpv4-sp-d16 -mfloat-abi=hard -mthumb -Wl,--start-group -lc -lm -Wl,--end-group
Finished building target: integrates-on-board.elf
 
arm-none-eabi-size  integrates-on-board.elf 
arm-none-eabi-objdump -h -S integrates-on-board.elf  > "integrates-on-board.list"
   text	   data	    bss	    dec	    hex	filename
  23920	     44	   2696	  26660	   6824	integrates-on-board.elf
Finished building: default.size.stdout
 
Finished building: integrates-on-board.list
 

21:37:44 Build Finished. 0 errors, 1 warnings. (took 2s.279ms)

