10:43:34 **** Incremental Build of configuration Debug for project test-lora-off-board2 ****
make -j12 all 
arm-none-eabi-gcc "../Core/Src/main.c" -mcpu=cortex-m4 -std=gnu11 -g3 -DDEBUG -DUSE_HAL_DRIVER -DSTM32L476xx -c -I../Core/Inc -I../Drivers/STM32L4xx_HAL_Driver/Inc -I../Drivers/STM32L4xx_HAL_Driver/Inc/Legacy -I../Drivers/CMSIS/Device/ST/STM32L4xx/Include -I../Drivers/CMSIS/Include -O0 -ffunction-sections -fdata-sections -Wall -fstack-usage -fcyclomatic-complexity -MMD -MP -MF"Core/Src/main.d" -MT"Core/Src/main.o" --specs=nano.specs -mfpu=fpv4-sp-d16 -mfloat-abi=hard -mthumb -o "Core/Src/main.o"
arm-none-eabi-gcc -o "test-lora-off-board2.elf" @"objects.list"   -mcpu=cortex-m4 -T"C:\Users\admin\Documents\team-2\repo\remote-submersible\code\tests\test-lora-off-board2\STM32L476RGTX_FLASH.ld" --specs=nosys.specs -Wl,-Map="test-lora-off-board2.map" -Wl,--gc-sections -static --specs=nano.specs -mfpu=fpv4-sp-d16 -mfloat-abi=hard -mthumb -Wl,--start-group -lc -lm -Wl,--end-group
Finished building target: test-lora-off-board2.elf
 
arm-none-eabi-size  test-lora-off-board2.elf 
arm-none-eabi-objdump -h -S test-lora-off-board2.elf  > "test-lora-off-board2.list"
   text	   data	    bss	    dec	    hex	filename
  12572	     12	   1748	  14332	   37fc	test-lora-off-board2.elf
Finished building: default.size.stdout
 
Finished building: test-lora-off-board2.list
 

10:43:35 Build Finished. 0 errors, 0 warnings. (took 1s.392ms)

