../Core/Src/Lib/lora.c:47:20:start_transaction	16	static
../Core/Src/Lib/lora.c:52:20:end_transaction	16	static
../Core/Src/Lib/lora.c:57:20:spi_transmit	24	static
../Core/Src/Lib/lora.c:62:20:spi_receive	24	static
../Core/Src/Lib/lora.c:67:20:spi_receive_it	24	static
../Core/Src/Lib/lora.c:72:13:read_bytes	32	static
../Core/Src/Lib/lora.c:83:13:read_bytes_it	32	static
../Core/Src/Lib/lora.c:94:13:write_bytes	32	static
../Core/Src/Lib/lora.c:105:13:write_byte	16	static
../Core/Src/Lib/lora.c:110:6:lora_setup	24	static
../Core/Src/Lib/lora.c:132:6:lora_configure_modem	24	static
../Core/Src/Lib/lora.c:140:6:lora_set_tx_power	16	static
../Core/Src/Lib/lora.c:161:6:lora_maximise_tx_power	16	static
../Core/Src/Lib/lora.c:166:6:lora_set_frequency	48	static
../Core/Src/Lib/lora.c:177:6:lora_set_preamble_length	16	static
../Core/Src/Lib/lora.c:182:9:lora_rx_size	24	static
../Core/Src/Lib/lora.c:188:6:lora_rx_reset_buffer	16	static
../Core/Src/Lib/lora.c:192:6:lora_rx_point_next_packet	24	static
../Core/Src/Lib/lora.c:199:9:lora_receive	32	static
../Core/Src/Lib/lora.c:215:6:lora_receive_async	24	static
../Core/Src/Lib/lora.c:219:6:lora_send	24	static
../Core/Src/Lib/lora.c:238:9:lora_mode	24	static
../Core/Src/Lib/lora.c:245:13:lora_set_mode	24	static
../Core/Src/Lib/lora.c:253:6:lora_mode_standby	16	static
../Core/Src/Lib/lora.c:257:6:lora_mode_sleep	16	static
../Core/Src/Lib/lora.c:261:6:lora_mode_rx	16	static
../Core/Src/Lib/lora.c:266:6:lora_mode_tx	16	static
../Core/Src/Lib/lora.c:271:6:lora_mode_cad	16	static
../Core/Src/Lib/lora.c:276:6:lora_test_irq	24	static
../Core/Src/Lib/lora.c:282:6:lora_test_irq_clear	24	static
../Core/Src/Lib/lora.c:289:6:lora_irq_clear	16	static
../Core/Src/Lib/lora.c:294:6:lora_test_modem_status	24	static
