Archive member included to satisfy reference by file (symbol)

C:/ST/STM32CubeIDE_1.16.0/STM32CubeIDE/plugins/com.st.stm32cube.ide.mcu.externaltools.gnu-tools-for-stm32.12.3.rel1.win32_1.0.200.202406191623/tools/bin/../lib/gcc/arm-none-eabi/12.3.1/../../../../arm-none-eabi/lib/thumb/v7e-m+fp/hard\libc_nano.a(libc_a-exit.o)
                              C:/ST/STM32CubeIDE_1.16.0/STM32CubeIDE/plugins/com.st.stm32cube.ide.mcu.externaltools.gnu-tools-for-stm32.12.3.rel1.win32_1.0.200.202406191623/tools/bin/../lib/gcc/arm-none-eabi/12.3.1/../../../../arm-none-eabi/lib/thumb/v7e-m+fp/hard/crt0.o (exit)
C:/ST/STM32CubeIDE_1.16.0/STM32CubeIDE/plugins/com.st.stm32cube.ide.mcu.externaltools.gnu-tools-for-stm32.12.3.rel1.win32_1.0.200.202406191623/tools/bin/../lib/gcc/arm-none-eabi/12.3.1/../../../../arm-none-eabi/lib/thumb/v7e-m+fp/hard\libc_nano.a(libc_a-findfp.o)
                              C:/ST/STM32CubeIDE_1.16.0/STM32CubeIDE/plugins/com.st.stm32cube.ide.mcu.externaltools.gnu-tools-for-stm32.12.3.rel1.win32_1.0.200.202406191623/tools/bin/../lib/gcc/arm-none-eabi/12.3.1/../../../../arm-none-eabi/lib/thumb/v7e-m+fp/hard\libc_nano.a(libc_a-exit.o) (__stdio_exit_handler)
C:/ST/STM32CubeIDE_1.16.0/STM32CubeIDE/plugins/com.st.stm32cube.ide.mcu.externaltools.gnu-tools-for-stm32.12.3.rel1.win32_1.0.200.202406191623/tools/bin/../lib/gcc/arm-none-eabi/12.3.1/../../../../arm-none-eabi/lib/thumb/v7e-m+fp/hard\libc_nano.a(libc_a-fwalk.o)
                              C:/ST/STM32CubeIDE_1.16.0/STM32CubeIDE/plugins/com.st.stm32cube.ide.mcu.externaltools.gnu-tools-for-stm32.12.3.rel1.win32_1.0.200.202406191623/tools/bin/../lib/gcc/arm-none-eabi/12.3.1/../../../../arm-none-eabi/lib/thumb/v7e-m+fp/hard\libc_nano.a(libc_a-findfp.o) (_fwalk_sglue)
C:/ST/STM32CubeIDE_1.16.0/STM32CubeIDE/plugins/com.st.stm32cube.ide.mcu.externaltools.gnu-tools-for-stm32.12.3.rel1.win32_1.0.200.202406191623/tools/bin/../lib/gcc/arm-none-eabi/12.3.1/../../../../arm-none-eabi/lib/thumb/v7e-m+fp/hard\libc_nano.a(libc_a-stdio.o)
                              C:/ST/STM32CubeIDE_1.16.0/STM32CubeIDE/plugins/com.st.stm32cube.ide.mcu.externaltools.gnu-tools-for-stm32.12.3.rel1.win32_1.0.200.202406191623/tools/bin/../lib/gcc/arm-none-eabi/12.3.1/../../../../arm-none-eabi/lib/thumb/v7e-m+fp/hard\libc_nano.a(libc_a-findfp.o) (__sread)
C:/ST/STM32CubeIDE_1.16.0/STM32CubeIDE/plugins/com.st.stm32cube.ide.mcu.externaltools.gnu-tools-for-stm32.12.3.rel1.win32_1.0.200.202406191623/tools/bin/../lib/gcc/arm-none-eabi/12.3.1/../../../../arm-none-eabi/lib/thumb/v7e-m+fp/hard\libc_nano.a(libc_a-memset.o)
                              C:/ST/STM32CubeIDE_1.16.0/STM32CubeIDE/plugins/com.st.stm32cube.ide.mcu.externaltools.gnu-tools-for-stm32.12.3.rel1.win32_1.0.200.202406191623/tools/bin/../lib/gcc/arm-none-eabi/12.3.1/../../../../arm-none-eabi/lib/thumb/v7e-m+fp/hard/crt0.o (memset)
C:/ST/STM32CubeIDE_1.16.0/STM32CubeIDE/plugins/com.st.stm32cube.ide.mcu.externaltools.gnu-tools-for-stm32.12.3.rel1.win32_1.0.200.202406191623/tools/bin/../lib/gcc/arm-none-eabi/12.3.1/../../../../arm-none-eabi/lib/thumb/v7e-m+fp/hard\libc_nano.a(libc_a-closer.o)
                              C:/ST/STM32CubeIDE_1.16.0/STM32CubeIDE/plugins/com.st.stm32cube.ide.mcu.externaltools.gnu-tools-for-stm32.12.3.rel1.win32_1.0.200.202406191623/tools/bin/../lib/gcc/arm-none-eabi/12.3.1/../../../../arm-none-eabi/lib/thumb/v7e-m+fp/hard\libc_nano.a(libc_a-stdio.o) (_close_r)
C:/ST/STM32CubeIDE_1.16.0/STM32CubeIDE/plugins/com.st.stm32cube.ide.mcu.externaltools.gnu-tools-for-stm32.12.3.rel1.win32_1.0.200.202406191623/tools/bin/../lib/gcc/arm-none-eabi/12.3.1/../../../../arm-none-eabi/lib/thumb/v7e-m+fp/hard\libc_nano.a(libc_a-reent.o)
                              C:/ST/STM32CubeIDE_1.16.0/STM32CubeIDE/plugins/com.st.stm32cube.ide.mcu.externaltools.gnu-tools-for-stm32.12.3.rel1.win32_1.0.200.202406191623/tools/bin/../lib/gcc/arm-none-eabi/12.3.1/../../../../arm-none-eabi/lib/thumb/v7e-m+fp/hard\libc_nano.a(libc_a-closer.o) (errno)
C:/ST/STM32CubeIDE_1.16.0/STM32CubeIDE/plugins/com.st.stm32cube.ide.mcu.externaltools.gnu-tools-for-stm32.12.3.rel1.win32_1.0.200.202406191623/tools/bin/../lib/gcc/arm-none-eabi/12.3.1/../../../../arm-none-eabi/lib/thumb/v7e-m+fp/hard\libc_nano.a(libc_a-impure.o)
                              C:/ST/STM32CubeIDE_1.16.0/STM32CubeIDE/plugins/com.st.stm32cube.ide.mcu.externaltools.gnu-tools-for-stm32.12.3.rel1.win32_1.0.200.202406191623/tools/bin/../lib/gcc/arm-none-eabi/12.3.1/../../../../arm-none-eabi/lib/thumb/v7e-m+fp/hard\libc_nano.a(libc_a-reent.o) (_impure_ptr)
C:/ST/STM32CubeIDE_1.16.0/STM32CubeIDE/plugins/com.st.stm32cube.ide.mcu.externaltools.gnu-tools-for-stm32.12.3.rel1.win32_1.0.200.202406191623/tools/bin/../lib/gcc/arm-none-eabi/12.3.1/../../../../arm-none-eabi/lib/thumb/v7e-m+fp/hard\libc_nano.a(libc_a-lseekr.o)
[...]
Memory Configuration

Name             Origin             Length             Attributes
RAM              0x20000000         0x00018000         xrw
RAM2             0x10000000         0x00008000         xrw
FLASH            0x08000000         0x00100000         xr
*default*        0x00000000         0xffffffff

Linker script and memory map

LOAD C:/ST/STM32CubeIDE_1.16.0/STM32CubeIDE/plugins/com.st.stm32cube.ide.mcu.externaltools.gnu-tools-for-stm32.12.3.rel1.win32_1.0.200.202406191623/tools/bin/../lib/gcc/arm-none-eabi/12.3.1/thumb/v7e-m+fp/hard/crti.o
LOAD C:/ST/STM32CubeIDE_1.16.0/STM32CubeIDE/plugins/com.st.stm32cube.ide.mcu.externaltools.gnu-tools-for-stm32.12.3.rel1.win32_1.0.200.202406191623/tools/bin/../lib/gcc/arm-none-eabi/12.3.1/thumb/v7e-m+fp/hard/crtbegin.o
LOAD C:/ST/STM32CubeIDE_1.16.0/STM32CubeIDE/plugins/com.st.stm32cube.ide.mcu.externaltools.gnu-tools-for-stm32.12.3.rel1.win32_1.0.200.202406191623/tools/bin/../lib/gcc/arm-none-eabi/12.3.1/../../../../arm-none-eabi/lib/thumb/v7e-m+fp/hard/crt0.o
LOAD ./Core/Src/Custom/actions.o
LOAD ./Core/Src/Custom/main.o
LOAD ./Core/Src/Custom/pins.o
LOAD ./Core/Src/Lib/action-mgr.o
LOAD ./Core/Src/Lib/communication.o
LOAD ./Core/Src/Lib/dc-motor.o
LOAD ./Core/Src/Lib/lora.o
LOAD ./Core/Src/Lib/stepper-motor-event.o
LOAD ./Core/Src/Lib/stepper-motor.o
LOAD ./Core/Src/Lib/stored-code.o
LOAD ./Core/Src/Lib/util.o
LOAD ./Core/Src/main.o
LOAD ./Core/Src/stm32l4xx_hal_msp.o
LOAD ./Core/Src/stm32l4xx_it.o
LOAD ./Core/Src/syscalls.o
LOAD ./Core/Src/sysmem.o
LOAD ./Core/Src/system_stm32l4xx.o
LOAD ./Core/Startup/startup_stm32l476rgtx.o
LOAD ./Drivers/STM32L4xx_HAL_Driver/Src/stm32l4xx_hal.o
LOAD ./Drivers/STM32L4xx_HAL_Driver/Src/stm32l4xx_hal_cortex.o
LOAD ./Drivers/STM32L4xx_HAL_Driver/Src/stm32l4xx_hal_dma.o
LOAD ./Drivers/STM32L4xx_HAL_Driver/Src/stm32l4xx_hal_dma_ex.o
LOAD ./Drivers/STM32L4xx_HAL_Driver/Src/stm32l4xx_hal_exti.o
LOAD ./Drivers/STM32L4xx_HAL_Driver/Src/stm32l4xx_hal_flash.o
LOAD ./Drivers/STM32L4xx_HAL_Driver/Src/stm32l4xx_hal_flash_ex.o
LOAD ./Drivers/STM32L4xx_HAL_Driver/Src/stm32l4xx_hal_flash_ramfunc.o
LOAD ./Drivers/STM32L4xx_HAL_Driver/Src/stm32l4xx_hal_gpio.o
LOAD ./Drivers/STM32L4xx_HAL_Driver/Src/stm32l4xx_hal_i2c.o
LOAD ./Drivers/STM32L4xx_HAL_Driver/Src/stm32l4xx_hal_i2c_ex.o
LOAD ./Drivers/STM32L4xx_HAL_Driver/Src/stm32l4xx_hal_pwr.o
LOAD ./Drivers/STM32L4xx_HAL_Driver/Src/stm32l4xx_hal_pwr_ex.o
LOAD ./Drivers/STM32L4xx_HAL_Driver/Src/stm32l4xx_hal_rcc.o
LOAD ./Drivers/STM32L4xx_HAL_Driver/Src/stm32l4xx_hal_rcc_ex.o
LOAD ./Drivers/STM32L4xx_HAL_Driver/Src/stm32l4xx_hal_spi.o
LOAD ./Drivers/STM32L4xx_HAL_Driver/Src/stm32l4xx_hal_spi_ex.o
LOAD ./Drivers/STM32L4xx_HAL_Driver/Src/stm32l4xx_hal_tim.o
LOAD ./Drivers/STM32L4xx_HAL_Driver/Src/stm32l4xx_hal_tim_ex.o
START GROUP
LOAD C:/ST/STM32CubeIDE_1.16.0/STM32CubeIDE/plugins/com.st.stm32cube.ide.mcu.externaltools.gnu-tools-for-stm32.12.3.rel1.win32_1.0.200.202406191623/tools/bin/../lib/gcc/arm-none-eabi/12.3.1/../../../../arm-none-eabi/lib/thumb/v7e-m+fp/hard\libc_nano.a
LOAD C:/ST/STM32CubeIDE_1.16.0/STM32CubeIDE/plugins/com.st.stm32cube.ide.mcu.externaltools.gnu-tools-for-stm32.12.3.rel1.win32_1.0.200.202406191623/tools/bin/../lib/gcc/arm-none-eabi/12.3.1/../../../../arm-none-eabi/lib/thumb/v7e-m+fp/hard\libm.a
END GROUP
START GROUP
LOAD C:/ST/STM32CubeIDE_1.16.0/STM32CubeIDE/plugins/com.st.stm32cube.ide.mcu.externaltools.gnu-tools-for-stm32.12.3.rel1.win32_1.0.200.202406191623/tools/bin/../lib/gcc/arm-none-eabi/12.3.1/thumb/v7e-m+fp/hard\libgcc.a
LOAD C:/ST/STM32CubeIDE_1.16.0/STM32CubeIDE/plugins/com.st.stm32cube.ide.mcu.externaltools.gnu-tools-for-stm32.12.3.rel1.win32_1.0.200.202406191623/tools/bin/../lib/gcc/arm-none-eabi/12.3.1/../../../../arm-none-eabi/lib/thumb/v7e-m+fp/hard\libc_nano.a
END GROUP
START GROUP
LOAD C:/ST/STM32CubeIDE_1.16.0/STM32CubeIDE/plugins/com.st.stm32cube.ide.mcu.externaltools.gnu-tools-for-stm32.12.3.rel1.win32_1.0.200.202406191623/tools/bin/../lib/gcc/arm-none-eabi/12.3.1/thumb/v7e-m+fp/hard\libgcc.a
LOAD C:/ST/STM32CubeIDE_1.16.0/STM32CubeIDE/plugins/com.st.stm32cube.ide.mcu.externaltools.gnu-tools-for-stm32.12.3.rel1.win32_1.0.200.202406191623/tools/bin/../lib/gcc/arm-none-eabi/12.3.1/../../../../arm-none-eabi/lib/thumb/v7e-m+fp/hard\libc_nano.a
LOAD C:/ST/STM32CubeIDE_1.16.0/STM32CubeIDE/plugins/com.st.stm32cube.ide.mcu.externaltools.gnu-tools-for-stm32.12.3.rel1.win32_1.0.200.202406191623/tools/bin/../lib/gcc/arm-none-eabi/12.3.1/../../../../arm-none-eabi/lib/thumb/v7e-m+fp/hard\libnosys.a
END GROUP
START GROUP
LOAD C:/ST/STM32CubeIDE_1.16.0/STM32CubeIDE/plugins/com.st.stm32cube.ide.mcu.externaltools.gnu-tools-for-stm32.12.3.rel1.win32_1.0.200.202406191623/tools/bin/../lib/gcc/arm-none-eabi/12.3.1/thumb/v7e-m+fp/hard\libgcc.a
LOAD C:/ST/STM32CubeIDE_1.16.0/STM32CubeIDE/plugins/com.st.stm32cube.ide.mcu.externaltools.gnu-tools-for-stm32.12.3.rel1.win32_1.0.200.202406191623/tools/bin/../lib/gcc/arm-none-eabi/12.3.1/../../../../arm-none-eabi/lib/thumb/v7e-m+fp/hard\libc_nano.a
LOAD C:/ST/STM32CubeIDE_1.16.0/STM32CubeIDE/plugins/com.st.stm32cube.ide.mcu.externaltools.gnu-tools-for-stm32.12.3.rel1.win32_1.0.200.202406191623/tools/bin/../lib/gcc/arm-none-eabi/12.3.1/../../../../arm-none-eabi/lib/thumb/v7e-m+fp/hard\libnosys.a
END GROUP
LOAD C:/ST/STM32CubeIDE_1.16.0/STM32CubeIDE/plugins/com.st.stm32cube.ide.mcu.externaltools.gnu-tools-for-stm32.12.3.rel1.win32_1.0.200.202406191623/tools/bin/../lib/gcc/arm-none-eabi/12.3.1/thumb/v7e-m+fp/hard/crtend.o
LOAD C:/ST/STM32CubeIDE_1.16.0/STM32CubeIDE/plugins/com.st.stm32cube.ide.mcu.externaltools.gnu-tools-for-stm32.12.3.rel1.win32_1.0.200.202406191623/tools/bin/../lib/gcc/arm-none-eabi/12.3.1/thumb/v7e-m+fp/hard/crtn.o
                0x20018000                        _estack = (ORIGIN (RAM) + LENGTH (RAM))
                0x00000200                        _Min_Heap_Size = 0x200
                0x00000400                        _Min_Stack_Size = 0x400

.isr_vector     0x08000000      0x188
                0x08000000                        . = ALIGN (0x4)
 *(.isr_vector)
 .isr_vector    0x08000000      0x188 ./Core/Startup/startup_stm32l476rgtx.o
                0x08000000                g_pfnVectors
                0x08000188                        . = ALIGN (0x4)

.text           0x08000188     0x5474
                0x08000188                        . = ALIGN (0x4)
 *(.text)
 .text          0x08000188       0x40 C:/ST/STM32CubeIDE_1.16.0/STM32CubeIDE/plugins/com.st.stm32cube.ide.mcu.externaltools.gnu-tools-for-stm32.12.3.rel1.win32_1.0.200.202406191623/tools/bin/../lib/gcc/arm-none-eabi/12.3.1/thumb/v7e-m+fp/hard/crtbegin.o
 .text          0x080001c8      0x378 C:/ST/STM32CubeIDE_1.16.0/STM32CubeIDE/plugins/com.st.stm32cube.ide.mcu.externaltools.gnu-tools-for-stm32.12.3.rel1.win32_1.0.200.202406191623/tools/bin/../lib/gcc/arm-none-eabi/12.3.1/thumb/v7e-m+fp/hard\libgcc.a(_arm_addsubdf3.o)
                0x080001c8                __aeabi_drsub
                0x080001d0                __aeabi_dsub
                0x080001d0                __subdf3
                0x080001d4                __aeabi_dadd
                0x080001d4                __adddf3
                0x0800044c                __floatunsidf
                0x0800044c                __aeabi_ui2d
                0x0800046c                __floatsidf
                0x0800046c                __aeabi_i2d
                0x08000490                __aeabi_f2d
                0x08000490                __extendsfdf2
                0x080004d4                __floatundidf
                0x080004d4                __aeabi_ul2d
                0x080004e4                __floatdidf
                0x080004e4                __aeabi_l2d
 .text          0x08000540      0x424 C:/ST/STM32CubeIDE_1.16.0/STM32CubeIDE/plugins/com.st.stm32cube.ide.mcu.externaltools.gnu-tools-for-stm32.12.3.rel1.win32_1.0.200.202406191623/tools/bin/../lib/gcc/arm-none-eabi/12.3.1/thumb/v7e-m+fp/hard\libgcc.a(_arm_muldivdf3.o)
                0x08000540                __aeabi_dmul
                0x08000540                __muldf3
                0x08000794                __divdf3
                0x08000794                __aeabi_ddiv
 .text          0x08000964      0x110 C:/ST/STM32CubeIDE_1.16.0/STM32CubeIDE/plugins/com.st.stm32cube.ide.mcu.externaltools.gnu-tools-for-stm32.12.3.rel1.win32_1.0.200.202406191623/tools/bin/../lib/gcc/arm-none-eabi/12.3.1/thumb/v7e-m+fp/hard\libgcc.a(_arm_cmpdf2.o)
                0x08000964                __gtdf2
                0x08000964                __gedf2
                0x0800096c                __ltdf2
                0x0800096c                __ledf2
                0x08000974                __nedf2
                0x08000974                __eqdf2
                0x08000974                __cmpdf2
                0x080009f0                __aeabi_cdrcmple
                0x08000a00                __aeabi_cdcmpeq
                0x08000a00                __aeabi_cdcmple
                0x08000a10                __aeabi_dcmpeq
                0x08000a24                __aeabi_dcmplt
                0x08000a38                __aeabi_dcmple
                0x08000a4c                __aeabi_dcmpge
                0x08000a60                __aeabi_dcmpgt
 .text          0x08000a74       0x40 C:/ST/STM32CubeIDE_1.16.0/STM32CubeIDE/plugins/com.st.stm32cube.ide.mcu.externaltools.gnu-tools-for-stm32.12.3.rel1.win32_1.0.200.202406191623/tools/bin/../lib/gcc/arm-none-eabi/12.3.1/thumb/v7e-m+fp/hard\libgcc.a(_arm_fixunsdfsi.o)
                0x08000a74                __aeabi_d2uiz
                0x08000a74                __fixunsdfsi
 *(.text*)
 .text.recv_propeller
                0x08000ab4       0x44 ./Core/Src/Custom/actions.o
                0x08000ab4                recv_propeller
 .text.recv_ballast
                0x08000af8       0x40 ./Core/Src/Custom/actions.o
                0x08000af8                recv_ballast
 .text.recv_send_code
                0x08000b38       0x1c ./Core/Src/Custom/actions.o
                0x08000b38                recv_send_code
 .text.recv_request_code
                0x08000b54       0x18 ./Core/Src/Custom/actions.o
                0x08000b54                recv_request_code
 .text.recv_release_pod
                0x08000b6c       0x30 ./Core/Src/Custom/actions.o
                0x08000b6c                recv_release_pod
 .text.HAL_TIM_PeriodElapsedCallback
                0x08000b9c       0x58 ./Core/Src/Custom/main.o
                0x08000b9c                HAL_TIM_PeriodElapsedCallback
 .text.interrupt_radio
                0x08000bf4       0x1c ./Core/Src/Custom/main.o
                0x08000bf4                interrupt_radio
 .text.on_radio_receive
                0x08000c10       0x20 ./Core/Src/Custom/main.o
                0x08000c10                on_radio_receive
 .text.HAL_GPIO_EXTI_Callback
                0x08000c30       0x28 ./Core/Src/Custom/main.o
                0x08000c30                HAL_GPIO_EXTI_Callback
 .text.setup    0x08000c58       0x98 ./Core/Src/Custom/main.o
                0x08000c58                setup
 .text.loop     0x08000cf0        0xc ./Core/Src/Custom/main.o
                0x08000cf0                loop
 .text.create_action
                0x08000cfc       0x3c ./Core/Src/Lib/action-mgr.o
                0x08000cfc                create_action
 .text.execute_pending_actions
                0x08000d38       0x3c ./Core/Src/Lib/action-mgr.o
                0x08000d38                execute_pending_actions
 .text.register_propeller_callback
                0x08000d74       0x20 ./Core/Src/Lib/communication.o
                0x08000d74                register_propeller_callback
 .text.register_ballast_callback
                0x08000d94       0x20 ./Core/Src/Lib/communication.o
                0x08000d94                register_ballast_callback
 .text.register_send_code_callback
                0x08000db4       0x20 ./Core/Src/Lib/communication.o
                0x08000db4                register_send_code_callback
 .text.register_request_code_callback
                0x08000dd4       0x20 ./Core/Src/Lib/communication.o
                0x08000dd4                register_request_code_callback
 .text.register_release_pod_callback
                0x08000df4       0x20 ./Core/Src/Lib/communication.o
                0x08000df4                register_release_pod_callback
 .text.on_recv  0x08000e14       0x4c ./Core/Src/Lib/communication.o
                0x08000e14                on_recv
 .text.on_recv_payload
                0x08000e60      0x134 ./Core/Src/Lib/communication.o
                0x08000e60                on_recv_payload
 .text.dc_motor_forwards
                0x08000f94       0x50 ./Core/Src/Lib/dc-motor.o
                0x08000f94                dc_motor_forwards
 .text.dc_motor_backwards
                0x08000fe4       0x50 ./Core/Src/Lib/dc-motor.o
                0x08000fe4                dc_motor_backwards
 .text.dc_motor_set_speed
                0x08001034      0x158 ./Core/Src/Lib/dc-motor.o
                0x08001034                dc_motor_set_speed
 .text.dc_motor_set_velocity
                0x0800118c       0x6a ./Core/Src/Lib/dc-motor.o
                0x0800118c                dc_motor_set_velocity
 .text._read    0x080011f6       0x5c ./Core/Src/Lib/lora.o
 .text._write_bytes
                0x08001252       0x62 ./Core/Src/Lib/lora.o
 .text._write   0x080012b4       0x24 ./Core/Src/Lib/lora.o
 .text.explicit_header_mode
                0x080012d8       0x30 ./Core/Src/Lib/lora.o
 .text.implicit_header_mode
                0x08001308       0x30 ./Core/Src/Lib/lora.o
 .text.lora_init
                0x08001338       0x90 ./Core/Src/Lib/lora.o
                0x08001338                lora_init
 .text.lora_available
                0x080013c8       0x22 ./Core/Src/Lib/lora.o
                0x080013c8                lora_available
 .text.lora_read
                0x080013ea       0x34 ./Core/Src/Lib/lora.o
                0x080013ea                lora_read
 .text.lora_receive
                0x0800141e       0x48 ./Core/Src/Lib/lora.o
                0x0800141e                lora_receive
 .text.lora_idle
                0x08001466       0x1a ./Core/Src/Lib/lora.o
                0x08001466                lora_idle
 .text.lora_sleep
                0x08001480       0x1a ./Core/Src/Lib/lora.o
                0x08001480                lora_sleep
 .text.lora_set_tx_power
                0x0800149a       0x74 ./Core/Src/Lib/lora.o
                0x0800149a                lora_set_tx_power
 *fill*         0x0800150e        0x2 
 .text.lora_set_ocp
                0x08001510       0x68 ./Core/Src/Lib/lora.o
                0x08001510                lora_set_ocp
 .text.lora_dio_interrupt
                0x08001578       0xce ./Core/Src/Lib/lora.o
                0x08001578                lora_dio_interrupt
 .text.stepper_event_done
                0x08001646       0x26 ./Core/Src/Lib/stepper-motor-event.o
                0x08001646                stepper_event_done
 .text.stepper_event_update
                0x0800166c       0xa0 ./Core/Src/Lib/stepper-motor-event.o
                0x0800166c                stepper_event_update
 .text.stepper_event_microstep
                0x0800170c       0x32 ./Core/Src/Lib/stepper-motor-event.o
                0x0800170c                stepper_event_microstep
 .text.stepper_event_force_microstep
                0x0800173e       0x32 ./Core/Src/Lib/stepper-motor-event.o
                0x0800173e                stepper_event_force_microstep
 .text.stepper_set_state
                0x08001770       0x68 ./Core/Src/Lib/stepper-motor.o
 .text.stepper_motor_microstep
                0x080017d8       0x44 ./Core/Src/Lib/stepper-motor.o
                0x080017d8                stepper_motor_microstep
 .text.stepper_motor_microstep_back
                0x0800181c       0x48 ./Core/Src/Lib/stepper-motor.o
                0x0800181c                stepper_motor_microstep_back
 .text.fetch_code
                0x08001864       0x18 ./Core/Src/Lib/stored-code.o
                0x08001864                fetch_code
 .text.save_code
                0x0800187c       0x20 ./Core/Src/Lib/stored-code.o
                0x0800187c                save_code
 .text.write_pin
                0x0800189c       0x24 ./Core/Src/Lib/util.o
                0x0800189c                write_pin
 .text.set_pin  0x080018c0       0x20 ./Core/Src/Lib/util.o
                0x080018c0                set_pin
 .text.reset_pin
                0x080018e0       0x20 ./Core/Src/Lib/util.o
                0x080018e0                reset_pin
 .text.main     0x08001900       0x2e ./Core/Src/main.o
                0x08001900                main
 .text.SystemClock_Config
                0x0800192e       0xa2 ./Core/Src/main.o
                0x0800192e                SystemClock_Config
 .text.MX_SPI2_Init
                0x080019d0       0x7c ./Core/Src/main.o
 .text.MX_TIM2_Init
                0x08001a4c      0x108 ./Core/Src/main.o
 .text.MX_TIM3_Init
                0x08001b54       0x9c ./Core/Src/main.o
 .text.MX_TIM6_Init
                0x08001bf0       0x70 ./Core/Src/main.o
 .text.MX_TIM7_Init
                0x08001c60       0x6c ./Core/Src/main.o
 .text.MX_GPIO_Init
                0x08001ccc      0x144 ./Core/Src/main.o
 .text.Error_Handler
                0x08001e10        0xc ./Core/Src/main.o
                0x08001e10                Error_Handler
 .text.HAL_MspInit
                0x08001e1c       0x48 ./Core/Src/stm32l4xx_hal_msp.o
                0x08001e1c                HAL_MspInit
 .text.HAL_SPI_MspInit
                0x08001e64       0x88 ./Core/Src/stm32l4xx_hal_msp.o
                0x08001e64                HAL_SPI_MspInit
 .text.HAL_TIM_Base_MspInit
                0x08001eec       0xd0 ./Core/Src/stm32l4xx_hal_msp.o
                0x08001eec                HAL_TIM_Base_MspInit
 .text.HAL_TIM_MspPostInit
                0x08001fbc       0xa8 ./Core/Src/stm32l4xx_hal_msp.o
                0x08001fbc                HAL_TIM_MspPostInit
 .text.NMI_Handler
                0x08002064        0x8 ./Core/Src/stm32l4xx_it.o
                0x08002064                NMI_Handler
 .text.HardFault_Handler
                0x0800206c        0x8 ./Core/Src/stm32l4xx_it.o
                0x0800206c                HardFault_Handler
 .text.MemManage_Handler
                0x08002074        0x8 ./Core/Src/stm32l4xx_it.o
                0x08002074                MemManage_Handler
 .text.BusFault_Handler
                0x0800207c        0x8 ./Core/Src/stm32l4xx_it.o
                0x0800207c                BusFault_Handler
 .text.UsageFault_Handler
                0x08002084        0x8 ./Core/Src/stm32l4xx_it.o
                0x08002084                UsageFault_Handler
 .text.SVC_Handler
                0x0800208c        0xe ./Core/Src/stm32l4xx_it.o
                0x0800208c                SVC_Handler
 .text.DebugMon_Handler
                0x0800209a        0xe ./Core/Src/stm32l4xx_it.o
                0x0800209a                DebugMon_Handler
 .text.PendSV_Handler
                0x080020a8        0xe ./Core/Src/stm32l4xx_it.o
                0x080020a8                PendSV_Handler
 .text.SysTick_Handler
                0x080020b6        0xc ./Core/Src/stm32l4xx_it.o
                0x080020b6                SysTick_Handler
 .text.EXTI1_IRQHandler
                0x080020c2        0xe ./Core/Src/stm32l4xx_it.o
                0x080020c2                EXTI1_IRQHandler
 .text.EXTI15_10_IRQHandler
                0x080020d0       0x10 ./Core/Src/stm32l4xx_it.o
                0x080020d0                EXTI15_10_IRQHandler
 .text.TIM6_DAC_IRQHandler
                0x080020e0       0x14 ./Core/Src/stm32l4xx_it.o
                0x080020e0                TIM6_DAC_IRQHandler
 .text.TIM7_IRQHandler
                0x080020f4       0x14 ./Core/Src/stm32l4xx_it.o
                0x080020f4                TIM7_IRQHandler
 .text.SystemInit
                0x08002108       0x24 ./Core/Src/system_stm32l4xx.o
                0x08002108                SystemInit
 .text.Reset_Handler
                0x0800212c       0x50 ./Core/Startup/startup_stm32l476rgtx.o
                0x0800212c                Reset_Handler
 .text.Default_Handler
                0x0800217c        0x2 ./Core/Startup/startup_stm32l476rgtx.o
                0x0800217c                RTC_Alarm_IRQHandler
                0x0800217c                EXTI2_IRQHandler
                0x0800217c                TIM8_TRG_COM_IRQHandler
                0x0800217c                TIM8_CC_IRQHandler
                0x0800217c                TIM1_CC_IRQHandler
                0x0800217c                TSC_IRQHandler
                0x0800217c                TAMP_STAMP_IRQHandler
                0x0800217c                EXTI3_IRQHandler
                0x0800217c                LPTIM2_IRQHandler
                0x0800217c                DFSDM1_FLT1_IRQHandler
                0x0800217c                I2C3_ER_IRQHandler
                0x0800217c                DFSDM1_FLT2_IRQHandler
                0x0800217c                EXTI0_IRQHandler
                0x0800217c                I2C2_EV_IRQHandler
                0x0800217c                CAN1_RX0_IRQHandler
                0x0800217c                FPU_IRQHandler
                0x0800217c                TIM1_UP_TIM16_IRQHandler
                0x0800217c                ADC1_2_IRQHandler
                0x0800217c                SPI1_IRQHandler
                0x0800217c                TIM8_UP_IRQHandler
                0x0800217c                DMA2_Channel2_IRQHandler
                0x0800217c                DMA1_Channel4_IRQHandler
                0x0800217c                SAI2_IRQHandler
                0x0800217c                DFSDM1_FLT3_IRQHandler
                0x0800217c                USART3_IRQHandler
                0x0800217c                DMA1_Channel7_IRQHandler
                0x0800217c                CAN1_RX1_IRQHandler
                0x0800217c                LCD_IRQHandler
                0x0800217c                UART5_IRQHandler
                0x0800217c                ADC3_IRQHandler
                0x0800217c                TIM4_IRQHandler
                0x0800217c                DMA2_Channel1_IRQHandler
                0x0800217c                QUADSPI_IRQHandler
                0x0800217c                I2C1_EV_IRQHandler
                0x0800217c                DMA1_Channel6_IRQHandler
                0x0800217c                UART4_IRQHandler
                0x0800217c                DMA2_Channel4_IRQHandler
                0x0800217c                TIM3_IRQHandler
                0x0800217c                RCC_IRQHandler
                0x0800217c                DMA1_Channel1_IRQHandler
                0x0800217c                Default_Handler
                0x0800217c                DMA2_Channel7_IRQHandler
                0x0800217c                SDMMC1_IRQHandler
                0x0800217c                TIM5_IRQHandler
                0x0800217c                I2C3_EV_IRQHandler
                0x0800217c                EXTI9_5_IRQHandler
                0x0800217c                RTC_WKUP_IRQHandler
                0x0800217c                PVD_PVM_IRQHandler
                0x0800217c                SPI2_IRQHandler
                0x0800217c                CAN1_TX_IRQHandler
                0x0800217c                DMA2_Channel5_IRQHandler
                0x0800217c                DMA1_Channel5_IRQHandler
                0x0800217c                EXTI4_IRQHandler
                0x0800217c                RNG_IRQHandler
                0x0800217c                TIM1_TRG_COM_TIM17_IRQHandler
                0x0800217c                DMA1_Channel3_IRQHandler
                0x0800217c                COMP_IRQHandler
                0x0800217c                WWDG_IRQHandler
                0x0800217c                LPUART1_IRQHandler
                0x0800217c                DMA2_Channel6_IRQHandler
                0x0800217c                TIM2_IRQHandler
                0x0800217c                USART2_IRQHandler
                0x0800217c                DFSDM1_FLT0_IRQHandler
                0x0800217c                I2C2_ER_IRQHandler
                0x0800217c                DMA1_Channel2_IRQHandler
                0x0800217c                TIM8_BRK_IRQHandler
                0x0800217c                CAN1_SCE_IRQHandler
                0x0800217c                FLASH_IRQHandler
                0x0800217c                USART1_IRQHandler
                0x0800217c                OTG_FS_IRQHandler
                0x0800217c                SPI3_IRQHandler
                0x0800217c                I2C1_ER_IRQHandler
                0x0800217c                FMC_IRQHandler
                0x0800217c                SWPMI1_IRQHandler
                0x0800217c                LPTIM1_IRQHandler
                0x0800217c                SAI1_IRQHandler
                0x0800217c                DMA2_Channel3_IRQHandler
                0x0800217c                TIM1_BRK_TIM15_IRQHandler
 *fill*         0x0800217e        0x2 
 .text.HAL_Init
                0x08002180       0x40 ./Drivers/STM32L4xx_HAL_Driver/Src/stm32l4xx_hal.o
                0x08002180                HAL_Init
 .text.HAL_InitTick
                0x080021c0       0x78 ./Drivers/STM32L4xx_HAL_Driver/Src/stm32l4xx_hal.o
                0x080021c0                HAL_InitTick
 .text.HAL_IncTick
                0x08002238       0x28 ./Drivers/STM32L4xx_HAL_Driver/Src/stm32l4xx_hal.o
                0x08002238                HAL_IncTick
 .text.HAL_GetTick
                0x08002260       0x18 ./Drivers/STM32L4xx_HAL_Driver/Src/stm32l4xx_hal.o
                0x08002260                HAL_GetTick
 .text.HAL_Delay
                0x08002278       0x48 ./Drivers/STM32L4xx_HAL_Driver/Src/stm32l4xx_hal.o
                0x08002278                HAL_Delay
 .text.__NVIC_SetPriorityGrouping
                0x080022c0       0x48 ./Drivers/STM32L4xx_HAL_Driver/Src/stm32l4xx_hal_cortex.o
 .text.__NVIC_GetPriorityGrouping
                0x08002308       0x1c ./Drivers/STM32L4xx_HAL_Driver/Src/stm32l4xx_hal_cortex.o
 .text.__NVIC_EnableIRQ
                0x08002324       0x3c ./Drivers/STM32L4xx_HAL_Driver/Src/stm32l4xx_hal_cortex.o
 .text.__NVIC_SetPriority
                0x08002360       0x54 ./Drivers/STM32L4xx_HAL_Driver/Src/stm32l4xx_hal_cortex.o
 .text.NVIC_EncodePriority
                0x080023b4       0x66 ./Drivers/STM32L4xx_HAL_Driver/Src/stm32l4xx_hal_cortex.o
 *fill*         0x0800241a        0x2 
 .text.SysTick_Config
                0x0800241c       0x44 ./Drivers/STM32L4xx_HAL_Driver/Src/stm32l4xx_hal_cortex.o
 .text.HAL_NVIC_SetPriorityGrouping
                0x08002460       0x16 ./Drivers/STM32L4xx_HAL_Driver/Src/stm32l4xx_hal_cortex.o
                0x08002460                HAL_NVIC_SetPriorityGrouping
 .text.HAL_NVIC_SetPriority
                0x08002476       0x38 ./Drivers/STM32L4xx_HAL_Driver/Src/stm32l4xx_hal_cortex.o
                0x08002476                HAL_NVIC_SetPriority
 .text.HAL_NVIC_EnableIRQ
                0x080024ae       0x1c ./Drivers/STM32L4xx_HAL_Driver/Src/stm32l4xx_hal_cortex.o
                0x080024ae                HAL_NVIC_EnableIRQ
 .text.HAL_SYSTICK_Config
                0x080024ca       0x18 ./Drivers/STM32L4xx_HAL_Driver/Src/stm32l4xx_hal_cortex.o
                0x080024ca                HAL_SYSTICK_Config
 *fill*         0x080024e2        0x2 
 .text.HAL_GPIO_Init
                0x080024e4      0x354 ./Drivers/STM32L4xx_HAL_Driver/Src/stm32l4xx_hal_gpio.o
                0x080024e4                HAL_GPIO_Init
 .text.HAL_GPIO_WritePin
                0x08002838       0x30 ./Drivers/STM32L4xx_HAL_Driver/Src/stm32l4xx_hal_gpio.o
                0x08002838                HAL_GPIO_WritePin
 .text.HAL_GPIO_EXTI_IRQHandler
                0x08002868       0x30 ./Drivers/STM32L4xx_HAL_Driver/Src/stm32l4xx_hal_gpio.o
                0x08002868                HAL_GPIO_EXTI_IRQHandler
 .text.HAL_PWREx_GetVoltageRange
                0x08002898       0x1c ./Drivers/STM32L4xx_HAL_Driver/Src/stm32l4xx_hal_pwr_ex.o
                0x08002898                HAL_PWREx_GetVoltageRange
 .text.HAL_PWREx_ControlVoltageScaling
                0x080028b4       0xac ./Drivers/STM32L4xx_HAL_Driver/Src/stm32l4xx_hal_pwr_ex.o
                0x080028b4                HAL_PWREx_ControlVoltageScaling
 .text.HAL_RCC_OscConfig
                0x08002960      0x7b8 ./Drivers/STM32L4xx_HAL_Driver/Src/stm32l4xx_hal_rcc.o
                0x08002960                HAL_RCC_OscConfig
 .text.HAL_RCC_ClockConfig
                0x08003118      0x200 ./Drivers/STM32L4xx_HAL_Driver/Src/stm32l4xx_hal_rcc.o
                0x08003118                HAL_RCC_ClockConfig
 .text.HAL_RCC_GetSysClockFreq
                0x08003318      0x118 ./Drivers/STM32L4xx_HAL_Driver/Src/stm32l4xx_hal_rcc.o
                0x08003318                HAL_RCC_GetSysClockFreq
 .text.RCC_SetFlashLatencyFromMSIRange
                0x08003430       0xc0 ./Drivers/STM32L4xx_HAL_Driver/Src/stm32l4xx_hal_rcc.o
 .text.HAL_SPI_Init
                0x080034f0      0x146 ./Drivers/STM32L4xx_HAL_Driver/Src/stm32l4xx_hal_spi.o
                0x080034f0                HAL_SPI_Init
 .text.HAL_SPI_Transmit
                0x08003636      0x2ec ./Drivers/STM32L4xx_HAL_Driver/Src/stm32l4xx_hal_spi.o
                0x08003636                HAL_SPI_Transmit
 .text.HAL_SPI_Receive
                0x08003922      0x270 ./Drivers/STM32L4xx_HAL_Driver/Src/stm32l4xx_hal_spi.o
                0x08003922                HAL_SPI_Receive
 .text.HAL_SPI_TransmitReceive
                0x08003b92      0x43e ./Drivers/STM32L4xx_HAL_Driver/Src/stm32l4xx_hal_spi.o
                0x08003b92                HAL_SPI_TransmitReceive
 .text.SPI_WaitFlagStateUntilTimeout
                0x08003fd0      0x110 ./Drivers/STM32L4xx_HAL_Driver/Src/stm32l4xx_hal_spi.o
 .text.SPI_WaitFifoStateUntilTimeout
                0x080040e0      0x12c ./Drivers/STM32L4xx_HAL_Driver/Src/stm32l4xx_hal_spi.o
 .text.SPI_EndRxTransaction
                0x0800420c       0xb0 ./Drivers/STM32L4xx_HAL_Driver/Src/stm32l4xx_hal_spi.o
 .text.SPI_EndRxTxTransaction
                0x080042bc       0x8c ./Drivers/STM32L4xx_HAL_Driver/Src/stm32l4xx_hal_spi.o
 .text.HAL_TIM_Base_Init
                0x08004348       0xae ./Drivers/STM32L4xx_HAL_Driver/Src/stm32l4xx_hal_tim.o
                0x08004348                HAL_TIM_Base_Init
 *fill*         0x080043f6        0x2 
 .text.HAL_TIM_Base_Start_IT
                0x080043f8       0xe0 ./Drivers/STM32L4xx_HAL_Driver/Src/stm32l4xx_hal_tim.o
                0x080043f8                HAL_TIM_Base_Start_IT
 .text.HAL_TIM_Base_Stop_IT
                0x080044d8       0x5e ./Drivers/STM32L4xx_HAL_Driver/Src/stm32l4xx_hal_tim.o
                0x080044d8                HAL_TIM_Base_Stop_IT
 .text.HAL_TIM_PWM_Init
                0x08004536       0xae ./Drivers/STM32L4xx_HAL_Driver/Src/stm32l4xx_hal_tim.o
                0x08004536                HAL_TIM_PWM_Init
 .text.HAL_TIM_PWM_MspInit
                0x080045e4       0x14 ./Drivers/STM32L4xx_HAL_Driver/Src/stm32l4xx_hal_tim.o
                0x080045e4                HAL_TIM_PWM_MspInit
 .text.HAL_TIM_IRQHandler
                0x080045f8      0x20e ./Drivers/STM32L4xx_HAL_Driver/Src/stm32l4xx_hal_tim.o
                0x080045f8                HAL_TIM_IRQHandler
 *fill*         0x08004806        0x2 
 .text.HAL_TIM_PWM_ConfigChannel
                0x08004808      0x228 ./Drivers/STM32L4xx_HAL_Driver/Src/stm32l4xx_hal_tim.o
                0x08004808                HAL_TIM_PWM_ConfigChannel
 .text.HAL_TIM_ConfigClockSource
                0x08004a30      0x192 ./Drivers/STM32L4xx_HAL_Driver/Src/stm32l4xx_hal_tim.o
                0x08004a30                HAL_TIM_ConfigClockSource
 .text.HAL_TIM_OC_DelayElapsedCallback
                0x08004bc2       0x14 ./Drivers/STM32L4xx_HAL_Driver/Src/stm32l4xx_hal_tim.o
                0x08004bc2                HAL_TIM_OC_DelayElapsedCallback
 .text.HAL_TIM_IC_CaptureCallback
                0x08004bd6       0x14 ./Drivers/STM32L4xx_HAL_Driver/Src/stm32l4xx_hal_tim.o
                0x08004bd6                HAL_TIM_IC_CaptureCallback
 .text.HAL_TIM_PWM_PulseFinishedCallback
                0x08004bea       0x14 ./Drivers/STM32L4xx_HAL_Driver/Src/stm32l4xx_hal_tim.o
                0x08004bea                HAL_TIM_PWM_PulseFinishedCallback
 .text.HAL_TIM_TriggerCallback
                0x08004bfe       0x14 ./Drivers/STM32L4xx_HAL_Driver/Src/stm32l4xx_hal_tim.o
                0x08004bfe                HAL_TIM_TriggerCallback
 *fill*         0x08004c12        0x2 
 .text.TIM_Base_SetConfig
                0x08004c14      0x14c ./Drivers/STM32L4xx_HAL_Driver/Src/stm32l4xx_hal_tim.o
                0x08004c14                TIM_Base_SetConfig
 .text.TIM_OC1_SetConfig
                0x08004d60      0x120 ./Drivers/STM32L4xx_HAL_Driver/Src/stm32l4xx_hal_tim.o
 .text.TIM_OC2_SetConfig
                0x08004e80      0x114 ./Drivers/STM32L4xx_HAL_Driver/Src/stm32l4xx_hal_tim.o
                0x08004e80                TIM_OC2_SetConfig
 .text.TIM_OC3_SetConfig
                0x08004f94      0x110 ./Drivers/STM32L4xx_HAL_Driver/Src/stm32l4xx_hal_tim.o
 .text.TIM_OC4_SetConfig
                0x080050a4       0xd4 ./Drivers/STM32L4xx_HAL_Driver/Src/stm32l4xx_hal_tim.o
 .text.TIM_OC5_SetConfig
                0x08005178       0xc8 ./Drivers/STM32L4xx_HAL_Driver/Src/stm32l4xx_hal_tim.o
 .text.TIM_OC6_SetConfig
                0x08005240       0xcc ./Drivers/STM32L4xx_HAL_Driver/Src/stm32l4xx_hal_tim.o
 .text.TIM_TI1_ConfigInputStage
                0x0800530c       0x5e ./Drivers/STM32L4xx_HAL_Driver/Src/stm32l4xx_hal_tim.o
 .text.TIM_TI2_ConfigInputStage
                0x0800536a       0x60 ./Drivers/STM32L4xx_HAL_Driver/Src/stm32l4xx_hal_tim.o
 .text.TIM_ITRx_SetConfig
                0x080053ca       0x36 ./Drivers/STM32L4xx_HAL_Driver/Src/stm32l4xx_hal_tim.o
 .text.TIM_ETR_SetConfig
                0x08005400       0x40 ./Drivers/STM32L4xx_HAL_Driver/Src/stm32l4xx_hal_tim.o
                0x08005400                TIM_ETR_SetConfig
 .text.HAL_TIMEx_MasterConfigSynchronization
                0x08005440      0x110 ./Drivers/STM32L4xx_HAL_Driver/Src/stm32l4xx_hal_tim_ex.o
                0x08005440                HAL_TIMEx_MasterConfigSynchronization
 .text.HAL_TIMEx_CommutCallback
                0x08005550       0x14 ./Drivers/STM32L4xx_HAL_Driver/Src/stm32l4xx_hal_tim_ex.o
                0x08005550                HAL_TIMEx_CommutCallback
 .text.HAL_TIMEx_BreakCallback
                0x08005564       0x14 ./Drivers/STM32L4xx_HAL_Driver/Src/stm32l4xx_hal_tim_ex.o
                0x08005564                HAL_TIMEx_BreakCallback
 .text.HAL_TIMEx_Break2Callback
                0x08005578       0x14 ./Drivers/STM32L4xx_HAL_Driver/Src/stm32l4xx_hal_tim_ex.o
                0x08005578                HAL_TIMEx_Break2Callback
 .text.memset   0x0800558c       0x10 C:/ST/STM32CubeIDE_1.16.0/STM32CubeIDE/plugins/com.st.stm32cube.ide.mcu.externaltools.gnu-tools-for-stm32.12.3.rel1.win32_1.0.200.202406191623/tools/bin/../lib/gcc/arm-none-eabi/12.3.1/../../../../arm-none-eabi/lib/thumb/v7e-m+fp/hard\libc_nano.a(libc_a-memset.o)
                0x0800558c                memset
 .text.__libc_init_array
                0x0800559c       0x48 C:/ST/STM32CubeIDE_1.16.0/STM32CubeIDE/plugins/com.st.stm32cube.ide.mcu.externaltools.gnu-tools-for-stm32.12.3.rel1.win32_1.0.200.202406191623/tools/bin/../lib/gcc/arm-none-eabi/12.3.1/../../../../arm-none-eabi/lib/thumb/v7e-m+fp/hard\libc_nano.a(libc_a-init.o)
                0x0800559c                __libc_init_array
 *(.glue_7)
 .glue_7        0x080055e4        0x0 linker stubs
 *(.glue_7t)
 .glue_7t       0x080055e4        0x0 linker stubs
 *(.eh_frame)
 .eh_frame      0x080055e4        0x0 C:/ST/STM32CubeIDE_1.16.0/STM32CubeIDE/plugins/com.st.stm32cube.ide.mcu.externaltools.gnu-tools-for-stm32.12.3.rel1.win32_1.0.200.202406191623/tools/bin/../lib/gcc/arm-none-eabi/12.3.1/thumb/v7e-m+fp/hard/crtbegin.o
 *(.init)
 .init          0x080055e4        0x4 C:/ST/STM32CubeIDE_1.16.0/STM32CubeIDE/plugins/com.st.stm32cube.ide.mcu.externaltools.gnu-tools-for-stm32.12.3.rel1.win32_1.0.200.202406191623/tools/bin/../lib/gcc/arm-none-eabi/12.3.1/thumb/v7e-m+fp/hard/crti.o
                0x080055e4                _init
 .init          0x080055e8        0x8 C:/ST/STM32CubeIDE_1.16.0/STM32CubeIDE/plugins/com.st.stm32cube.ide.mcu.externaltools.gnu-tools-for-stm32.12.3.rel1.win32_1.0.200.202406191623/tools/bin/../lib/gcc/arm-none-eabi/12.3.1/thumb/v7e-m+fp/hard/crtn.o
 *(.fini)
 .fini          0x080055f0        0x4 C:/ST/STM32CubeIDE_1.16.0/STM32CubeIDE/plugins/com.st.stm32cube.ide.mcu.externaltools.gnu-tools-for-stm32.12.3.rel1.win32_1.0.200.202406191623/tools/bin/../lib/gcc/arm-none-eabi/12.3.1/thumb/v7e-m+fp/hard/crti.o
                0x080055f0                _fini
 .fini          0x080055f4        0x8 C:/ST/STM32CubeIDE_1.16.0/STM32CubeIDE/plugins/com.st.stm32cube.ide.mcu.externaltools.gnu-tools-for-stm32.12.3.rel1.win32_1.0.200.202406191623/tools/bin/../lib/gcc/arm-none-eabi/12.3.1/thumb/v7e-m+fp/hard/crtn.o
                0x080055fc                        . = ALIGN (0x4)
                0x080055fc                        _etext = .

.vfp11_veneer   0x080055fc        0x0
 .vfp11_veneer  0x080055fc        0x0 linker stubs

.v4_bx          0x080055fc        0x0
 .v4_bx         0x080055fc        0x0 linker stubs

.iplt           0x080055fc        0x0
 .iplt          0x080055fc        0x0 C:/ST/STM32CubeIDE_1.16.0/STM32CubeIDE/plugins/com.st.stm32cube.ide.mcu.externaltools.gnu-tools-for-stm32.12.3.rel1.win32_1.0.200.202406191623/tools/bin/../lib/gcc/arm-none-eabi/12.3.1/thumb/v7e-m+fp/hard/crtbegin.o

.rodata         0x080055fc       0x58
                0x080055fc                        . = ALIGN (0x4)
 *(.rodata)
 *(.rodata*)
 .rodata.pin_cs_radio
                0x080055fc        0x8 ./Core/Src/Custom/pins.o
                0x080055fc                pin_cs_radio
 .rodata.pin_reset
                0x08005604        0x8 ./Core/Src/Custom/pins.o
                0x08005604                pin_reset
 .rodata.pin_electromagnet
                0x0800560c        0x8 ./Core/Src/Custom/pins.o
                0x0800560c                pin_electromagnet
 .rodata.AHBPrescTable
                0x08005614       0x10 ./Core/Src/system_stm32l4xx.o
                0x08005614                AHBPrescTable
 .rodata.MSIRangeTable
                0x08005624       0x30 ./Core/Src/system_stm32l4xx.o
                0x08005624                MSIRangeTable
                0x08005654                        . = ALIGN (0x4)

.ARM.extab      0x08005654        0x0
                0x08005654                        . = ALIGN (0x4)
 *(.ARM.extab* .gnu.linkonce.armextab.*)
                0x08005654                        . = ALIGN (0x4)

.ARM            0x08005654        0x0
                0x08005654                        . = ALIGN (0x4)
                0x08005654                        __exidx_start = .
 *(.ARM.exidx*)
                0x08005654                        __exidx_end = .
                0x08005654                        . = ALIGN (0x4)

.preinit_array  0x08005654        0x0
                0x08005654                        . = ALIGN (0x4)
                0x08005654                        PROVIDE (__preinit_array_start = .)
 *(.preinit_array*)
                0x08005654                        PROVIDE (__preinit_array_end = .)
                0x08005654                        . = ALIGN (0x4)

.init_array     0x08005654        0x4
                0x08005654                        . = ALIGN (0x4)
                0x08005654                        PROVIDE (__init_array_start = .)
 *(SORT_BY_NAME(.init_array.*))
 *(.init_array*)
 .init_array    0x08005654        0x4 C:/ST/STM32CubeIDE_1.16.0/STM32CubeIDE/plugins/com.st.stm32cube.ide.mcu.externaltools.gnu-tools-for-stm32.12.3.rel1.win32_1.0.200.202406191623/tools/bin/../lib/gcc/arm-none-eabi/12.3.1/thumb/v7e-m+fp/hard/crtbegin.o
                0x08005658                        PROVIDE (__init_array_end = .)
                0x08005658                        . = ALIGN (0x4)

.fini_array     0x08005658        0x4
                0x08005658                        . = ALIGN (0x4)
                [!provide]                        PROVIDE (__fini_array_start = .)
 *(SORT_BY_NAME(.fini_array.*))
 *(.fini_array*)
 .fini_array    0x08005658        0x4 C:/ST/STM32CubeIDE_1.16.0/STM32CubeIDE/plugins/com.st.stm32cube.ide.mcu.externaltools.gnu-tools-for-stm32.12.3.rel1.win32_1.0.200.202406191623/tools/bin/../lib/gcc/arm-none-eabi/12.3.1/thumb/v7e-m+fp/hard/crtbegin.o
                [!provide]                        PROVIDE (__fini_array_end = .)
                0x0800565c                        . = ALIGN (0x4)
                0x0800565c                        _sidata = LOADADDR (.data)

.rel.dyn        0x0800565c        0x0
 .rel.iplt      0x0800565c        0x0 C:/ST/STM32CubeIDE_1.16.0/STM32CubeIDE/plugins/com.st.stm32cube.ide.mcu.externaltools.gnu-tools-for-stm32.12.3.rel1.win32_1.0.200.202406191623/tools/bin/../lib/gcc/arm-none-eabi/12.3.1/thumb/v7e-m+fp/hard/crtbegin.o

.data           0x20000000       0x2c load address 0x0800565c
                0x20000000                        . = ALIGN (0x4)
                0x20000000                        _sdata = .
 *(.data)
 *(.data*)
 .data.sequence_lengths
                0x20000000        0x3 ./Core/Src/Lib/stepper-motor.o
 *fill*         0x20000003        0x1 
 .data.sequence_wave_drive
                0x20000004        0x4 ./Core/Src/Lib/stepper-motor.o
 .data.sequence_full_drive
                0x20000008        0x4 ./Core/Src/Lib/stepper-motor.o
 .data.sequence_half_drive
                0x2000000c        0x8 ./Core/Src/Lib/stepper-motor.o
 .data.sequences
                0x20000014        0xc ./Core/Src/Lib/stepper-motor.o
 .data.SystemCoreClock
                0x20000020        0x4 ./Core/Src/system_stm32l4xx.o
                0x20000020                SystemCoreClock
 .data.uwTickPrio
                0x20000024        0x4 ./Drivers/STM32L4xx_HAL_Driver/Src/stm32l4xx_hal.o
                0x20000024                uwTickPrio
 .data.uwTickFreq
                0x20000028        0x1 ./Drivers/STM32L4xx_HAL_Driver/Src/stm32l4xx_hal.o
                0x20000028                uwTickFreq
 *(.RamFunc)
 *(.RamFunc*)
                0x2000002c                        . = ALIGN (0x4)
 *fill*         0x20000029        0x3 
                0x2000002c                        _edata = .

.igot.plt       0x2000002c        0x0 load address 0x08005688
 .igot.plt      0x2000002c        0x0 C:/ST/STM32CubeIDE_1.16.0/STM32CubeIDE/plugins/com.st.stm32cube.ide.mcu.externaltools.gnu-tools-for-stm32.12.3.rel1.win32_1.0.200.202406191623/tools/bin/../lib/gcc/arm-none-eabi/12.3.1/thumb/v7e-m+fp/hard/crtbegin.o
                0x2000002c                        . = ALIGN (0x4)

.bss            0x20000030      0x38c load address 0x08005688
                0x20000030                        _sbss = .
                0x20000030                        __bss_start__ = _sbss
 *(.bss)
 .bss           0x20000030       0x1c C:/ST/STM32CubeIDE_1.16.0/STM32CubeIDE/plugins/com.st.stm32cube.ide.mcu.externaltools.gnu-tools-for-stm32.12.3.rel1.win32_1.0.200.202406191623/tools/bin/../lib/gcc/arm-none-eabi/12.3.1/thumb/v7e-m+fp/hard/crtbegin.o
 *(.bss*)
 .bss.g_lora    0x2000004c       0x20 ./Core/Src/Custom/main.o
                0x2000004c                g_lora
 *fill*         0x2000006c        0x4 
 .bss.g_primary_motor
                0x20000070       0x18 ./Core/Src/Custom/main.o
                0x20000070                g_primary_motor
 .bss.g_secondary_motor
                0x20000088       0x18 ./Core/Src/Custom/main.o
                0x20000088                g_secondary_motor
 .bss.ballast_motor
                0x200000a0       0x14 ./Core/Src/Custom/main.o
                0x200000a0                ballast_motor
 .bss.g_ballast
                0x200000b4       0x14 ./Core/Src/Custom/main.o
                0x200000b4                g_ballast
 .bss.pending_actions
                0x200000c8       0x40 ./Core/Src/Lib/action-mgr.o
 .bss.count     0x20000108        0x4 ./Core/Src/Lib/action-mgr.o
 .bss._buffer   0x2000010c       0xff ./Core/Src/Lib/communication.o
 *fill*         0x2000020b        0x1 
 .bss.propeller_cb
                0x2000020c        0x4 ./Core/Src/Lib/communication.o
 .bss.ballast_cb
                0x20000210        0x4 ./Core/Src/Lib/communication.o
 .bss.send_code_cb
                0x20000214        0x4 ./Core/Src/Lib/communication.o
 .bss.request_code_cb
                0x20000218        0x4 ./Core/Src/Lib/communication.o
 .bss.release_pod_cb
                0x2000021c        0x4 ./Core/Src/Lib/communication.o
 .bss._code     0x20000220        0x4 ./Core/Src/Lib/stored-code.o
 .bss.hspi2     0x20000224       0x64 ./Core/Src/main.o
                0x20000224                hspi2
 .bss.htim2     0x20000288       0x4c ./Core/Src/main.o
                0x20000288                htim2
 .bss.htim3     0x200002d4       0x4c ./Core/Src/main.o
                0x200002d4                htim3
 .bss.htim6     0x20000320       0x4c ./Core/Src/main.o
                0x20000320                htim6
 .bss.htim7     0x2000036c       0x4c ./Core/Src/main.o
                0x2000036c                htim7
 .bss.uwTick    0x200003b8        0x4 ./Drivers/STM32L4xx_HAL_Driver/Src/stm32l4xx_hal.o
                0x200003b8                uwTick
 *(COMMON)
                0x200003bc                        . = ALIGN (0x4)
                0x200003bc                        _ebss = .
                0x200003bc                        __bss_end__ = _ebss

._user_heap_stack
                0x200003bc      0x604 load address 0x08005688
                0x200003c0                        . = ALIGN (0x8)
 *fill*         0x200003bc        0x4 
                [!provide]                        PROVIDE (end = .)
                0x200003c0                        PROVIDE (_end = .)
                0x200005c0                        . = (. + _Min_Heap_Size)
 *fill*         0x200003c0      0x200 
                0x200009c0                        . = (. + _Min_Stack_Size)
 *fill*         0x200005c0      0x400 
                0x200009c0                        . = ALIGN (0x8)

/DISCARD/
 libc.a(*)
 libm.a(*)
 libgcc.a(*)

.ARM.attributes
                0x00000000       0x30
 *(.ARM.attributes)
 .ARM.attributes
                0x00000000       0x22 C:/ST/STM32CubeIDE_1.16.0/STM32CubeIDE/plugins/com.st.stm32cube.ide.mcu.externaltools.gnu-tools-for-stm32.12.3.rel1.win32_1.0.200.202406191623/tools/bin/../lib/gcc/arm-none-eabi/12.3.1/thumb/v7e-m+fp/hard/crti.o
 .ARM.attributes
                0x00000022       0x34 C:/ST/STM32CubeIDE_1.16.0/STM32CubeIDE/plugins/com.st.stm32cube.ide.mcu.externaltools.gnu-tools-for-stm32.12.3.rel1.win32_1.0.200.202406191623/tools/bin/../lib/gcc/arm-none-eabi/12.3.1/thumb/v7e-m+fp/hard/crtbegin.o
 .ARM.attributes
                0x00000056       0x34 ./Core/Src/Custom/actions.o
 .ARM.attributes
                0x0000008a       0x34 ./Core/Src/Custom/main.o
 .ARM.attributes
                0x000000be       0x34 ./Core/Src/Custom/pins.o
 .ARM.attributes
                0x000000f2       0x34 ./Core/Src/Lib/action-mgr.o
 .ARM.attributes
                0x00000126       0x34 ./Core/Src/Lib/communication.o
 .ARM.attributes
                0x0000015a       0x34 ./Core/Src/Lib/dc-motor.o
 .ARM.attributes
                0x0000018e       0x34 ./Core/Src/Lib/lora.o
 .ARM.attributes
                0x000001c2       0x34 ./Core/Src/Lib/stepper-motor-event.o
 .ARM.attributes
                0x000001f6       0x34 ./Core/Src/Lib/stepper-motor.o
 .ARM.attributes
                0x0000022a       0x34 ./Core/Src/Lib/stored-code.o
 .ARM.attributes
                0x0000025e       0x34 ./Core/Src/Lib/util.o
 .ARM.attributes
                0x00000292       0x34 ./Core/Src/main.o
 .ARM.attributes
                0x000002c6       0x34 ./Core/Src/stm32l4xx_hal_msp.o
 .ARM.attributes
                0x000002fa       0x34 ./Core/Src/stm32l4xx_it.o
 .ARM.attributes
                0x0000032e       0x34 ./Core/Src/system_stm32l4xx.o
 .ARM.attributes
                0x00000362       0x21 ./Core/Startup/startup_stm32l476rgtx.o
 .ARM.attributes
                0x00000383       0x34 ./Drivers/STM32L4xx_HAL_Driver/Src/stm32l4xx_hal.o
 .ARM.attributes
                0x000003b7       0x34 ./Drivers/STM32L4xx_HAL_Driver/Src/stm32l4xx_hal_cortex.o
 .ARM.attributes
                0x000003eb       0x34 ./Drivers/STM32L4xx_HAL_Driver/Src/stm32l4xx_hal_gpio.o
 .ARM.attributes
                0x0000041f       0x34 ./Drivers/STM32L4xx_HAL_Driver/Src/stm32l4xx_hal_pwr_ex.o
 .ARM.attributes
                0x00000453       0x34 ./Drivers/STM32L4xx_HAL_Driver/Src/stm32l4xx_hal_rcc.o
 .ARM.attributes
                0x00000487       0x34 ./Drivers/STM32L4xx_HAL_Driver/Src/stm32l4xx_hal_spi.o
 .ARM.attributes
                0x000004bb       0x34 ./Drivers/STM32L4xx_HAL_Driver/Src/stm32l4xx_hal_tim.o
 .ARM.attributes
                0x000004ef       0x34 ./Drivers/STM32L4xx_HAL_Driver/Src/stm32l4xx_hal_tim_ex.o
 .ARM.attributes
                0x00000523       0x34 C:/ST/STM32CubeIDE_1.16.0/STM32CubeIDE/plugins/com.st.stm32cube.ide.mcu.externaltools.gnu-tools-for-stm32.12.3.rel1.win32_1.0.200.202406191623/tools/bin/../lib/gcc/arm-none-eabi/12.3.1/../../../../arm-none-eabi/lib/thumb/v7e-m+fp/hard\libc_nano.a(libc_a-memset.o)
 .ARM.attributes
                0x00000557       0x34 C:/ST/STM32CubeIDE_1.16.0/STM32CubeIDE/plugins/com.st.stm32cube.ide.mcu.externaltools.gnu-tools-for-stm32.12.3.rel1.win32_1.0.200.202406191623/tools/bin/../lib/gcc/arm-none-eabi/12.3.1/../../../../arm-none-eabi/lib/thumb/v7e-m+fp/hard\libc_nano.a(libc_a-init.o)
 .ARM.attributes
                0x0000058b       0x22 C:/ST/STM32CubeIDE_1.16.0/STM32CubeIDE/plugins/com.st.stm32cube.ide.mcu.externaltools.gnu-tools-for-stm32.12.3.rel1.win32_1.0.200.202406191623/tools/bin/../lib/gcc/arm-none-eabi/12.3.1/thumb/v7e-m+fp/hard\libgcc.a(_arm_addsubdf3.o)
 .ARM.attributes
                0x000005ad       0x22 C:/ST/STM32CubeIDE_1.16.0/STM32CubeIDE/plugins/com.st.stm32cube.ide.mcu.externaltools.gnu-tools-for-stm32.12.3.rel1.win32_1.0.200.202406191623/tools/bin/../lib/gcc/arm-none-eabi/12.3.1/thumb/v7e-m+fp/hard\libgcc.a(_arm_muldivdf3.o)
 .ARM.attributes
                0x000005cf       0x22 C:/ST/STM32CubeIDE_1.16.0/STM32CubeIDE/plugins/com.st.stm32cube.ide.mcu.externaltools.gnu-tools-for-stm32.12.3.rel1.win32_1.0.200.202406191623/tools/bin/../lib/gcc/arm-none-eabi/12.3.1/thumb/v7e-m+fp/hard\libgcc.a(_arm_cmpdf2.o)
 .ARM.attributes
                0x000005f1       0x22 C:/ST/STM32CubeIDE_1.16.0/STM32CubeIDE/plugins/com.st.stm32cube.ide.mcu.externaltools.gnu-tools-for-stm32.12.3.rel1.win32_1.0.200.202406191623/tools/bin/../lib/gcc/arm-none-eabi/12.3.1/thumb/v7e-m+fp/hard\libgcc.a(_arm_fixunsdfsi.o)
 .ARM.attributes
                0x00000613       0x22 C:/ST/STM32CubeIDE_1.16.0/STM32CubeIDE/plugins/com.st.stm32cube.ide.mcu.externaltools.gnu-tools-for-stm32.12.3.rel1.win32_1.0.200.202406191623/tools/bin/../lib/gcc/arm-none-eabi/12.3.1/thumb/v7e-m+fp/hard/crtn.o
OUTPUT(integrates-on-board.elf elf32-littlearm)
LOAD linker stubs
LOAD C:/ST/STM32CubeIDE_1.16.0/STM32CubeIDE/plugins/com.st.stm32cube.ide.mcu.externaltools.gnu-tools-for-stm32.12.3.rel1.win32_1.0.200.202406191623/tools/bin/../lib/gcc/arm-none-eabi/12.3.1/../../../../arm-none-eabi/lib/thumb/v7e-m+fp/hard\libc.a
LOAD C:/ST/STM32CubeIDE_1.16.0/STM32CubeIDE/plugins/com.st.stm32cube.ide.mcu.externaltools.gnu-tools-for-stm32.12.3.rel1.win32_1.0.200.202406191623/tools/bin/../lib/gcc/arm-none-eabi/12.3.1/../../../../arm-none-eabi/lib/thumb/v7e-m+fp/hard\libm.a
LOAD C:/ST/STM32CubeIDE_1.16.0/STM32CubeIDE/plugins/com.st.stm32cube.ide.mcu.externaltools.gnu-tools-for-stm32.12.3.rel1.win32_1.0.200.202406191623/tools/bin/../lib/gcc/arm-none-eabi/12.3.1/thumb/v7e-m+fp/hard\libgcc.a

.debug_info     0x00000000    0x1139f
 .debug_info    0x00000000      0xb7a ./Core/Src/Custom/actions.o
 .debug_info    0x00000b7a     0x10df ./Core/Src/Custom/main.o
 .debug_info    0x00001c59      0x2a1 ./Core/Src/Custom/pins.o
 .debug_info    0x00001efa      0x185 ./Core/Src/Lib/action-mgr.o
 .debug_info    0x0000207f      0xb9d ./Core/Src/Lib/communication.o
 .debug_info    0x00002c1c      0xa09 ./Core/Src/Lib/dc-motor.o
 .debug_info    0x00003625     0x1045 ./Core/Src/Lib/lora.o
 .debug_info    0x0000466a      0x3c7 ./Core/Src/Lib/stepper-motor-event.o
 .debug_info    0x00004a31      0x467 ./Core/Src/Lib/stepper-motor.o
 .debug_info    0x00004e98       0xe8 ./Core/Src/Lib/stored-code.o
 .debug_info    0x00004f80      0x40a ./Core/Src/Lib/util.o
 .debug_info    0x0000538a     0x14e2 ./Core/Src/main.o
 .debug_info    0x0000686c     0x10d3 ./Core/Src/stm32l4xx_hal_msp.o
 .debug_info    0x0000793f      0x76b ./Core/Src/stm32l4xx_it.o
 .debug_info    0x000080aa      0x5b1 ./Core/Src/system_stm32l4xx.o
 .debug_info    0x0000865b       0x30 ./Core/Startup/startup_stm32l476rgtx.o
 .debug_info    0x0000868b      0xc09 ./Drivers/STM32L4xx_HAL_Driver/Src/stm32l4xx_hal.o
 .debug_info    0x00009294      0xd81 ./Drivers/STM32L4xx_HAL_Driver/Src/stm32l4xx_hal_cortex.o
 .debug_info    0x0000a015      0x757 ./Drivers/STM32L4xx_HAL_Driver/Src/stm32l4xx_hal_gpio.o
 .debug_info    0x0000a76c      0x99e ./Drivers/STM32L4xx_HAL_Driver/Src/stm32l4xx_hal_pwr_ex.o
 .debug_info    0x0000b10a      0xc14 ./Drivers/STM32L4xx_HAL_Driver/Src/stm32l4xx_hal_rcc.o
 .debug_info    0x0000bd1e     0x1549 ./Drivers/STM32L4xx_HAL_Driver/Src/stm32l4xx_hal_spi.o
 .debug_info    0x0000d267     0x2a9a ./Drivers/STM32L4xx_HAL_Driver/Src/stm32l4xx_hal_tim.o
 .debug_info    0x0000fd01     0x169e ./Drivers/STM32L4xx_HAL_Driver/Src/stm32l4xx_hal_tim_ex.o

.debug_abbrev   0x00000000     0x2e6c
 .debug_abbrev  0x00000000      0x240 ./Core/Src/Custom/actions.o
 .debug_abbrev  0x00000240      0x282 ./Core/Src/Custom/main.o
 .debug_abbrev  0x000004c2      0x108 ./Core/Src/Custom/pins.o
 .debug_abbrev  0x000005ca       0xf5 ./Core/Src/Lib/action-mgr.o
 .debug_abbrev  0x000006bf      0x222 ./Core/Src/Lib/communication.o
 .debug_abbrev  0x000008e1      0x23d ./Core/Src/Lib/dc-motor.o
 .debug_abbrev  0x00000b1e      0x2db ./Core/Src/Lib/lora.o
 .debug_abbrev  0x00000df9      0x194 ./Core/Src/Lib/stepper-motor-event.o
 .debug_abbrev  0x00000f8d      0x1da ./Core/Src/Lib/stepper-motor.o
 .debug_abbrev  0x00001167       0x9a ./Core/Src/Lib/stored-code.o
 .debug_abbrev  0x00001201      0x1cf ./Core/Src/Lib/util.o
 .debug_abbrev  0x000013d0      0x2b9 ./Core/Src/main.o
 .debug_abbrev  0x00001689      0x1c7 ./Core/Src/stm32l4xx_hal_msp.o
 .debug_abbrev  0x00001850      0x195 ./Core/Src/stm32l4xx_it.o
 .debug_abbrev  0x000019e5      0x11a ./Core/Src/system_stm32l4xx.o
 .debug_abbrev  0x00001aff       0x24 ./Core/Startup/startup_stm32l476rgtx.o
 .debug_abbrev  0x00001b23      0x243 ./Drivers/STM32L4xx_HAL_Driver/Src/stm32l4xx_hal.o
 .debug_abbrev  0x00001d66      0x31c ./Drivers/STM32L4xx_HAL_Driver/Src/stm32l4xx_hal_cortex.o
 .debug_abbrev  0x00002082      0x1cb ./Drivers/STM32L4xx_HAL_Driver/Src/stm32l4xx_hal_gpio.o
 .debug_abbrev  0x0000224d      0x1f9 ./Drivers/STM32L4xx_HAL_Driver/Src/stm32l4xx_hal_pwr_ex.o
 .debug_abbrev  0x00002446      0x2cb ./Drivers/STM32L4xx_HAL_Driver/Src/stm32l4xx_hal_rcc.o
 .debug_abbrev  0x00002711      0x260 ./Drivers/STM32L4xx_HAL_Driver/Src/stm32l4xx_hal_spi.o
 .debug_abbrev  0x00002971      0x278 ./Drivers/STM32L4xx_HAL_Driver/Src/stm32l4xx_hal_tim.o
 .debug_abbrev  0x00002be9      0x283 ./Drivers/STM32L4xx_HAL_Driver/Src/stm32l4xx_hal_tim_ex.o

.debug_aranges  0x00000000     0x1140
 .debug_aranges
                0x00000000       0x40 ./Core/Src/Custom/actions.o
 .debug_aranges
                0x00000040       0x48 ./Core/Src/Custom/main.o
 .debug_aranges
                0x00000088       0x18 ./Core/Src/Custom/pins.o
 .debug_aranges
                0x000000a0       0x38 ./Core/Src/Lib/action-mgr.o
 .debug_aranges
                0x000000d8       0x68 ./Core/Src/Lib/communication.o
 .debug_aranges
                0x00000140       0x60 ./Core/Src/Lib/dc-motor.o
 .debug_aranges
                0x000001a0      0x148 ./Core/Src/Lib/lora.o
 .debug_aranges
                0x000002e8       0x40 ./Core/Src/Lib/stepper-motor-event.o
 .debug_aranges
                0x00000328       0x48 ./Core/Src/Lib/stepper-motor.o
 .debug_aranges
                0x00000370       0x28 ./Core/Src/Lib/stored-code.o
 .debug_aranges
                0x00000398       0x58 ./Core/Src/Lib/util.o
 .debug_aranges
                0x000003f0       0x60 ./Core/Src/main.o
 .debug_aranges
                0x00000450       0x48 ./Core/Src/stm32l4xx_hal_msp.o
 .debug_aranges
                0x00000498       0x80 ./Core/Src/stm32l4xx_it.o
 .debug_aranges
                0x00000518       0x28 ./Core/Src/system_stm32l4xx.o
 .debug_aranges
                0x00000540       0x28 ./Core/Startup/startup_stm32l476rgtx.o
 .debug_aranges
                0x00000568      0x130 ./Drivers/STM32L4xx_HAL_Driver/Src/stm32l4xx_hal.o
 .debug_aranges
                0x00000698      0x128 ./Drivers/STM32L4xx_HAL_Driver/Src/stm32l4xx_hal_cortex.o
 .debug_aranges
                0x000007c0       0x58 ./Drivers/STM32L4xx_HAL_Driver/Src/stm32l4xx_hal_gpio.o
 .debug_aranges
                0x00000818      0x160 ./Drivers/STM32L4xx_HAL_Driver/Src/stm32l4xx_hal_pwr_ex.o
 .debug_aranges
                0x00000978       0x90 ./Drivers/STM32L4xx_HAL_Driver/Src/stm32l4xx_hal_rcc.o
 .debug_aranges
                0x00000a08      0x1d8 ./Drivers/STM32L4xx_HAL_Driver/Src/stm32l4xx_hal_spi.o
 .debug_aranges
                0x00000be0      0x3e0 ./Drivers/STM32L4xx_HAL_Driver/Src/stm32l4xx_hal_tim.o
 .debug_aranges
                0x00000fc0      0x180 ./Drivers/STM32L4xx_HAL_Driver/Src/stm32l4xx_hal_tim_ex.o

.debug_rnglists
                0x00000000      0xd0e
 .debug_rnglists
                0x00000000       0x2b ./Core/Src/Custom/actions.o
 .debug_rnglists
                0x0000002b       0x32 ./Core/Src/Custom/main.o
 .debug_rnglists
                0x0000005d       0x25 ./Core/Src/Lib/action-mgr.o
 .debug_rnglists
                0x00000082       0x4a ./Core/Src/Lib/communication.o
 .debug_rnglists
                0x000000cc       0x44 ./Core/Src/Lib/dc-motor.o
 .debug_rnglists
                0x00000110       0xf9 ./Core/Src/Lib/lora.o
 .debug_rnglists
                0x00000209       0x2c ./Core/Src/Lib/stepper-motor-event.o
 .debug_rnglists
                0x00000235       0x31 ./Core/Src/Lib/stepper-motor.o
 .debug_rnglists
                0x00000266       0x19 ./Core/Src/Lib/stored-code.o
 .debug_rnglists
                0x0000027f       0x3e ./Core/Src/Lib/util.o
 .debug_rnglists
                0x000002bd       0x47 ./Core/Src/main.o
 .debug_rnglists
                0x00000304       0x35 ./Core/Src/stm32l4xx_hal_msp.o
 .debug_rnglists
                0x00000339       0x5b ./Core/Src/stm32l4xx_it.o
 .debug_rnglists
                0x00000394       0x1a ./Core/Src/system_stm32l4xx.o
 .debug_rnglists
                0x000003ae       0x19 ./Core/Startup/startup_stm32l476rgtx.o
 .debug_rnglists
                0x000003c7       0xdf ./Drivers/STM32L4xx_HAL_Driver/Src/stm32l4xx_hal.o
 .debug_rnglists
                0x000004a6       0xda ./Drivers/STM32L4xx_HAL_Driver/Src/stm32l4xx_hal_cortex.o
 .debug_rnglists
                0x00000580       0x3f ./Drivers/STM32L4xx_HAL_Driver/Src/stm32l4xx_hal_gpio.o
 .debug_rnglists
                0x000005bf      0x109 ./Drivers/STM32L4xx_HAL_Driver/Src/stm32l4xx_hal_pwr_ex.o
 .debug_rnglists
                0x000006c8       0x6d ./Drivers/STM32L4xx_HAL_Driver/Src/stm32l4xx_hal_rcc.o
 .debug_rnglists
                0x00000735      0x178 ./Drivers/STM32L4xx_HAL_Driver/Src/stm32l4xx_hal_spi.o
 .debug_rnglists
                0x000008ad      0x328 ./Drivers/STM32L4xx_HAL_Driver/Src/stm32l4xx_hal_tim.o
 .debug_rnglists
                0x00000bd5      0x139 ./Drivers/STM32L4xx_HAL_Driver/Src/stm32l4xx_hal_tim_ex.o

.debug_macro    0x00000000    0x26e40
 .debug_macro   0x00000000      0x25a ./Core/Src/Custom/actions.o
 .debug_macro   0x0000025a      0xab4 ./Core/Src/Custom/actions.o
 .debug_macro   0x00000d0e       0x22 ./Core/Src/Custom/actions.o
 .debug_macro   0x00000d30       0x8e ./Core/Src/Custom/actions.o
 .debug_macro   0x00000dbe       0x51 ./Core/Src/Custom/actions.o
 .debug_macro   0x00000e0f      0x103 ./Core/Src/Custom/actions.o
 .debug_macro   0x00000f12       0x6a ./Core/Src/Custom/actions.o
 .debug_macro   0x00000f7c      0x1df ./Core/Src/Custom/actions.o
 .debug_macro   0x0000115b       0x22 ./Core/Src/Custom/actions.o
 .debug_macro   0x0000117d      0x1a7 ./Core/Src/Custom/actions.o
 .debug_macro   0x00001324       0x2e ./Core/Src/Custom/actions.o
 .debug_macro   0x00001352       0x28 ./Core/Src/Custom/actions.o
 .debug_macro   0x0000137a       0x1c ./Core/Src/Custom/actions.o
 .debug_macro   0x00001396       0x22 ./Core/Src/Custom/actions.o
 .debug_macro   0x000013b8       0xfb ./Core/Src/Custom/actions.o
 .debug_macro   0x000014b3     0x1011 ./Core/Src/Custom/actions.o
 .debug_macro   0x000024c4      0x11f ./Core/Src/Custom/actions.o
 .debug_macro   0x000025e3    0x1a17a ./Core/Src/Custom/actions.o
 .debug_macro   0x0001c75d       0x6d ./Core/Src/Custom/actions.o
 .debug_macro   0x0001c7ca     0x38fb ./Core/Src/Custom/actions.o
 .debug_macro   0x000200c5      0x189 ./Core/Src/Custom/actions.o
 .debug_macro   0x0002024e       0x5c ./Core/Src/Custom/actions.o
 .debug_macro   0x000202aa     0x159e ./Core/Src/Custom/actions.o
 .debug_macro   0x00021848      0x5a5 ./Core/Src/Custom/actions.o
 .debug_macro   0x00021ded      0x1b9 ./Core/Src/Custom/actions.o
 .debug_macro   0x00021fa6      0x18b ./Core/Src/Custom/actions.o
 .debug_macro   0x00022131      0x26b ./Core/Src/Custom/actions.o
 .debug_macro   0x0002239c      0x23d ./Core/Src/Custom/actions.o
 .debug_macro   0x000225d9      0x241 ./Core/Src/Custom/actions.o
 .debug_macro   0x0002281a      0x37c ./Core/Src/Custom/actions.o
 .debug_macro   0x00022b96       0xd6 ./Core/Src/Custom/actions.o
 .debug_macro   0x00022c6c      0x122 ./Core/Src/Custom/actions.o
 .debug_macro   0x00022d8e      0x3ef ./Core/Src/Custom/actions.o
 .debug_macro   0x0002317d      0x2fe ./Core/Src/Custom/actions.o
 .debug_macro   0x0002347b      0xa98 ./Core/Src/Custom/actions.o
 .debug_macro   0x00023f13      0x1e6 ./Core/Src/Custom/actions.o
 .debug_macro   0x000240f9      0x330 ./Core/Src/Custom/actions.o
 .debug_macro   0x00024429       0xc4 ./Core/Src/Custom/actions.o
 .debug_macro   0x000244ed       0x1c ./Core/Src/Custom/actions.o
 .debug_macro   0x00024509       0x40 ./Core/Src/Custom/actions.o
 .debug_macro   0x00024549       0x2e ./Core/Src/Custom/actions.o
 .debug_macro   0x00024577       0x1c ./Core/Src/Custom/actions.o
 .debug_macro   0x00024593       0x22 ./Core/Src/Custom/actions.o
 .debug_macro   0x000245b5      0x25f ./Core/Src/Custom/main.o
 .debug_macro   0x00024814       0x10 ./Core/Src/Custom/main.o
 .debug_macro   0x00024824      0x1f2 ./Core/Src/Custom/pins.o
 .debug_macro   0x00024a16       0x7e ./Core/Src/Lib/action-mgr.o
 .debug_macro   0x00024a94      0x217 ./Core/Src/Lib/communication.o
 .debug_macro   0x00024cab      0x1f2 ./Core/Src/Lib/dc-motor.o
 .debug_macro   0x00024e9d      0x32a ./Core/Src/Lib/lora.o
 .debug_macro   0x000251c7      0x200 ./Core/Src/Lib/stepper-motor-event.o
 .debug_macro   0x000253c7       0x1c ./Core/Src/Lib/stepper-motor-event.o
 .debug_macro   0x000253e3      0x1f7 ./Core/Src/Lib/stepper-motor.o
 .debug_macro   0x000255da       0x6d ./Core/Src/Lib/stored-code.o
 .debug_macro   0x00025647      0x1e8 ./Core/Src/Lib/util.o
 .debug_macro   0x0002582f      0x1da ./Core/Src/main.o
 .debug_macro   0x00025a09      0x1d0 ./Core/Src/stm32l4xx_hal_msp.o
 .debug_macro   0x00025bd9      0x1da ./Core/Src/stm32l4xx_it.o
 .debug_macro   0x00025db3      0x1c1 ./Core/Src/system_stm32l4xx.o
 .debug_macro   0x00025f74      0x20f ./Drivers/STM32L4xx_HAL_Driver/Src/stm32l4xx_hal.o
 .debug_macro   0x00026183      0x1c1 ./Drivers/STM32L4xx_HAL_Driver/Src/stm32l4xx_hal_cortex.o
 .debug_macro   0x00026344      0x1c8 ./Drivers/STM32L4xx_HAL_Driver/Src/stm32l4xx_hal_gpio.o
 .debug_macro   0x0002650c      0x1e5 ./Drivers/STM32L4xx_HAL_Driver/Src/stm32l4xx_hal_pwr_ex.o
 .debug_macro   0x000266f1      0x203 ./Drivers/STM32L4xx_HAL_Driver/Src/stm32l4xx_hal_rcc.o
 .debug_macro   0x000268f4      0x1c9 ./Drivers/STM32L4xx_HAL_Driver/Src/stm32l4xx_hal_spi.o
 .debug_macro   0x00026abd      0x1c2 ./Drivers/STM32L4xx_HAL_Driver/Src/stm32l4xx_hal_tim.o
 .debug_macro   0x00026c7f      0x1c1 ./Drivers/STM32L4xx_HAL_Driver/Src/stm32l4xx_hal_tim_ex.o

.debug_line     0x00000000    0x13a43
 .debug_line    0x00000000      0x890 ./Core/Src/Custom/actions.o
 .debug_line    0x00000890      0x8cc ./Core/Src/Custom/main.o
 .debug_line    0x0000115c      0x76a ./Core/Src/Custom/pins.o
 .debug_line    0x000018c6      0x4d6 ./Core/Src/Lib/action-mgr.o
 .debug_line    0x00001d9c      0x8f5 ./Core/Src/Lib/communication.o
 .debug_line    0x00002691      0x936 ./Core/Src/Lib/dc-motor.o
 .debug_line    0x00002fc7      0xdeb ./Core/Src/Lib/lora.o
 .debug_line    0x00003db2      0x85f ./Core/Src/Lib/stepper-motor-event.o
 .debug_line    0x00004611      0x8a5 ./Core/Src/Lib/stepper-motor.o
 .debug_line    0x00004eb6      0x440 ./Core/Src/Lib/stored-code.o
 .debug_line    0x000052f6      0x869 ./Core/Src/Lib/util.o
 .debug_line    0x00005b5f      0x9e2 ./Core/Src/main.o
 .debug_line    0x00006541      0x879 ./Core/Src/stm32l4xx_hal_msp.o
 .debug_line    0x00006dba      0x870 ./Core/Src/stm32l4xx_it.o
 .debug_line    0x0000762a      0x7e8 ./Core/Src/system_stm32l4xx.o
 .debug_line    0x00007e12       0x7a ./Core/Startup/startup_stm32l476rgtx.o
 .debug_line    0x00007e8c      0xb44 ./Drivers/STM32L4xx_HAL_Driver/Src/stm32l4xx_hal.o
 .debug_line    0x000089d0      0xd0c ./Drivers/STM32L4xx_HAL_Driver/Src/stm32l4xx_hal_cortex.o
 .debug_line    0x000096dc      0xbcf ./Drivers/STM32L4xx_HAL_Driver/Src/stm32l4xx_hal_gpio.o
 .debug_line    0x0000a2ab      0xd35 ./Drivers/STM32L4xx_HAL_Driver/Src/stm32l4xx_hal_pwr_ex.o
 .debug_line    0x0000afe0      0xfbc ./Drivers/STM32L4xx_HAL_Driver/Src/stm32l4xx_hal_rcc.o
 .debug_line    0x0000bf9c     0x2019 ./Drivers/STM32L4xx_HAL_Driver/Src/stm32l4xx_hal_spi.o
 .debug_line    0x0000dfb5     0x3e52 ./Drivers/STM32L4xx_HAL_Driver/Src/stm32l4xx_hal_tim.o
 .debug_line    0x00011e07     0x1c3c ./Drivers/STM32L4xx_HAL_Driver/Src/stm32l4xx_hal_tim_ex.o

.debug_str      0x00000000    0xeca7a
 .debug_str     0x00000000    0xe817d ./Core/Src/Custom/actions.o
                              0xe851b (size before relaxing)
 .debug_str     0x000e817d      0x469 ./Core/Src/Custom/main.o
                              0xe8951 (size before relaxing)
 .debug_str     0x000e85e6       0x87 ./Core/Src/Custom/pins.o
                              0xe7b7a (size before relaxing)
 .debug_str     0x000e866d       0x4e ./Core/Src/Lib/action-mgr.o
                               0x419b (size before relaxing)
 .debug_str     0x000e86bb      0x166 ./Core/Src/Lib/communication.o
                              0xe8310 (size before relaxing)
 .debug_str     0x000e8821       0xcc ./Core/Src/Lib/dc-motor.o
                              0xe810d (size before relaxing)
 .debug_str     0x000e88ed      0x704 ./Core/Src/Lib/lora.o
                              0xe8748 (size before relaxing)
 .debug_str     0x000e8ff1       0xc0 ./Core/Src/Lib/stepper-motor-event.o
                              0xe7d35 (size before relaxing)
 .debug_str     0x000e90b1       0xd0 ./Core/Src/Lib/stepper-motor.o
                              0xe7cb6 (size before relaxing)
 .debug_str     0x000e9181       0x1e ./Core/Src/Lib/stored-code.o
                               0x3d86 (size before relaxing)
 .debug_str     0x000e919f       0xd0 ./Core/Src/Lib/util.o
                              0xe7c21 (size before relaxing)
 .debug_str     0x000e926f      0x9c5 ./Core/Src/main.o
                              0xe8bf9 (size before relaxing)
 .debug_str     0x000e9c34       0xad ./Core/Src/stm32l4xx_hal_msp.o
                              0xe882a (size before relaxing)
 .debug_str     0x000e9ce1      0x12b ./Core/Src/stm32l4xx_it.o
                              0xe7fd6 (size before relaxing)
 .debug_str     0x000e9e0c       0xf2 ./Core/Src/system_stm32l4xx.o
                              0xe7845 (size before relaxing)
 .debug_str     0x000e9efe       0x44 ./Core/Startup/startup_stm32l476rgtx.o
                                 0xa1 (size before relaxing)
 .debug_str     0x000e9f42      0x69d ./Drivers/STM32L4xx_HAL_Driver/Src/stm32l4xx_hal.o
                              0xe8444 (size before relaxing)
 .debug_str     0x000ea5df      0x34b ./Drivers/STM32L4xx_HAL_Driver/Src/stm32l4xx_hal_cortex.o
                              0xe80be (size before relaxing)
 .debug_str     0x000ea92a       0xcb ./Drivers/STM32L4xx_HAL_Driver/Src/stm32l4xx_hal_gpio.o
                              0xe79be (size before relaxing)
 .debug_str     0x000ea9f5      0x4e3 ./Drivers/STM32L4xx_HAL_Driver/Src/stm32l4xx_hal_pwr_ex.o
                              0xe7da0 (size before relaxing)
 .debug_str     0x000eaed8      0x33f ./Drivers/STM32L4xx_HAL_Driver/Src/stm32l4xx_hal_rcc.o
                              0xe7e8b (size before relaxing)
 .debug_str     0x000eb217      0x591 ./Drivers/STM32L4xx_HAL_Driver/Src/stm32l4xx_hal_spi.o
                              0xe8060 (size before relaxing)
 .debug_str     0x000eb7a8      0xd4a ./Drivers/STM32L4xx_HAL_Driver/Src/stm32l4xx_hal_tim.o
                              0xe8b85 (size before relaxing)
 .debug_str     0x000ec4f2      0x588 ./Drivers/STM32L4xx_HAL_Driver/Src/stm32l4xx_hal_tim_ex.o
                              0xe8499 (size before relaxing)

.comment        0x00000000       0x43
 .comment       0x00000000       0x43 ./Core/Src/Custom/actions.o
                                 0x44 (size before relaxing)
 .comment       0x00000043       0x44 ./Core/Src/Custom/main.o
 .comment       0x00000043       0x44 ./Core/Src/Custom/pins.o
 .comment       0x00000043       0x44 ./Core/Src/Lib/action-mgr.o
 .comment       0x00000043       0x44 ./Core/Src/Lib/communication.o
 .comment       0x00000043       0x44 ./Core/Src/Lib/dc-motor.o
 .comment       0x00000043       0x44 ./Core/Src/Lib/lora.o
 .comment       0x00000043       0x44 ./Core/Src/Lib/stepper-motor-event.o
 .comment       0x00000043       0x44 ./Core/Src/Lib/stepper-motor.o
 .comment       0x00000043       0x44 ./Core/Src/Lib/stored-code.o
 .comment       0x00000043       0x44 ./Core/Src/Lib/util.o
 .comment       0x00000043       0x44 ./Core/Src/main.o
 .comment       0x00000043       0x44 ./Core/Src/stm32l4xx_hal_msp.o
 .comment       0x00000043       0x44 ./Core/Src/stm32l4xx_it.o
 .comment       0x00000043       0x44 ./Core/Src/system_stm32l4xx.o
 .comment       0x00000043       0x44 ./Drivers/STM32L4xx_HAL_Driver/Src/stm32l4xx_hal.o
 .comment       0x00000043       0x44 ./Drivers/STM32L4xx_HAL_Driver/Src/stm32l4xx_hal_cortex.o
 .comment       0x00000043       0x44 ./Drivers/STM32L4xx_HAL_Driver/Src/stm32l4xx_hal_gpio.o
 .comment       0x00000043       0x44 ./Drivers/STM32L4xx_HAL_Driver/Src/stm32l4xx_hal_pwr_ex.o
 .comment       0x00000043       0x44 ./Drivers/STM32L4xx_HAL_Driver/Src/stm32l4xx_hal_rcc.o
 .comment       0x00000043       0x44 ./Drivers/STM32L4xx_HAL_Driver/Src/stm32l4xx_hal_spi.o
 .comment       0x00000043       0x44 ./Drivers/STM32L4xx_HAL_Driver/Src/stm32l4xx_hal_tim.o
 .comment       0x00000043       0x44 ./Drivers/STM32L4xx_HAL_Driver/Src/stm32l4xx_hal_tim_ex.o

.debug_frame    0x00000000     0x47cc
 .debug_frame   0x00000000       0xc4 ./Core/Src/Custom/actions.o
 .debug_frame   0x000000c4       0xd8 ./Core/Src/Custom/main.o
 .debug_frame   0x0000019c       0x9c ./Core/Src/Lib/action-mgr.o
 .debug_frame   0x00000238      0x194 ./Core/Src/Lib/communication.o
 .debug_frame   0x000003cc      0x178 ./Core/Src/Lib/dc-motor.o
 .debug_frame   0x00000544      0x580 ./Core/Src/Lib/lora.o
 .debug_frame   0x00000ac4       0xd0 ./Core/Src/Lib/stepper-motor-event.o
 .debug_frame   0x00000b94       0xf0 ./Core/Src/Lib/stepper-motor.o
 .debug_frame   0x00000c84       0x58 ./Core/Src/Lib/stored-code.o
 .debug_frame   0x00000cdc      0x138 ./Core/Src/Lib/util.o
 .debug_frame   0x00000e14      0x138 ./Core/Src/main.o
 .debug_frame   0x00000f4c       0xec ./Core/Src/stm32l4xx_hal_msp.o
 .debug_frame   0x00001038      0x174 ./Core/Src/stm32l4xx_it.o
 .debug_frame   0x000011ac       0x58 ./Core/Src/system_stm32l4xx.o
 .debug_frame   0x00001204      0x498 ./Drivers/STM32L4xx_HAL_Driver/Src/stm32l4xx_hal.o
 .debug_frame   0x0000169c      0x4e8 ./Drivers/STM32L4xx_HAL_Driver/Src/stm32l4xx_hal_cortex.o
 .debug_frame   0x00001b84      0x14c ./Drivers/STM32L4xx_HAL_Driver/Src/stm32l4xx_hal_gpio.o
 .debug_frame   0x00001cd0      0x584 ./Drivers/STM32L4xx_HAL_Driver/Src/stm32l4xx_hal_pwr_ex.o
 .debug_frame   0x00002254      0x21c ./Drivers/STM32L4xx_HAL_Driver/Src/stm32l4xx_hal_rcc.o
 .debug_frame   0x00002470      0x860 ./Drivers/STM32L4xx_HAL_Driver/Src/stm32l4xx_hal_spi.o
 .debug_frame   0x00002cd0     0x121c ./Drivers/STM32L4xx_HAL_Driver/Src/stm32l4xx_hal_tim.o
 .debug_frame   0x00003eec      0x6b0 ./Drivers/STM32L4xx_HAL_Driver/Src/stm32l4xx_hal_tim_ex.o
 .debug_frame   0x0000459c       0x20 C:/ST/STM32CubeIDE_1.16.0/STM32CubeIDE/plugins/com.st.stm32cube.ide.mcu.externaltools.gnu-tools-for-stm32.12.3.rel1.win32_1.0.200.202406191623/tools/bin/../lib/gcc/arm-none-eabi/12.3.1/../../../../arm-none-eabi/lib/thumb/v7e-m+fp/hard\libc_nano.a(libc_a-memset.o)
 .debug_frame   0x000045bc       0x2c C:/ST/STM32CubeIDE_1.16.0/STM32CubeIDE/plugins/com.st.stm32cube.ide.mcu.externaltools.gnu-tools-for-stm32.12.3.rel1.win32_1.0.200.202406191623/tools/bin/../lib/gcc/arm-none-eabi/12.3.1/../../../../arm-none-eabi/lib/thumb/v7e-m+fp/hard\libc_nano.a(libc_a-init.o)
 .debug_frame   0x000045e8       0xac C:/ST/STM32CubeIDE_1.16.0/STM32CubeIDE/plugins/com.st.stm32cube.ide.mcu.externaltools.gnu-tools-for-stm32.12.3.rel1.win32_1.0.200.202406191623/tools/bin/../lib/gcc/arm-none-eabi/12.3.1/thumb/v7e-m+fp/hard\libgcc.a(_arm_addsubdf3.o)
 .debug_frame   0x00004694       0x50 C:/ST/STM32CubeIDE_1.16.0/STM32CubeIDE/plugins/com.st.stm32cube.ide.mcu.externaltools.gnu-tools-for-stm32.12.3.rel1.win32_1.0.200.202406191623/tools/bin/../lib/gcc/arm-none-eabi/12.3.1/thumb/v7e-m+fp/hard\libgcc.a(_arm_muldivdf3.o)
 .debug_frame   0x000046e4       0xc4 C:/ST/STM32CubeIDE_1.16.0/STM32CubeIDE/plugins/com.st.stm32cube.ide.mcu.externaltools.gnu-tools-for-stm32.12.3.rel1.win32_1.0.200.202406191623/tools/bin/../lib/gcc/arm-none-eabi/12.3.1/thumb/v7e-m+fp/hard\libgcc.a(_arm_cmpdf2.o)
 .debug_frame   0x000047a8       0x24 C:/ST/STM32CubeIDE_1.16.0/STM32CubeIDE/plugins/com.st.stm32cube.ide.mcu.externaltools.gnu-tools-for-stm32.12.3.rel1.win32_1.0.200.202406191623/tools/bin/../lib/gcc/arm-none-eabi/12.3.1/thumb/v7e-m+fp/hard\libgcc.a(_arm_fixunsdfsi.o)

.debug_line_str
                0x00000000       0x85
 .debug_line_str
                0x00000000       0x85 ./Core/Startup/startup_stm32l476rgtx.o
