../Core/Src/Custom/lora.c:61:16:_read	24	static
../Core/Src/Custom/lora.c:73:13:_write_bytes	32	static
../Core/Src/Custom/lora.c:83:13:_write	16	static
../Core/Src/Custom/lora.c:87:13:explicit_header_mode	16	static
../Core/Src/Custom/lora.c:92:13:implicit_header_mode	16	static
../Core/Src/Custom/lora.c:98:6:lora_init	24	static
../Core/Src/Custom/lora.c:137:6:lora_begin_packet	16	static
../Core/Src/Custom/lora.c:153:8:lora_write	16	static
../Core/Src/Custom/lora.c:157:8:lora_write_bytes	32	static
../Core/Src/Custom/lora.c:172:6:lora_end_packet	16	static
../Core/Src/Custom/lora.c:189:6:lora_is_transmitting	16	static
../Core/Src/Custom/lora.c:202:5:lora_parse_packet	24	static
../Core/Src/Custom/lora.c:246:5:lora_available	16	static
../Core/Src/Custom/lora.c:251:9:lora_read	16	static
../Core/Src/Custom/lora.c:262:9:lora_peek	24	static
../Core/Src/Custom/lora.c:279:6:lora_receive	16	static
../Core/Src/Custom/lora.c:293:6:lora_cad	16	static
../Core/Src/Custom/lora.c:298:6:lora_idle	16	static
../Core/Src/Custom/lora.c:302:6:lora_sleep	16	static
../Core/Src/Custom/lora.c:306:6:lora_set_tx_power	16	static
../Core/Src/Custom/lora.c:329:6:lora_set_frequency	32	static
../Core/Src/Custom/lora.c:337:6:lora_get_frequency	64	static
../Core/Src/Custom/lora.c:343:9:lora_get_spreading_factor	16	static
../Core/Src/Custom/lora.c:347:6:lora_set_spreading_factor	16	static
../Core/Src/Custom/lora.c:366:6:lora_get_signal_bandwidth	24	static
../Core/Src/Custom/lora.c:385:6:lora_set_signal_bandwidth	24	static
../Core/Src/Custom/lora.c:414:6:lora_set_ldo_flag	32	static
../Core/Src/Custom/lora.c:419:6:lora_set_ldo_flag_force	24	static
../Core/Src/Custom/lora.c:434:6:lora_set_coding_rate	24	static
../Core/Src/Custom/lora.c:445:6:lora_set_preamble_length	16	static
../Core/Src/Custom/lora.c:450:6:lora_set_sync_word	16	static
../Core/Src/Custom/lora.c:454:6:lora_enable_crc	16	static
../Core/Src/Custom/lora.c:458:6:lora_disable_crc	16	static
../Core/Src/Custom/lora.c:462:6:lora_enable_invert_iq	16	static
../Core/Src/Custom/lora.c:467:6:lora_disable_invert_iq	16	static
../Core/Src/Custom/lora.c:472:6:lora_set_ocp	24	static
../Core/Src/Custom/lora.c:484:6:lora_set_gain	16	static
../Core/Src/Custom/lora.c:509:6:lora_dio_interrupt	24	static
