18:20:52 **** Incremental Build of configuration Debug for project off-board-io ****
make -j12 all 
arm-none-eabi-gcc "../Core/Src/main.c" -mcpu=cortex-m4 -std=gnu11 -g3 -DDEBUG -DUSE_HAL_DRIVER -DSTM32L476xx -c -I../Core/Inc -I../Drivers/STM32L4xx_HAL_Driver/Inc -I../Drivers/STM32L4xx_HAL_Driver/Inc/Legacy -I../Drivers/CMSIS/Device/ST/STM32L4xx/Include -I../Drivers/CMSIS/Include -O0 -ffunction-sections -fdata-sections -Wall -fstack-usage -fcyclomatic-complexity -MMD -MP -MF"Core/Src/main.d" -MT"Core/Src/main.o" --specs=nano.specs -mfpu=fpv4-sp-d16 -mfloat-abi=hard -mthumb -o "Core/Src/main.o"
arm-none-eabi-gcc -o "off-board-io.elf" @"objects.list"   -mcpu=cortex-m4 -T"C:\Users\admin\stm\off-board-io\STM32L476RGTX_FLASH.ld" --specs=nosys.specs -Wl,-Map="off-board-io.map" -Wl,--gc-sections -static --specs=nano.specs -mfpu=fpv4-sp-d16 -mfloat-abi=hard -mthumb -Wl,--start-group -lc -lm -Wl,--end-group
Finished building target: off-board-io.elf
 
arm-none-eabi-size  off-board-io.elf 
arm-none-eabi-objdump -h -S off-board-io.elf  > "off-board-io.list"
   text	   data	    bss	    dec	    hex	filename
   8328	     12	   1748	  10088	   2768	off-board-io.elf
Finished building: default.size.stdout
 
Finished building: off-board-io.list
 

18:20:53 Build Finished. 0 errors, 0 warnings. (took 1s.62ms)

