Archive member included to satisfy reference by file (symbol)

C:/ST/STM32CubeIDE_1.16.0/STM32CubeIDE/plugins/com.st.stm32cube.ide.mcu.externaltools.gnu-tools-for-stm32.12.3.rel1.win32_1.0.200.202406191623/tools/bin/../lib/gcc/arm-none-eabi/12.3.1/../../../../arm-none-eabi/lib/thumb/v7e-m+fp/hard\libc_nano.a(libc_a-exit.o)
                              C:/ST/STM32CubeIDE_1.16.0/STM32CubeIDE/plugins/com.st.stm32cube.ide.mcu.externaltools.gnu-tools-for-stm32.12.3.rel1.win32_1.0.200.202406191623/tools/bin/../lib/gcc/arm-none-eabi/12.3.1/../../../../arm-none-eabi/lib/thumb/v7e-m+fp/hard/crt0.o (exit)
C:/ST/STM32CubeIDE_1.16.0/STM32CubeIDE/plugins/com.st.stm32cube.ide.mcu.externaltools.gnu-tools-for-stm32.12.3.rel1.win32_1.0.200.202406191623/tools/bin/../lib/gcc/arm-none-eabi/12.3.1/../../../../arm-none-eabi/lib/thumb/v7e-m+fp/hard\libc_nano.a(libc_a-findfp.o)
                              C:/ST/STM32CubeIDE_1.16.0/STM32CubeIDE/plugins/com.st.stm32cube.ide.mcu.externaltools.gnu-tools-for-stm32.12.3.rel1.win32_1.0.200.202406191623/tools/bin/../lib/gcc/arm-none-eabi/12.3.1/../../../../arm-none-eabi/lib/thumb/v7e-m+fp/hard\libc_nano.a(libc_a-exit.o) (__stdio_exit_handler)
C:/ST/STM32CubeIDE_1.16.0/STM32CubeIDE/plugins/com.st.stm32cube.ide.mcu.externaltools.gnu-tools-for-stm32.12.3.rel1.win32_1.0.200.202406191623/tools/bin/../lib/gcc/arm-none-eabi/12.3.1/../../../../arm-none-eabi/lib/thumb/v7e-m+fp/hard\libc_nano.a(libc_a-fwalk.o)
                              C:/ST/STM32CubeIDE_1.16.0/STM32CubeIDE/plugins/com.st.stm32cube.ide.mcu.externaltools.gnu-tools-for-stm32.12.3.rel1.win32_1.0.200.202406191623/tools/bin/../lib/gcc/arm-none-eabi/12.3.1/../../../../arm-none-eabi/lib/thumb/v7e-m+fp/hard\libc_nano.a(libc_a-findfp.o) (_fwalk_sglue)
C:/ST/STM32CubeIDE_1.16.0/STM32CubeIDE/plugins/com.st.stm32cube.ide.mcu.externaltools.gnu-tools-for-stm32.12.3.rel1.win32_1.0.200.202406191623/tools/bin/../lib/gcc/arm-none-eabi/12.3.1/../../../../arm-none-eabi/lib/thumb/v7e-m+fp/hard\libc_nano.a(libc_a-stdio.o)
                              C:/ST/STM32CubeIDE_1.16.0/STM32CubeIDE/plugins/com.st.stm32cube.ide.mcu.externaltools.gnu-tools-for-stm32.12.3.rel1.win32_1.0.200.202406191623/tools/bin/../lib/gcc/arm-none-eabi/12.3.1/../../../../arm-none-eabi/lib/thumb/v7e-m+fp/hard\libc_nano.a(libc_a-findfp.o) (__sread)
C:/ST/STM32CubeIDE_1.16.0/STM32CubeIDE/plugins/com.st.stm32cube.ide.mcu.externaltools.gnu-tools-for-stm32.12.3.rel1.win32_1.0.200.202406191623/tools/bin/../lib/gcc/arm-none-eabi/12.3.1/../../../../arm-none-eabi/lib/thumb/v7e-m+fp/hard\libc_nano.a(libc_a-memset.o)
                              C:/ST/STM32CubeIDE_1.16.0/STM32CubeIDE/plugins/com.st.stm32cube.ide.mcu.externaltools.gnu-tools-for-stm32.12.3.rel1.win32_1.0.200.202406191623/tools/bin/../lib/gcc/arm-none-eabi/12.3.1/../../../../arm-none-eabi/lib/thumb/v7e-m+fp/hard/crt0.o (memset)
C:/ST/STM32CubeIDE_1.16.0/STM32CubeIDE/plugins/com.st.stm32cube.ide.mcu.externaltools.gnu-tools-for-stm32.12.3.rel1.win32_1.0.200.202406191623/tools/bin/../lib/gcc/arm-none-eabi/12.3.1/../../../../arm-none-eabi/lib/thumb/v7e-m+fp/hard\libc_nano.a(libc_a-closer.o)
                              C:/ST/STM32CubeIDE_1.16.0/STM32CubeIDE/plugins/com.st.stm32cube.ide.mcu.externaltools.gnu-tools-for-stm32.12.3.rel1.win32_1.0.200.202406191623/tools/bin/../lib/gcc/arm-none-eabi/12.3.1/../../../../arm-none-eabi/lib/thumb/v7e-m+fp/hard\libc_nano.a(libc_a-stdio.o) (_close_r)
C:/ST/STM32CubeIDE_1.16.0/STM32CubeIDE/plugins/com.st.stm32cube.ide.mcu.externaltools.gnu-tools-for-stm32.12.3.rel1.win32_1.0.200.202406191623/tools/bin/../lib/gcc/arm-none-eabi/12.3.1/../../../../arm-none-eabi/lib/thumb/v7e-m+fp/hard\libc_nano.a(libc_a-reent.o)
                              C:/ST/STM32CubeIDE_1.16.0/STM32CubeIDE/plugins/com.st.stm32cube.ide.mcu.externaltools.gnu-tools-for-stm32.12.3.rel1.win32_1.0.200.202406191623/tools/bin/../lib/gcc/arm-none-eabi/12.3.1/../../../../arm-none-eabi/lib/thumb/v7e-m+fp/hard\libc_nano.a(libc_a-closer.o) (errno)
C:/ST/STM32CubeIDE_1.16.0/STM32CubeIDE/plugins/com.st.stm32cube.ide.mcu.externaltools.gnu-tools-for-stm32.12.3.rel1.win32_1.0.200.202406191623/tools/bin/../lib/gcc/arm-none-eabi/12.3.1/../../../../arm-none-eabi/lib/thumb/v7e-m+fp/hard\libc_nano.a(libc_a-impure.o)
                              C:/ST/STM32CubeIDE_1.16.0/STM32CubeIDE/plugins/com.st.stm32cube.ide.mcu.externaltools.gnu-tools-for-stm32.12.3.rel1.win32_1.0.200.202406191623/tools/bin/../lib/gcc/arm-none-eabi/12.3.1/../../../../arm-none-eabi/lib/thumb/v7e-m+fp/hard\libc_nano.a(libc_a-reent.o) (_impure_ptr)
C:/ST/STM32CubeIDE_1.16.0/STM32CubeIDE/plugins/com.st.stm32cube.ide.mcu.externaltools.gnu-tools-for-stm32.12.3.rel1.win32_1.0.200.202406191623/tools/bin/../lib/gcc/arm-none-eabi/12.3.1/../../../../arm-none-eabi/lib/thumb/v7e-m+fp/hard\libc_nano.a(libc_a-lseekr.o)
[...]
Memory Configuration

Name             Origin             Length             Attributes
RAM              0x20000000         0x00018000         xrw
RAM2             0x10000000         0x00008000         xrw
FLASH            0x08000000         0x00100000         xr
*default*        0x00000000         0xffffffff

Linker script and memory map

LOAD C:/ST/STM32CubeIDE_1.16.0/STM32CubeIDE/plugins/com.st.stm32cube.ide.mcu.externaltools.gnu-tools-for-stm32.12.3.rel1.win32_1.0.200.202406191623/tools/bin/../lib/gcc/arm-none-eabi/12.3.1/thumb/v7e-m+fp/hard/crti.o
LOAD C:/ST/STM32CubeIDE_1.16.0/STM32CubeIDE/plugins/com.st.stm32cube.ide.mcu.externaltools.gnu-tools-for-stm32.12.3.rel1.win32_1.0.200.202406191623/tools/bin/../lib/gcc/arm-none-eabi/12.3.1/thumb/v7e-m+fp/hard/crtbegin.o
LOAD C:/ST/STM32CubeIDE_1.16.0/STM32CubeIDE/plugins/com.st.stm32cube.ide.mcu.externaltools.gnu-tools-for-stm32.12.3.rel1.win32_1.0.200.202406191623/tools/bin/../lib/gcc/arm-none-eabi/12.3.1/../../../../arm-none-eabi/lib/thumb/v7e-m+fp/hard/crt0.o
LOAD ./Core/Src/Custom/util.o
LOAD ./Core/Src/main.o
LOAD ./Core/Src/stm32l4xx_hal_msp.o
LOAD ./Core/Src/stm32l4xx_it.o
LOAD ./Core/Src/syscalls.o
LOAD ./Core/Src/sysmem.o
LOAD ./Core/Src/system_stm32l4xx.o
LOAD ./Core/Startup/startup_stm32l476rgtx.o
LOAD ./Drivers/STM32L4xx_HAL_Driver/Src/stm32l4xx_hal.o
LOAD ./Drivers/STM32L4xx_HAL_Driver/Src/stm32l4xx_hal_cortex.o
LOAD ./Drivers/STM32L4xx_HAL_Driver/Src/stm32l4xx_hal_dma.o
LOAD ./Drivers/STM32L4xx_HAL_Driver/Src/stm32l4xx_hal_dma_ex.o
LOAD ./Drivers/STM32L4xx_HAL_Driver/Src/stm32l4xx_hal_exti.o
LOAD ./Drivers/STM32L4xx_HAL_Driver/Src/stm32l4xx_hal_flash.o
LOAD ./Drivers/STM32L4xx_HAL_Driver/Src/stm32l4xx_hal_flash_ex.o
LOAD ./Drivers/STM32L4xx_HAL_Driver/Src/stm32l4xx_hal_flash_ramfunc.o
LOAD ./Drivers/STM32L4xx_HAL_Driver/Src/stm32l4xx_hal_gpio.o
LOAD ./Drivers/STM32L4xx_HAL_Driver/Src/stm32l4xx_hal_i2c.o
LOAD ./Drivers/STM32L4xx_HAL_Driver/Src/stm32l4xx_hal_i2c_ex.o
LOAD ./Drivers/STM32L4xx_HAL_Driver/Src/stm32l4xx_hal_pwr.o
LOAD ./Drivers/STM32L4xx_HAL_Driver/Src/stm32l4xx_hal_pwr_ex.o
LOAD ./Drivers/STM32L4xx_HAL_Driver/Src/stm32l4xx_hal_rcc.o
LOAD ./Drivers/STM32L4xx_HAL_Driver/Src/stm32l4xx_hal_rcc_ex.o
LOAD ./Drivers/STM32L4xx_HAL_Driver/Src/stm32l4xx_hal_spi.o
LOAD ./Drivers/STM32L4xx_HAL_Driver/Src/stm32l4xx_hal_spi_ex.o
LOAD ./Drivers/STM32L4xx_HAL_Driver/Src/stm32l4xx_hal_tim.o
LOAD ./Drivers/STM32L4xx_HAL_Driver/Src/stm32l4xx_hal_tim_ex.o
START GROUP
LOAD C:/ST/STM32CubeIDE_1.16.0/STM32CubeIDE/plugins/com.st.stm32cube.ide.mcu.externaltools.gnu-tools-for-stm32.12.3.rel1.win32_1.0.200.202406191623/tools/bin/../lib/gcc/arm-none-eabi/12.3.1/../../../../arm-none-eabi/lib/thumb/v7e-m+fp/hard\libc_nano.a
LOAD C:/ST/STM32CubeIDE_1.16.0/STM32CubeIDE/plugins/com.st.stm32cube.ide.mcu.externaltools.gnu-tools-for-stm32.12.3.rel1.win32_1.0.200.202406191623/tools/bin/../lib/gcc/arm-none-eabi/12.3.1/../../../../arm-none-eabi/lib/thumb/v7e-m+fp/hard\libm.a
END GROUP
START GROUP
LOAD C:/ST/STM32CubeIDE_1.16.0/STM32CubeIDE/plugins/com.st.stm32cube.ide.mcu.externaltools.gnu-tools-for-stm32.12.3.rel1.win32_1.0.200.202406191623/tools/bin/../lib/gcc/arm-none-eabi/12.3.1/thumb/v7e-m+fp/hard\libgcc.a
LOAD C:/ST/STM32CubeIDE_1.16.0/STM32CubeIDE/plugins/com.st.stm32cube.ide.mcu.externaltools.gnu-tools-for-stm32.12.3.rel1.win32_1.0.200.202406191623/tools/bin/../lib/gcc/arm-none-eabi/12.3.1/../../../../arm-none-eabi/lib/thumb/v7e-m+fp/hard\libc_nano.a
END GROUP
START GROUP
LOAD C:/ST/STM32CubeIDE_1.16.0/STM32CubeIDE/plugins/com.st.stm32cube.ide.mcu.externaltools.gnu-tools-for-stm32.12.3.rel1.win32_1.0.200.202406191623/tools/bin/../lib/gcc/arm-none-eabi/12.3.1/thumb/v7e-m+fp/hard\libgcc.a
LOAD C:/ST/STM32CubeIDE_1.16.0/STM32CubeIDE/plugins/com.st.stm32cube.ide.mcu.externaltools.gnu-tools-for-stm32.12.3.rel1.win32_1.0.200.202406191623/tools/bin/../lib/gcc/arm-none-eabi/12.3.1/../../../../arm-none-eabi/lib/thumb/v7e-m+fp/hard\libc_nano.a
LOAD C:/ST/STM32CubeIDE_1.16.0/STM32CubeIDE/plugins/com.st.stm32cube.ide.mcu.externaltools.gnu-tools-for-stm32.12.3.rel1.win32_1.0.200.202406191623/tools/bin/../lib/gcc/arm-none-eabi/12.3.1/../../../../arm-none-eabi/lib/thumb/v7e-m+fp/hard\libnosys.a
END GROUP
START GROUP
LOAD C:/ST/STM32CubeIDE_1.16.0/STM32CubeIDE/plugins/com.st.stm32cube.ide.mcu.externaltools.gnu-tools-for-stm32.12.3.rel1.win32_1.0.200.202406191623/tools/bin/../lib/gcc/arm-none-eabi/12.3.1/thumb/v7e-m+fp/hard\libgcc.a
LOAD C:/ST/STM32CubeIDE_1.16.0/STM32CubeIDE/plugins/com.st.stm32cube.ide.mcu.externaltools.gnu-tools-for-stm32.12.3.rel1.win32_1.0.200.202406191623/tools/bin/../lib/gcc/arm-none-eabi/12.3.1/../../../../arm-none-eabi/lib/thumb/v7e-m+fp/hard\libc_nano.a
LOAD C:/ST/STM32CubeIDE_1.16.0/STM32CubeIDE/plugins/com.st.stm32cube.ide.mcu.externaltools.gnu-tools-for-stm32.12.3.rel1.win32_1.0.200.202406191623/tools/bin/../lib/gcc/arm-none-eabi/12.3.1/../../../../arm-none-eabi/lib/thumb/v7e-m+fp/hard\libnosys.a
END GROUP
LOAD C:/ST/STM32CubeIDE_1.16.0/STM32CubeIDE/plugins/com.st.stm32cube.ide.mcu.externaltools.gnu-tools-for-stm32.12.3.rel1.win32_1.0.200.202406191623/tools/bin/../lib/gcc/arm-none-eabi/12.3.1/thumb/v7e-m+fp/hard/crtend.o
LOAD C:/ST/STM32CubeIDE_1.16.0/STM32CubeIDE/plugins/com.st.stm32cube.ide.mcu.externaltools.gnu-tools-for-stm32.12.3.rel1.win32_1.0.200.202406191623/tools/bin/../lib/gcc/arm-none-eabi/12.3.1/thumb/v7e-m+fp/hard/crtn.o
                0x20018000                        _estack = (ORIGIN (RAM) + LENGTH (RAM))
                0x00000200                        _Min_Heap_Size = 0x200
                0x00000400                        _Min_Stack_Size = 0x400

.isr_vector     0x08000000      0x188
                0x08000000                        . = ALIGN (0x4)
 *(.isr_vector)
 .isr_vector    0x08000000      0x188 ./Core/Startup/startup_stm32l476rgtx.o
                0x08000000                g_pfnVectors
                0x08000188                        . = ALIGN (0x4)

.text           0x08000188     0x21f4
                0x08000188                        . = ALIGN (0x4)
 *(.text)
 .text          0x08000188       0x40 C:/ST/STM32CubeIDE_1.16.0/STM32CubeIDE/plugins/com.st.stm32cube.ide.mcu.externaltools.gnu-tools-for-stm32.12.3.rel1.win32_1.0.200.202406191623/tools/bin/../lib/gcc/arm-none-eabi/12.3.1/thumb/v7e-m+fp/hard/crtbegin.o
 *(.text*)
 .text.set_pin  0x080001c8       0x20 ./Core/Src/Custom/util.o
                0x080001c8                set_pin
 .text.reset_pin
                0x080001e8       0x20 ./Core/Src/Custom/util.o
                0x080001e8                reset_pin
 .text._write   0x08000208       0x54 ./Core/Src/main.o
 .text.setup    0x0800025c       0x58 ./Core/Src/main.o
                0x0800025c                setup
 .text.loop     0x080002b4        0xe ./Core/Src/main.o
                0x080002b4                loop
 .text.main     0x080002c2       0x1e ./Core/Src/main.o
                0x080002c2                main
 .text.SystemClock_Config
                0x080002e0       0xa2 ./Core/Src/main.o
                0x080002e0                SystemClock_Config
 *fill*         0x08000382        0x2 
 .text.MX_SPI1_Init
                0x08000384       0x7c ./Core/Src/main.o
 .text.MX_GPIO_Init
                0x08000400       0x64 ./Core/Src/main.o
 .text.Error_Handler
                0x08000464        0xc ./Core/Src/main.o
                0x08000464                Error_Handler
 .text.HAL_MspInit
                0x08000470       0x48 ./Core/Src/stm32l4xx_hal_msp.o
                0x08000470                HAL_MspInit
 .text.HAL_SPI_MspInit
                0x080004b8       0x94 ./Core/Src/stm32l4xx_hal_msp.o
                0x080004b8                HAL_SPI_MspInit
 .text.NMI_Handler
                0x0800054c        0x8 ./Core/Src/stm32l4xx_it.o
                0x0800054c                NMI_Handler
 .text.HardFault_Handler
                0x08000554        0x8 ./Core/Src/stm32l4xx_it.o
                0x08000554                HardFault_Handler
 .text.MemManage_Handler
                0x0800055c        0x8 ./Core/Src/stm32l4xx_it.o
                0x0800055c                MemManage_Handler
 .text.BusFault_Handler
                0x08000564        0x8 ./Core/Src/stm32l4xx_it.o
                0x08000564                BusFault_Handler
 .text.UsageFault_Handler
                0x0800056c        0x8 ./Core/Src/stm32l4xx_it.o
                0x0800056c                UsageFault_Handler
 .text.SVC_Handler
                0x08000574        0xe ./Core/Src/stm32l4xx_it.o
                0x08000574                SVC_Handler
 .text.DebugMon_Handler
                0x08000582        0xe ./Core/Src/stm32l4xx_it.o
                0x08000582                DebugMon_Handler
 .text.PendSV_Handler
                0x08000590        0xe ./Core/Src/stm32l4xx_it.o
                0x08000590                PendSV_Handler
 .text.SysTick_Handler
                0x0800059e        0xc ./Core/Src/stm32l4xx_it.o
                0x0800059e                SysTick_Handler
 *fill*         0x080005aa        0x2 
 .text.SPI1_IRQHandler
                0x080005ac       0x14 ./Core/Src/stm32l4xx_it.o
                0x080005ac                SPI1_IRQHandler
 .text.SystemInit
                0x080005c0       0x24 ./Core/Src/system_stm32l4xx.o
                0x080005c0                SystemInit
 .text.Reset_Handler
                0x080005e4       0x50 ./Core/Startup/startup_stm32l476rgtx.o
                0x080005e4                Reset_Handler
 .text.Default_Handler
                0x08000634        0x2 ./Core/Startup/startup_stm32l476rgtx.o
                0x08000634                RTC_Alarm_IRQHandler
                0x08000634                EXTI2_IRQHandler
                0x08000634                TIM8_TRG_COM_IRQHandler
                0x08000634                TIM8_CC_IRQHandler
                0x08000634                TIM1_CC_IRQHandler
                0x08000634                TSC_IRQHandler
                0x08000634                TAMP_STAMP_IRQHandler
                0x08000634                EXTI3_IRQHandler
                0x08000634                LPTIM2_IRQHandler
                0x08000634                DFSDM1_FLT1_IRQHandler
                0x08000634                I2C3_ER_IRQHandler
                0x08000634                DFSDM1_FLT2_IRQHandler
                0x08000634                EXTI0_IRQHandler
                0x08000634                I2C2_EV_IRQHandler
                0x08000634                CAN1_RX0_IRQHandler
                0x08000634                FPU_IRQHandler
                0x08000634                TIM1_UP_TIM16_IRQHandler
                0x08000634                ADC1_2_IRQHandler
                0x08000634                TIM6_DAC_IRQHandler
                0x08000634                TIM8_UP_IRQHandler
                0x08000634                DMA2_Channel2_IRQHandler
                0x08000634                DMA1_Channel4_IRQHandler
                0x08000634                SAI2_IRQHandler
                0x08000634                DFSDM1_FLT3_IRQHandler
                0x08000634                USART3_IRQHandler
                0x08000634                DMA1_Channel7_IRQHandler
                0x08000634                CAN1_RX1_IRQHandler
                0x08000634                LCD_IRQHandler
                0x08000634                UART5_IRQHandler
                0x08000634                ADC3_IRQHandler
                0x08000634                TIM4_IRQHandler
                0x08000634                DMA2_Channel1_IRQHandler
                0x08000634                QUADSPI_IRQHandler
                0x08000634                I2C1_EV_IRQHandler
                0x08000634                DMA1_Channel6_IRQHandler
                0x08000634                UART4_IRQHandler
                0x08000634                DMA2_Channel4_IRQHandler
                0x08000634                TIM3_IRQHandler
                0x08000634                RCC_IRQHandler
                0x08000634                DMA1_Channel1_IRQHandler
                0x08000634                Default_Handler
                0x08000634                DMA2_Channel7_IRQHandler
                0x08000634                EXTI15_10_IRQHandler
                0x08000634                TIM7_IRQHandler
                0x08000634                SDMMC1_IRQHandler
                0x08000634                TIM5_IRQHandler
                0x08000634                I2C3_EV_IRQHandler
                0x08000634                EXTI9_5_IRQHandler
                0x08000634                RTC_WKUP_IRQHandler
                0x08000634                PVD_PVM_IRQHandler
                0x08000634                SPI2_IRQHandler
                0x08000634                CAN1_TX_IRQHandler
                0x08000634                DMA2_Channel5_IRQHandler
                0x08000634                DMA1_Channel5_IRQHandler
                0x08000634                EXTI4_IRQHandler
                0x08000634                RNG_IRQHandler
                0x08000634                TIM1_TRG_COM_TIM17_IRQHandler
                0x08000634                DMA1_Channel3_IRQHandler
                0x08000634                COMP_IRQHandler
                0x08000634                WWDG_IRQHandler
                0x08000634                LPUART1_IRQHandler
                0x08000634                DMA2_Channel6_IRQHandler
                0x08000634                TIM2_IRQHandler
                0x08000634                EXTI1_IRQHandler
                0x08000634                USART2_IRQHandler
                0x08000634                DFSDM1_FLT0_IRQHandler
                0x08000634                I2C2_ER_IRQHandler
                0x08000634                DMA1_Channel2_IRQHandler
                0x08000634                TIM8_BRK_IRQHandler
                0x08000634                CAN1_SCE_IRQHandler
                0x08000634                FLASH_IRQHandler
                0x08000634                USART1_IRQHandler
                0x08000634                OTG_FS_IRQHandler
                0x08000634                SPI3_IRQHandler
                0x08000634                I2C1_ER_IRQHandler
                0x08000634                FMC_IRQHandler
                0x08000634                SWPMI1_IRQHandler
                0x08000634                LPTIM1_IRQHandler
                0x08000634                SAI1_IRQHandler
                0x08000634                DMA2_Channel3_IRQHandler
                0x08000634                TIM1_BRK_TIM15_IRQHandler
 .text.HAL_Init
                0x08000636       0x30 ./Drivers/STM32L4xx_HAL_Driver/Src/stm32l4xx_hal.o
                0x08000636                HAL_Init
 *fill*         0x08000666        0x2 
 .text.HAL_InitTick
                0x08000668       0x78 ./Drivers/STM32L4xx_HAL_Driver/Src/stm32l4xx_hal.o
                0x08000668                HAL_InitTick
 .text.HAL_IncTick
                0x080006e0       0x28 ./Drivers/STM32L4xx_HAL_Driver/Src/stm32l4xx_hal.o
                0x080006e0                HAL_IncTick
 .text.HAL_GetTick
                0x08000708       0x18 ./Drivers/STM32L4xx_HAL_Driver/Src/stm32l4xx_hal.o
                0x08000708                HAL_GetTick
 .text.HAL_Delay
                0x08000720       0x48 ./Drivers/STM32L4xx_HAL_Driver/Src/stm32l4xx_hal.o
                0x08000720                HAL_Delay
 .text.__NVIC_SetPriorityGrouping
                0x08000768       0x48 ./Drivers/STM32L4xx_HAL_Driver/Src/stm32l4xx_hal_cortex.o
 .text.__NVIC_GetPriorityGrouping
                0x080007b0       0x1c ./Drivers/STM32L4xx_HAL_Driver/Src/stm32l4xx_hal_cortex.o
 .text.__NVIC_EnableIRQ
                0x080007cc       0x3c ./Drivers/STM32L4xx_HAL_Driver/Src/stm32l4xx_hal_cortex.o
 .text.__NVIC_SetPriority
                0x08000808       0x54 ./Drivers/STM32L4xx_HAL_Driver/Src/stm32l4xx_hal_cortex.o
 .text.NVIC_EncodePriority
                0x0800085c       0x66 ./Drivers/STM32L4xx_HAL_Driver/Src/stm32l4xx_hal_cortex.o
 *fill*         0x080008c2        0x2 
 .text.SysTick_Config
                0x080008c4       0x44 ./Drivers/STM32L4xx_HAL_Driver/Src/stm32l4xx_hal_cortex.o
 .text.HAL_NVIC_SetPriorityGrouping
                0x08000908       0x16 ./Drivers/STM32L4xx_HAL_Driver/Src/stm32l4xx_hal_cortex.o
                0x08000908                HAL_NVIC_SetPriorityGrouping
 .text.HAL_NVIC_SetPriority
                0x0800091e       0x38 ./Drivers/STM32L4xx_HAL_Driver/Src/stm32l4xx_hal_cortex.o
                0x0800091e                HAL_NVIC_SetPriority
 .text.HAL_NVIC_EnableIRQ
                0x08000956       0x1c ./Drivers/STM32L4xx_HAL_Driver/Src/stm32l4xx_hal_cortex.o
                0x08000956                HAL_NVIC_EnableIRQ
 .text.HAL_SYSTICK_Config
                0x08000972       0x18 ./Drivers/STM32L4xx_HAL_Driver/Src/stm32l4xx_hal_cortex.o
                0x08000972                HAL_SYSTICK_Config
 .text.HAL_DMA_Abort_IT
                0x0800098a       0x82 ./Drivers/STM32L4xx_HAL_Driver/Src/stm32l4xx_hal_dma.o
                0x0800098a                HAL_DMA_Abort_IT
 .text.HAL_GPIO_Init
                0x08000a0c      0x354 ./Drivers/STM32L4xx_HAL_Driver/Src/stm32l4xx_hal_gpio.o
                0x08000a0c                HAL_GPIO_Init
 .text.HAL_GPIO_WritePin
                0x08000d60       0x30 ./Drivers/STM32L4xx_HAL_Driver/Src/stm32l4xx_hal_gpio.o
                0x08000d60                HAL_GPIO_WritePin
 .text.HAL_PWREx_GetVoltageRange
                0x08000d90       0x1c ./Drivers/STM32L4xx_HAL_Driver/Src/stm32l4xx_hal_pwr_ex.o
                0x08000d90                HAL_PWREx_GetVoltageRange
 .text.HAL_PWREx_ControlVoltageScaling
                0x08000dac       0xac ./Drivers/STM32L4xx_HAL_Driver/Src/stm32l4xx_hal_pwr_ex.o
                0x08000dac                HAL_PWREx_ControlVoltageScaling
 .text.HAL_RCC_OscConfig
                0x08000e58      0x7b8 ./Drivers/STM32L4xx_HAL_Driver/Src/stm32l4xx_hal_rcc.o
                0x08000e58                HAL_RCC_OscConfig
 .text.HAL_RCC_ClockConfig
                0x08001610      0x200 ./Drivers/STM32L4xx_HAL_Driver/Src/stm32l4xx_hal_rcc.o
                0x08001610                HAL_RCC_ClockConfig
 .text.HAL_RCC_GetSysClockFreq
                0x08001810      0x118 ./Drivers/STM32L4xx_HAL_Driver/Src/stm32l4xx_hal_rcc.o
                0x08001810                HAL_RCC_GetSysClockFreq
 .text.RCC_SetFlashLatencyFromMSIRange
                0x08001928       0xc0 ./Drivers/STM32L4xx_HAL_Driver/Src/stm32l4xx_hal_rcc.o
 .text.HAL_SPI_Init
                0x080019e8      0x146 ./Drivers/STM32L4xx_HAL_Driver/Src/stm32l4xx_hal_spi.o
                0x080019e8                HAL_SPI_Init
 .text.HAL_SPI_Transmit
                0x08001b2e      0x2ec ./Drivers/STM32L4xx_HAL_Driver/Src/stm32l4xx_hal_spi.o
                0x08001b2e                HAL_SPI_Transmit
 *fill*         0x08001e1a        0x2 
 .text.HAL_SPI_IRQHandler
                0x08001e1c      0x1e8 ./Drivers/STM32L4xx_HAL_Driver/Src/stm32l4xx_hal_spi.o
                0x08001e1c                HAL_SPI_IRQHandler
 .text.HAL_SPI_ErrorCallback
                0x08002004       0x14 ./Drivers/STM32L4xx_HAL_Driver/Src/stm32l4xx_hal_spi.o
                0x08002004                HAL_SPI_ErrorCallback
 .text.SPI_DMAAbortOnError
                0x08002018       0x2a ./Drivers/STM32L4xx_HAL_Driver/Src/stm32l4xx_hal_spi.o
 *fill*         0x08002042        0x2 
 .text.SPI_WaitFlagStateUntilTimeout
                0x08002044      0x110 ./Drivers/STM32L4xx_HAL_Driver/Src/stm32l4xx_hal_spi.o
 .text.SPI_WaitFifoStateUntilTimeout
                0x08002154      0x12c ./Drivers/STM32L4xx_HAL_Driver/Src/stm32l4xx_hal_spi.o
 .text.SPI_EndRxTxTransaction
                0x08002280       0x8c ./Drivers/STM32L4xx_HAL_Driver/Src/stm32l4xx_hal_spi.o
 .text.memset   0x0800230c       0x10 C:/ST/STM32CubeIDE_1.16.0/STM32CubeIDE/plugins/com.st.stm32cube.ide.mcu.externaltools.gnu-tools-for-stm32.12.3.rel1.win32_1.0.200.202406191623/tools/bin/../lib/gcc/arm-none-eabi/12.3.1/../../../../arm-none-eabi/lib/thumb/v7e-m+fp/hard\libc_nano.a(libc_a-memset.o)
                0x0800230c                memset
 .text.__libc_init_array
                0x0800231c       0x48 C:/ST/STM32CubeIDE_1.16.0/STM32CubeIDE/plugins/com.st.stm32cube.ide.mcu.externaltools.gnu-tools-for-stm32.12.3.rel1.win32_1.0.200.202406191623/tools/bin/../lib/gcc/arm-none-eabi/12.3.1/../../../../arm-none-eabi/lib/thumb/v7e-m+fp/hard\libc_nano.a(libc_a-init.o)
                0x0800231c                __libc_init_array
 *(.glue_7)
 .glue_7        0x08002364        0x0 linker stubs
 *(.glue_7t)
 .glue_7t       0x08002364        0x0 linker stubs
 *(.eh_frame)
 .eh_frame      0x08002364        0x0 C:/ST/STM32CubeIDE_1.16.0/STM32CubeIDE/plugins/com.st.stm32cube.ide.mcu.externaltools.gnu-tools-for-stm32.12.3.rel1.win32_1.0.200.202406191623/tools/bin/../lib/gcc/arm-none-eabi/12.3.1/thumb/v7e-m+fp/hard/crtbegin.o
 *(.init)
 .init          0x08002364        0x4 C:/ST/STM32CubeIDE_1.16.0/STM32CubeIDE/plugins/com.st.stm32cube.ide.mcu.externaltools.gnu-tools-for-stm32.12.3.rel1.win32_1.0.200.202406191623/tools/bin/../lib/gcc/arm-none-eabi/12.3.1/thumb/v7e-m+fp/hard/crti.o
                0x08002364                _init
 .init          0x08002368        0x8 C:/ST/STM32CubeIDE_1.16.0/STM32CubeIDE/plugins/com.st.stm32cube.ide.mcu.externaltools.gnu-tools-for-stm32.12.3.rel1.win32_1.0.200.202406191623/tools/bin/../lib/gcc/arm-none-eabi/12.3.1/thumb/v7e-m+fp/hard/crtn.o
 *(.fini)
 .fini          0x08002370        0x4 C:/ST/STM32CubeIDE_1.16.0/STM32CubeIDE/plugins/com.st.stm32cube.ide.mcu.externaltools.gnu-tools-for-stm32.12.3.rel1.win32_1.0.200.202406191623/tools/bin/../lib/gcc/arm-none-eabi/12.3.1/thumb/v7e-m+fp/hard/crti.o
                0x08002370                _fini
 .fini          0x08002374        0x8 C:/ST/STM32CubeIDE_1.16.0/STM32CubeIDE/plugins/com.st.stm32cube.ide.mcu.externaltools.gnu-tools-for-stm32.12.3.rel1.win32_1.0.200.202406191623/tools/bin/../lib/gcc/arm-none-eabi/12.3.1/thumb/v7e-m+fp/hard/crtn.o
                0x0800237c                        . = ALIGN (0x4)
                0x0800237c                        _etext = .

.vfp11_veneer   0x0800237c        0x0
 .vfp11_veneer  0x0800237c        0x0 linker stubs

.v4_bx          0x0800237c        0x0
 .v4_bx         0x0800237c        0x0 linker stubs

.iplt           0x0800237c        0x0
 .iplt          0x0800237c        0x0 C:/ST/STM32CubeIDE_1.16.0/STM32CubeIDE/plugins/com.st.stm32cube.ide.mcu.externaltools.gnu-tools-for-stm32.12.3.rel1.win32_1.0.200.202406191623/tools/bin/../lib/gcc/arm-none-eabi/12.3.1/thumb/v7e-m+fp/hard/crtbegin.o

.rodata         0x0800237c       0x50
                0x0800237c                        . = ALIGN (0x4)
 *(.rodata)
 *(.rodata*)
 .rodata.cs     0x0800237c        0x8 ./Core/Src/main.o
                0x0800237c                cs
 .rodata.rst    0x08002384        0x8 ./Core/Src/main.o
                0x08002384                rst
 .rodata.AHBPrescTable
                0x0800238c       0x10 ./Core/Src/system_stm32l4xx.o
                0x0800238c                AHBPrescTable
 .rodata.MSIRangeTable
                0x0800239c       0x30 ./Core/Src/system_stm32l4xx.o
                0x0800239c                MSIRangeTable
                0x080023cc                        . = ALIGN (0x4)

.ARM.extab      0x080023cc        0x0
                0x080023cc                        . = ALIGN (0x4)
 *(.ARM.extab* .gnu.linkonce.armextab.*)
                0x080023cc                        . = ALIGN (0x4)

.ARM            0x080023cc        0x0
                0x080023cc                        . = ALIGN (0x4)
                0x080023cc                        __exidx_start = .
 *(.ARM.exidx*)
                0x080023cc                        __exidx_end = .
                0x080023cc                        . = ALIGN (0x4)

.preinit_array  0x080023cc        0x0
                0x080023cc                        . = ALIGN (0x4)
                0x080023cc                        PROVIDE (__preinit_array_start = .)
 *(.preinit_array*)
                0x080023cc                        PROVIDE (__preinit_array_end = .)
                0x080023cc                        . = ALIGN (0x4)

.init_array     0x080023cc        0x4
                0x080023cc                        . = ALIGN (0x4)
                0x080023cc                        PROVIDE (__init_array_start = .)
 *(SORT_BY_NAME(.init_array.*))
 *(.init_array*)
 .init_array    0x080023cc        0x4 C:/ST/STM32CubeIDE_1.16.0/STM32CubeIDE/plugins/com.st.stm32cube.ide.mcu.externaltools.gnu-tools-for-stm32.12.3.rel1.win32_1.0.200.202406191623/tools/bin/../lib/gcc/arm-none-eabi/12.3.1/thumb/v7e-m+fp/hard/crtbegin.o
                0x080023d0                        PROVIDE (__init_array_end = .)
                0x080023d0                        . = ALIGN (0x4)

.fini_array     0x080023d0        0x4
                0x080023d0                        . = ALIGN (0x4)
                [!provide]                        PROVIDE (__fini_array_start = .)
 *(SORT_BY_NAME(.fini_array.*))
 *(.fini_array*)
 .fini_array    0x080023d0        0x4 C:/ST/STM32CubeIDE_1.16.0/STM32CubeIDE/plugins/com.st.stm32cube.ide.mcu.externaltools.gnu-tools-for-stm32.12.3.rel1.win32_1.0.200.202406191623/tools/bin/../lib/gcc/arm-none-eabi/12.3.1/thumb/v7e-m+fp/hard/crtbegin.o
                [!provide]                        PROVIDE (__fini_array_end = .)
                0x080023d4                        . = ALIGN (0x4)
                0x080023d4                        _sidata = LOADADDR (.data)

.rel.dyn        0x080023d4        0x0
 .rel.iplt      0x080023d4        0x0 C:/ST/STM32CubeIDE_1.16.0/STM32CubeIDE/plugins/com.st.stm32cube.ide.mcu.externaltools.gnu-tools-for-stm32.12.3.rel1.win32_1.0.200.202406191623/tools/bin/../lib/gcc/arm-none-eabi/12.3.1/thumb/v7e-m+fp/hard/crtbegin.o

.data           0x20000000        0xc load address 0x080023d4
                0x20000000                        . = ALIGN (0x4)
                0x20000000                        _sdata = .
 *(.data)
 *(.data*)
 .data.SystemCoreClock
                0x20000000        0x4 ./Core/Src/system_stm32l4xx.o
                0x20000000                SystemCoreClock
 .data.uwTickPrio
                0x20000004        0x4 ./Drivers/STM32L4xx_HAL_Driver/Src/stm32l4xx_hal.o
                0x20000004                uwTickPrio
 .data.uwTickFreq
                0x20000008        0x1 ./Drivers/STM32L4xx_HAL_Driver/Src/stm32l4xx_hal.o
                0x20000008                uwTickFreq
 *(.RamFunc)
 *(.RamFunc*)
                0x2000000c                        . = ALIGN (0x4)
 *fill*         0x20000009        0x3 
                0x2000000c                        _edata = .

.igot.plt       0x2000000c        0x0 load address 0x080023e0
 .igot.plt      0x2000000c        0x0 C:/ST/STM32CubeIDE_1.16.0/STM32CubeIDE/plugins/com.st.stm32cube.ide.mcu.externaltools.gnu-tools-for-stm32.12.3.rel1.win32_1.0.200.202406191623/tools/bin/../lib/gcc/arm-none-eabi/12.3.1/thumb/v7e-m+fp/hard/crtbegin.o
                0x2000000c                        . = ALIGN (0x4)

.bss            0x2000000c       0x84 load address 0x080023e0
                0x2000000c                        _sbss = .
                0x2000000c                        __bss_start__ = _sbss
 *(.bss)
 .bss           0x2000000c       0x1c C:/ST/STM32CubeIDE_1.16.0/STM32CubeIDE/plugins/com.st.stm32cube.ide.mcu.externaltools.gnu-tools-for-stm32.12.3.rel1.win32_1.0.200.202406191623/tools/bin/../lib/gcc/arm-none-eabi/12.3.1/thumb/v7e-m+fp/hard/crtbegin.o
 *(.bss*)
 .bss.hspi1     0x20000028       0x64 ./Core/Src/main.o
                0x20000028                hspi1
 .bss.uwTick    0x2000008c        0x4 ./Drivers/STM32L4xx_HAL_Driver/Src/stm32l4xx_hal.o
                0x2000008c                uwTick
 *(COMMON)
                0x20000090                        . = ALIGN (0x4)
                0x20000090                        _ebss = .
                0x20000090                        __bss_end__ = _ebss

._user_heap_stack
                0x20000090      0x600 load address 0x080023e0
                0x20000090                        . = ALIGN (0x8)
                [!provide]                        PROVIDE (end = .)
                0x20000090                        PROVIDE (_end = .)
                0x20000290                        . = (. + _Min_Heap_Size)
 *fill*         0x20000090      0x200 
                0x20000690                        . = (. + _Min_Stack_Size)
 *fill*         0x20000290      0x400 
                0x20000690                        . = ALIGN (0x8)

/DISCARD/
 libc.a(*)
 libm.a(*)
 libgcc.a(*)

.ARM.attributes
                0x00000000       0x30
 *(.ARM.attributes)
 .ARM.attributes
                0x00000000       0x22 C:/ST/STM32CubeIDE_1.16.0/STM32CubeIDE/plugins/com.st.stm32cube.ide.mcu.externaltools.gnu-tools-for-stm32.12.3.rel1.win32_1.0.200.202406191623/tools/bin/../lib/gcc/arm-none-eabi/12.3.1/thumb/v7e-m+fp/hard/crti.o
 .ARM.attributes
                0x00000022       0x34 C:/ST/STM32CubeIDE_1.16.0/STM32CubeIDE/plugins/com.st.stm32cube.ide.mcu.externaltools.gnu-tools-for-stm32.12.3.rel1.win32_1.0.200.202406191623/tools/bin/../lib/gcc/arm-none-eabi/12.3.1/thumb/v7e-m+fp/hard/crtbegin.o
 .ARM.attributes
                0x00000056       0x34 ./Core/Src/Custom/util.o
 .ARM.attributes
                0x0000008a       0x34 ./Core/Src/main.o
 .ARM.attributes
                0x000000be       0x34 ./Core/Src/stm32l4xx_hal_msp.o
 .ARM.attributes
                0x000000f2       0x34 ./Core/Src/stm32l4xx_it.o
 .ARM.attributes
                0x00000126       0x34 ./Core/Src/system_stm32l4xx.o
 .ARM.attributes
                0x0000015a       0x21 ./Core/Startup/startup_stm32l476rgtx.o
 .ARM.attributes
                0x0000017b       0x34 ./Drivers/STM32L4xx_HAL_Driver/Src/stm32l4xx_hal.o
 .ARM.attributes
                0x000001af       0x34 ./Drivers/STM32L4xx_HAL_Driver/Src/stm32l4xx_hal_cortex.o
 .ARM.attributes
                0x000001e3       0x34 ./Drivers/STM32L4xx_HAL_Driver/Src/stm32l4xx_hal_dma.o
 .ARM.attributes
                0x00000217       0x34 ./Drivers/STM32L4xx_HAL_Driver/Src/stm32l4xx_hal_gpio.o
 .ARM.attributes
                0x0000024b       0x34 ./Drivers/STM32L4xx_HAL_Driver/Src/stm32l4xx_hal_pwr_ex.o
 .ARM.attributes
                0x0000027f       0x34 ./Drivers/STM32L4xx_HAL_Driver/Src/stm32l4xx_hal_rcc.o
 .ARM.attributes
                0x000002b3       0x34 ./Drivers/STM32L4xx_HAL_Driver/Src/stm32l4xx_hal_spi.o
 .ARM.attributes
                0x000002e7       0x34 C:/ST/STM32CubeIDE_1.16.0/STM32CubeIDE/plugins/com.st.stm32cube.ide.mcu.externaltools.gnu-tools-for-stm32.12.3.rel1.win32_1.0.200.202406191623/tools/bin/../lib/gcc/arm-none-eabi/12.3.1/../../../../arm-none-eabi/lib/thumb/v7e-m+fp/hard\libc_nano.a(libc_a-memset.o)
 .ARM.attributes
                0x0000031b       0x34 C:/ST/STM32CubeIDE_1.16.0/STM32CubeIDE/plugins/com.st.stm32cube.ide.mcu.externaltools.gnu-tools-for-stm32.12.3.rel1.win32_1.0.200.202406191623/tools/bin/../lib/gcc/arm-none-eabi/12.3.1/../../../../arm-none-eabi/lib/thumb/v7e-m+fp/hard\libc_nano.a(libc_a-init.o)
 .ARM.attributes
                0x0000034f       0x22 C:/ST/STM32CubeIDE_1.16.0/STM32CubeIDE/plugins/com.st.stm32cube.ide.mcu.externaltools.gnu-tools-for-stm32.12.3.rel1.win32_1.0.200.202406191623/tools/bin/../lib/gcc/arm-none-eabi/12.3.1/thumb/v7e-m+fp/hard/crtn.o
OUTPUT(mcp.elf elf32-littlearm)
LOAD linker stubs
LOAD C:/ST/STM32CubeIDE_1.16.0/STM32CubeIDE/plugins/com.st.stm32cube.ide.mcu.externaltools.gnu-tools-for-stm32.12.3.rel1.win32_1.0.200.202406191623/tools/bin/../lib/gcc/arm-none-eabi/12.3.1/../../../../arm-none-eabi/lib/thumb/v7e-m+fp/hard\libc.a
LOAD C:/ST/STM32CubeIDE_1.16.0/STM32CubeIDE/plugins/com.st.stm32cube.ide.mcu.externaltools.gnu-tools-for-stm32.12.3.rel1.win32_1.0.200.202406191623/tools/bin/../lib/gcc/arm-none-eabi/12.3.1/../../../../arm-none-eabi/lib/thumb/v7e-m+fp/hard\libm.a
LOAD C:/ST/STM32CubeIDE_1.16.0/STM32CubeIDE/plugins/com.st.stm32cube.ide.mcu.externaltools.gnu-tools-for-stm32.12.3.rel1.win32_1.0.200.202406191623/tools/bin/../lib/gcc/arm-none-eabi/12.3.1/thumb/v7e-m+fp/hard\libgcc.a

.debug_info     0x00000000     0x7a1e
 .debug_info    0x00000000      0x3b3 ./Core/Src/Custom/util.o
 .debug_info    0x000003b3      0xccf ./Core/Src/main.o
 .debug_info    0x00001082      0xbd0 ./Core/Src/stm32l4xx_hal_msp.o
 .debug_info    0x00001c52      0x639 ./Core/Src/stm32l4xx_it.o
 .debug_info    0x0000228b      0x5b1 ./Core/Src/system_stm32l4xx.o
 .debug_info    0x0000283c       0x30 ./Core/Startup/startup_stm32l476rgtx.o
 .debug_info    0x0000286c      0xaeb ./Drivers/STM32L4xx_HAL_Driver/Src/stm32l4xx_hal.o
 .debug_info    0x00003357      0xd81 ./Drivers/STM32L4xx_HAL_Driver/Src/stm32l4xx_hal_cortex.o
 .debug_info    0x000040d8      0x6f4 ./Drivers/STM32L4xx_HAL_Driver/Src/stm32l4xx_hal_dma.o
 .debug_info    0x000047cc      0x757 ./Drivers/STM32L4xx_HAL_Driver/Src/stm32l4xx_hal_gpio.o
 .debug_info    0x00004f23      0x99e ./Drivers/STM32L4xx_HAL_Driver/Src/stm32l4xx_hal_pwr_ex.o
 .debug_info    0x000058c1      0xc14 ./Drivers/STM32L4xx_HAL_Driver/Src/stm32l4xx_hal_rcc.o
 .debug_info    0x000064d5     0x1549 ./Drivers/STM32L4xx_HAL_Driver/Src/stm32l4xx_hal_spi.o

.debug_abbrev   0x00000000     0x1926
 .debug_abbrev  0x00000000      0x1b2 ./Core/Src/Custom/util.o
 .debug_abbrev  0x000001b2      0x2ca ./Core/Src/main.o
 .debug_abbrev  0x0000047c      0x1b4 ./Core/Src/stm32l4xx_hal_msp.o
 .debug_abbrev  0x00000630      0x187 ./Core/Src/stm32l4xx_it.o
 .debug_abbrev  0x000007b7      0x11a ./Core/Src/system_stm32l4xx.o
 .debug_abbrev  0x000008d1       0x24 ./Core/Startup/startup_stm32l476rgtx.o
 .debug_abbrev  0x000008f5      0x242 ./Drivers/STM32L4xx_HAL_Driver/Src/stm32l4xx_hal.o
 .debug_abbrev  0x00000b37      0x31c ./Drivers/STM32L4xx_HAL_Driver/Src/stm32l4xx_hal_cortex.o
 .debug_abbrev  0x00000e53      0x1e4 ./Drivers/STM32L4xx_HAL_Driver/Src/stm32l4xx_hal_dma.o
 .debug_abbrev  0x00001037      0x1cb ./Drivers/STM32L4xx_HAL_Driver/Src/stm32l4xx_hal_gpio.o
 .debug_abbrev  0x00001202      0x1f9 ./Drivers/STM32L4xx_HAL_Driver/Src/stm32l4xx_hal_pwr_ex.o
 .debug_abbrev  0x000013fb      0x2cb ./Drivers/STM32L4xx_HAL_Driver/Src/stm32l4xx_hal_rcc.o
 .debug_abbrev  0x000016c6      0x260 ./Drivers/STM32L4xx_HAL_Driver/Src/stm32l4xx_hal_spi.o

.debug_aranges  0x00000000      0x888
 .debug_aranges
                0x00000000       0x50 ./Core/Src/Custom/util.o
 .debug_aranges
                0x00000050       0x58 ./Core/Src/main.o
 .debug_aranges
                0x000000a8       0x30 ./Core/Src/stm32l4xx_hal_msp.o
 .debug_aranges
                0x000000d8       0x68 ./Core/Src/stm32l4xx_it.o
 .debug_aranges
                0x00000140       0x28 ./Core/Src/system_stm32l4xx.o
 .debug_aranges
                0x00000168       0x28 ./Core/Startup/startup_stm32l476rgtx.o
 .debug_aranges
                0x00000190      0x130 ./Drivers/STM32L4xx_HAL_Driver/Src/stm32l4xx_hal.o
 .debug_aranges
                0x000002c0      0x128 ./Drivers/STM32L4xx_HAL_Driver/Src/stm32l4xx_hal_cortex.o
 .debug_aranges
                0x000003e8       0x80 ./Drivers/STM32L4xx_HAL_Driver/Src/stm32l4xx_hal_dma.o
 .debug_aranges
                0x00000468       0x58 ./Drivers/STM32L4xx_HAL_Driver/Src/stm32l4xx_hal_gpio.o
 .debug_aranges
                0x000004c0      0x160 ./Drivers/STM32L4xx_HAL_Driver/Src/stm32l4xx_hal_pwr_ex.o
 .debug_aranges
                0x00000620       0x90 ./Drivers/STM32L4xx_HAL_Driver/Src/stm32l4xx_hal_rcc.o
 .debug_aranges
                0x000006b0      0x1d8 ./Drivers/STM32L4xx_HAL_Driver/Src/stm32l4xx_hal_spi.o

.debug_rnglists
                0x00000000      0x65c
 .debug_rnglists
                0x00000000       0x38 ./Core/Src/Custom/util.o
 .debug_rnglists
                0x00000038       0x3e ./Core/Src/main.o
 .debug_rnglists
                0x00000076       0x20 ./Core/Src/stm32l4xx_hal_msp.o
 .debug_rnglists
                0x00000096       0x49 ./Core/Src/stm32l4xx_it.o
 .debug_rnglists
                0x000000df       0x1a ./Core/Src/system_stm32l4xx.o
 .debug_rnglists
                0x000000f9       0x19 ./Core/Startup/startup_stm32l476rgtx.o
 .debug_rnglists
                0x00000112       0xdf ./Drivers/STM32L4xx_HAL_Driver/Src/stm32l4xx_hal.o
 .debug_rnglists
                0x000001f1       0xda ./Drivers/STM32L4xx_HAL_Driver/Src/stm32l4xx_hal_cortex.o
 .debug_rnglists
                0x000002cb       0x64 ./Drivers/STM32L4xx_HAL_Driver/Src/stm32l4xx_hal_dma.o
 .debug_rnglists
                0x0000032f       0x3f ./Drivers/STM32L4xx_HAL_Driver/Src/stm32l4xx_hal_gpio.o
 .debug_rnglists
                0x0000036e      0x109 ./Drivers/STM32L4xx_HAL_Driver/Src/stm32l4xx_hal_pwr_ex.o
 .debug_rnglists
                0x00000477       0x6d ./Drivers/STM32L4xx_HAL_Driver/Src/stm32l4xx_hal_rcc.o
 .debug_rnglists
                0x000004e4      0x178 ./Drivers/STM32L4xx_HAL_Driver/Src/stm32l4xx_hal_spi.o

.debug_macro    0x00000000    0x24ae4
 .debug_macro   0x00000000      0x1d4 ./Core/Src/Custom/util.o
 .debug_macro   0x000001d4      0xab4 ./Core/Src/Custom/util.o
 .debug_macro   0x00000c88       0x22 ./Core/Src/Custom/util.o
 .debug_macro   0x00000caa       0x8e ./Core/Src/Custom/util.o
 .debug_macro   0x00000d38       0x51 ./Core/Src/Custom/util.o
 .debug_macro   0x00000d89      0x103 ./Core/Src/Custom/util.o
 .debug_macro   0x00000e8c       0x6a ./Core/Src/Custom/util.o
 .debug_macro   0x00000ef6      0x1df ./Core/Src/Custom/util.o
 .debug_macro   0x000010d5       0x22 ./Core/Src/Custom/util.o
 .debug_macro   0x000010f7      0x1a1 ./Core/Src/Custom/util.o
 .debug_macro   0x00001298       0x2e ./Core/Src/Custom/util.o
 .debug_macro   0x000012c6       0x28 ./Core/Src/Custom/util.o
 .debug_macro   0x000012ee       0x1c ./Core/Src/Custom/util.o
 .debug_macro   0x0000130a       0x22 ./Core/Src/Custom/util.o
 .debug_macro   0x0000132c       0xfb ./Core/Src/Custom/util.o
 .debug_macro   0x00001427     0x1011 ./Core/Src/Custom/util.o
 .debug_macro   0x00002438      0x11f ./Core/Src/Custom/util.o
 .debug_macro   0x00002557    0x1a17a ./Core/Src/Custom/util.o
 .debug_macro   0x0001c6d1       0x6d ./Core/Src/Custom/util.o
 .debug_macro   0x0001c73e     0x38fb ./Core/Src/Custom/util.o
 .debug_macro   0x00020039      0x189 ./Core/Src/Custom/util.o
 .debug_macro   0x000201c2       0x5c ./Core/Src/Custom/util.o
 .debug_macro   0x0002021e     0x159e ./Core/Src/Custom/util.o
 .debug_macro   0x000217bc      0x5a5 ./Core/Src/Custom/util.o
 .debug_macro   0x00021d61      0x1b9 ./Core/Src/Custom/util.o
 .debug_macro   0x00021f1a      0x18b ./Core/Src/Custom/util.o
 .debug_macro   0x000220a5      0x26b ./Core/Src/Custom/util.o
 .debug_macro   0x00022310      0x23d ./Core/Src/Custom/util.o
 .debug_macro   0x0002254d      0x241 ./Core/Src/Custom/util.o
 .debug_macro   0x0002278e      0x37c ./Core/Src/Custom/util.o
 .debug_macro   0x00022b0a       0xd6 ./Core/Src/Custom/util.o
 .debug_macro   0x00022be0      0x122 ./Core/Src/Custom/util.o
 .debug_macro   0x00022d02      0x3ef ./Core/Src/Custom/util.o
 .debug_macro   0x000230f1      0x2fe ./Core/Src/Custom/util.o
 .debug_macro   0x000233ef      0x330 ./Core/Src/Custom/util.o
 .debug_macro   0x0002371f       0x28 ./Core/Src/Custom/util.o
 .debug_macro   0x00023747       0x1c ./Core/Src/Custom/util.o
 .debug_macro   0x00023763      0x1d4 ./Core/Src/main.o
 .debug_macro   0x00023937      0x1bc ./Core/Src/stm32l4xx_hal_msp.o
 .debug_macro   0x00023af3      0x1c6 ./Core/Src/stm32l4xx_it.o
 .debug_macro   0x00023cb9      0x1ad ./Core/Src/system_stm32l4xx.o
 .debug_macro   0x00023e66      0x1fb ./Drivers/STM32L4xx_HAL_Driver/Src/stm32l4xx_hal.o
 .debug_macro   0x00024061      0x1ad ./Drivers/STM32L4xx_HAL_Driver/Src/stm32l4xx_hal_cortex.o
 .debug_macro   0x0002420e      0x1ad ./Drivers/STM32L4xx_HAL_Driver/Src/stm32l4xx_hal_dma.o
 .debug_macro   0x000243bb      0x1b4 ./Drivers/STM32L4xx_HAL_Driver/Src/stm32l4xx_hal_gpio.o
 .debug_macro   0x0002456f      0x1d1 ./Drivers/STM32L4xx_HAL_Driver/Src/stm32l4xx_hal_pwr_ex.o
 .debug_macro   0x00024740      0x1ef ./Drivers/STM32L4xx_HAL_Driver/Src/stm32l4xx_hal_rcc.o
 .debug_macro   0x0002492f      0x1b5 ./Drivers/STM32L4xx_HAL_Driver/Src/stm32l4xx_hal_spi.o

.debug_line     0x00000000     0x953d
 .debug_line    0x00000000      0x804 ./Core/Src/Custom/util.o
 .debug_line    0x00000804      0x88b ./Core/Src/main.o
 .debug_line    0x0000108f      0x76d ./Core/Src/stm32l4xx_hal_msp.o
 .debug_line    0x000017fc      0x7f7 ./Core/Src/stm32l4xx_it.o
 .debug_line    0x00001ff3      0x7b7 ./Core/Src/system_stm32l4xx.o
 .debug_line    0x000027aa       0x7a ./Core/Startup/startup_stm32l476rgtx.o
 .debug_line    0x00002824      0xb12 ./Drivers/STM32L4xx_HAL_Driver/Src/stm32l4xx_hal.o
 .debug_line    0x00003336      0xcdb ./Drivers/STM32L4xx_HAL_Driver/Src/stm32l4xx_hal_cortex.o
 .debug_line    0x00004011      0xd17 ./Drivers/STM32L4xx_HAL_Driver/Src/stm32l4xx_hal_dma.o
 .debug_line    0x00004d28      0xb9e ./Drivers/STM32L4xx_HAL_Driver/Src/stm32l4xx_hal_gpio.o
 .debug_line    0x000058c6      0xd04 ./Drivers/STM32L4xx_HAL_Driver/Src/stm32l4xx_hal_pwr_ex.o
 .debug_line    0x000065ca      0xf8b ./Drivers/STM32L4xx_HAL_Driver/Src/stm32l4xx_hal_rcc.o
 .debug_line    0x00007555     0x1fe8 ./Drivers/STM32L4xx_HAL_Driver/Src/stm32l4xx_hal_spi.o

.debug_str      0x00000000    0xe0acd
 .debug_str     0x00000000    0xde16f ./Core/Src/Custom/util.o
                              0xde42a (size before relaxing)
 .debug_str     0x000de16f      0x780 ./Core/Src/main.o
                              0xdeb2b (size before relaxing)
 .debug_str     0x000de8ef      0x4e8 ./Core/Src/stm32l4xx_hal_msp.o
                              0xdeced (size before relaxing)
 .debug_str     0x000dedd7       0xec ./Core/Src/stm32l4xx_it.o
                              0xde68a (size before relaxing)
 .debug_str     0x000deec3       0xf2 ./Core/Src/system_stm32l4xx.o
                              0xde362 (size before relaxing)
 .debug_str     0x000defb5       0x44 ./Core/Startup/startup_stm32l476rgtx.o
                                 0x80 (size before relaxing)
 .debug_str     0x000deff9      0x636 ./Drivers/STM32L4xx_HAL_Driver/Src/stm32l4xx_hal.o
                              0xdeef5 (size before relaxing)
 .debug_str     0x000df62f      0x355 ./Drivers/STM32L4xx_HAL_Driver/Src/stm32l4xx_hal_cortex.o
                              0xdebdb (size before relaxing)
 .debug_str     0x000df984      0x25d ./Drivers/STM32L4xx_HAL_Driver/Src/stm32l4xx_hal_dma.o
                              0xde5cc (size before relaxing)
 .debug_str     0x000dfbe1       0xff ./Drivers/STM32L4xx_HAL_Driver/Src/stm32l4xx_hal_gpio.o
                              0xde4db (size before relaxing)
 .debug_str     0x000dfce0      0x4e3 ./Drivers/STM32L4xx_HAL_Driver/Src/stm32l4xx_hal_pwr_ex.o
                              0xde8bd (size before relaxing)
 .debug_str     0x000e01c3      0x3ac ./Drivers/STM32L4xx_HAL_Driver/Src/stm32l4xx_hal_rcc.o
                              0xde9a8 (size before relaxing)
 .debug_str     0x000e056f      0x55e ./Drivers/STM32L4xx_HAL_Driver/Src/stm32l4xx_hal_spi.o
                              0xdeb7d (size before relaxing)

.comment        0x00000000       0x43
 .comment       0x00000000       0x43 ./Core/Src/Custom/util.o
                                 0x44 (size before relaxing)
 .comment       0x00000043       0x44 ./Core/Src/main.o
 .comment       0x00000043       0x44 ./Core/Src/stm32l4xx_hal_msp.o
 .comment       0x00000043       0x44 ./Core/Src/stm32l4xx_it.o
 .comment       0x00000043       0x44 ./Core/Src/system_stm32l4xx.o
 .comment       0x00000043       0x44 ./Drivers/STM32L4xx_HAL_Driver/Src/stm32l4xx_hal.o
 .comment       0x00000043       0x44 ./Drivers/STM32L4xx_HAL_Driver/Src/stm32l4xx_hal_cortex.o
 .comment       0x00000043       0x44 ./Drivers/STM32L4xx_HAL_Driver/Src/stm32l4xx_hal_dma.o
 .comment       0x00000043       0x44 ./Drivers/STM32L4xx_HAL_Driver/Src/stm32l4xx_hal_gpio.o
 .comment       0x00000043       0x44 ./Drivers/STM32L4xx_HAL_Driver/Src/stm32l4xx_hal_pwr_ex.o
 .comment       0x00000043       0x44 ./Drivers/STM32L4xx_HAL_Driver/Src/stm32l4xx_hal_rcc.o
 .comment       0x00000043       0x44 ./Drivers/STM32L4xx_HAL_Driver/Src/stm32l4xx_hal_spi.o

.debug_frame    0x00000000     0x212c
 .debug_frame   0x00000000      0x110 ./Core/Src/Custom/util.o
 .debug_frame   0x00000110      0x108 ./Core/Src/main.o
 .debug_frame   0x00000218       0x80 ./Core/Src/stm32l4xx_hal_msp.o
 .debug_frame   0x00000298      0x120 ./Core/Src/stm32l4xx_it.o
 .debug_frame   0x000003b8       0x58 ./Core/Src/system_stm32l4xx.o
 .debug_frame   0x00000410      0x498 ./Drivers/STM32L4xx_HAL_Driver/Src/stm32l4xx_hal.o
 .debug_frame   0x000008a8      0x4e8 ./Drivers/STM32L4xx_HAL_Driver/Src/stm32l4xx_hal_cortex.o
 .debug_frame   0x00000d90      0x204 ./Drivers/STM32L4xx_HAL_Driver/Src/stm32l4xx_hal_dma.o
 .debug_frame   0x00000f94      0x14c ./Drivers/STM32L4xx_HAL_Driver/Src/stm32l4xx_hal_gpio.o
 .debug_frame   0x000010e0      0x584 ./Drivers/STM32L4xx_HAL_Driver/Src/stm32l4xx_hal_pwr_ex.o
 .debug_frame   0x00001664      0x21c ./Drivers/STM32L4xx_HAL_Driver/Src/stm32l4xx_hal_rcc.o
 .debug_frame   0x00001880      0x860 ./Drivers/STM32L4xx_HAL_Driver/Src/stm32l4xx_hal_spi.o
 .debug_frame   0x000020e0       0x20 C:/ST/STM32CubeIDE_1.16.0/STM32CubeIDE/plugins/com.st.stm32cube.ide.mcu.externaltools.gnu-tools-for-stm32.12.3.rel1.win32_1.0.200.202406191623/tools/bin/../lib/gcc/arm-none-eabi/12.3.1/../../../../arm-none-eabi/lib/thumb/v7e-m+fp/hard\libc_nano.a(libc_a-memset.o)
 .debug_frame   0x00002100       0x2c C:/ST/STM32CubeIDE_1.16.0/STM32CubeIDE/plugins/com.st.stm32cube.ide.mcu.externaltools.gnu-tools-for-stm32.12.3.rel1.win32_1.0.200.202406191623/tools/bin/../lib/gcc/arm-none-eabi/12.3.1/../../../../arm-none-eabi/lib/thumb/v7e-m+fp/hard\libc_nano.a(libc_a-init.o)

.debug_line_str
                0x00000000       0x64
 .debug_line_str
                0x00000000       0x64 ./Core/Startup/startup_stm32l476rgtx.o
