Archive member included to satisfy reference by file (symbol)

C:/ST/STM32CubeIDE_1.16.0/STM32CubeIDE/plugins/com.st.stm32cube.ide.mcu.externaltools.gnu-tools-for-stm32.12.3.rel1.win32_1.0.200.202406191623/tools/bin/../lib/gcc/arm-none-eabi/12.3.1/../../../../arm-none-eabi/lib/thumb/v7e-m+fp/hard\libc_nano.a(libc_a-exit.o)
                              C:/ST/STM32CubeIDE_1.16.0/STM32CubeIDE/plugins/com.st.stm32cube.ide.mcu.externaltools.gnu-tools-for-stm32.12.3.rel1.win32_1.0.200.202406191623/tools/bin/../lib/gcc/arm-none-eabi/12.3.1/../../../../arm-none-eabi/lib/thumb/v7e-m+fp/hard/crt0.o (exit)
C:/ST/STM32CubeIDE_1.16.0/STM32CubeIDE/plugins/com.st.stm32cube.ide.mcu.externaltools.gnu-tools-for-stm32.12.3.rel1.win32_1.0.200.202406191623/tools/bin/../lib/gcc/arm-none-eabi/12.3.1/../../../../arm-none-eabi/lib/thumb/v7e-m+fp/hard\libc_nano.a(libc_a-findfp.o)
                              C:/ST/STM32CubeIDE_1.16.0/STM32CubeIDE/plugins/com.st.stm32cube.ide.mcu.externaltools.gnu-tools-for-stm32.12.3.rel1.win32_1.0.200.202406191623/tools/bin/../lib/gcc/arm-none-eabi/12.3.1/../../../../arm-none-eabi/lib/thumb/v7e-m+fp/hard\libc_nano.a(libc_a-exit.o) (__stdio_exit_handler)
C:/ST/STM32CubeIDE_1.16.0/STM32CubeIDE/plugins/com.st.stm32cube.ide.mcu.externaltools.gnu-tools-for-stm32.12.3.rel1.win32_1.0.200.202406191623/tools/bin/../lib/gcc/arm-none-eabi/12.3.1/../../../../arm-none-eabi/lib/thumb/v7e-m+fp/hard\libc_nano.a(libc_a-fwalk.o)
                              C:/ST/STM32CubeIDE_1.16.0/STM32CubeIDE/plugins/com.st.stm32cube.ide.mcu.externaltools.gnu-tools-for-stm32.12.3.rel1.win32_1.0.200.202406191623/tools/bin/../lib/gcc/arm-none-eabi/12.3.1/../../../../arm-none-eabi/lib/thumb/v7e-m+fp/hard\libc_nano.a(libc_a-findfp.o) (_fwalk_sglue)
C:/ST/STM32CubeIDE_1.16.0/STM32CubeIDE/plugins/com.st.stm32cube.ide.mcu.externaltools.gnu-tools-for-stm32.12.3.rel1.win32_1.0.200.202406191623/tools/bin/../lib/gcc/arm-none-eabi/12.3.1/../../../../arm-none-eabi/lib/thumb/v7e-m+fp/hard\libc_nano.a(libc_a-stdio.o)
                              C:/ST/STM32CubeIDE_1.16.0/STM32CubeIDE/plugins/com.st.stm32cube.ide.mcu.externaltools.gnu-tools-for-stm32.12.3.rel1.win32_1.0.200.202406191623/tools/bin/../lib/gcc/arm-none-eabi/12.3.1/../../../../arm-none-eabi/lib/thumb/v7e-m+fp/hard\libc_nano.a(libc_a-findfp.o) (__sread)
C:/ST/STM32CubeIDE_1.16.0/STM32CubeIDE/plugins/com.st.stm32cube.ide.mcu.externaltools.gnu-tools-for-stm32.12.3.rel1.win32_1.0.200.202406191623/tools/bin/../lib/gcc/arm-none-eabi/12.3.1/../../../../arm-none-eabi/lib/thumb/v7e-m+fp/hard\libc_nano.a(libc_a-memset.o)
                              C:/ST/STM32CubeIDE_1.16.0/STM32CubeIDE/plugins/com.st.stm32cube.ide.mcu.externaltools.gnu-tools-for-stm32.12.3.rel1.win32_1.0.200.202406191623/tools/bin/../lib/gcc/arm-none-eabi/12.3.1/../../../../arm-none-eabi/lib/thumb/v7e-m+fp/hard/crt0.o (memset)
C:/ST/STM32CubeIDE_1.16.0/STM32CubeIDE/plugins/com.st.stm32cube.ide.mcu.externaltools.gnu-tools-for-stm32.12.3.rel1.win32_1.0.200.202406191623/tools/bin/../lib/gcc/arm-none-eabi/12.3.1/../../../../arm-none-eabi/lib/thumb/v7e-m+fp/hard\libc_nano.a(libc_a-closer.o)
                              C:/ST/STM32CubeIDE_1.16.0/STM32CubeIDE/plugins/com.st.stm32cube.ide.mcu.externaltools.gnu-tools-for-stm32.12.3.rel1.win32_1.0.200.202406191623/tools/bin/../lib/gcc/arm-none-eabi/12.3.1/../../../../arm-none-eabi/lib/thumb/v7e-m+fp/hard\libc_nano.a(libc_a-stdio.o) (_close_r)
C:/ST/STM32CubeIDE_1.16.0/STM32CubeIDE/plugins/com.st.stm32cube.ide.mcu.externaltools.gnu-tools-for-stm32.12.3.rel1.win32_1.0.200.202406191623/tools/bin/../lib/gcc/arm-none-eabi/12.3.1/../../../../arm-none-eabi/lib/thumb/v7e-m+fp/hard\libc_nano.a(libc_a-reent.o)
                              C:/ST/STM32CubeIDE_1.16.0/STM32CubeIDE/plugins/com.st.stm32cube.ide.mcu.externaltools.gnu-tools-for-stm32.12.3.rel1.win32_1.0.200.202406191623/tools/bin/../lib/gcc/arm-none-eabi/12.3.1/../../../../arm-none-eabi/lib/thumb/v7e-m+fp/hard\libc_nano.a(libc_a-closer.o) (errno)
C:/ST/STM32CubeIDE_1.16.0/STM32CubeIDE/plugins/com.st.stm32cube.ide.mcu.externaltools.gnu-tools-for-stm32.12.3.rel1.win32_1.0.200.202406191623/tools/bin/../lib/gcc/arm-none-eabi/12.3.1/../../../../arm-none-eabi/lib/thumb/v7e-m+fp/hard\libc_nano.a(libc_a-impure.o)
                              C:/ST/STM32CubeIDE_1.16.0/STM32CubeIDE/plugins/com.st.stm32cube.ide.mcu.externaltools.gnu-tools-for-stm32.12.3.rel1.win32_1.0.200.202406191623/tools/bin/../lib/gcc/arm-none-eabi/12.3.1/../../../../arm-none-eabi/lib/thumb/v7e-m+fp/hard\libc_nano.a(libc_a-reent.o) (_impure_ptr)
C:/ST/STM32CubeIDE_1.16.0/STM32CubeIDE/plugins/com.st.stm32cube.ide.mcu.externaltools.gnu-tools-for-stm32.12.3.rel1.win32_1.0.200.202406191623/tools/bin/../lib/gcc/arm-none-eabi/12.3.1/../../../../arm-none-eabi/lib/thumb/v7e-m+fp/hard\libc_nano.a(libc_a-lseekr.o)
[...]
Memory Configuration

Name             Origin             Length             Attributes
RAM              0x20000000         0x00018000         xrw
RAM2             0x10000000         0x00008000         xrw
FLASH            0x08000000         0x00100000         xr
*default*        0x00000000         0xffffffff

Linker script and memory map

LOAD C:/ST/STM32CubeIDE_1.16.0/STM32CubeIDE/plugins/com.st.stm32cube.ide.mcu.externaltools.gnu-tools-for-stm32.12.3.rel1.win32_1.0.200.202406191623/tools/bin/../lib/gcc/arm-none-eabi/12.3.1/thumb/v7e-m+fp/hard/crti.o
LOAD C:/ST/STM32CubeIDE_1.16.0/STM32CubeIDE/plugins/com.st.stm32cube.ide.mcu.externaltools.gnu-tools-for-stm32.12.3.rel1.win32_1.0.200.202406191623/tools/bin/../lib/gcc/arm-none-eabi/12.3.1/thumb/v7e-m+fp/hard/crtbegin.o
LOAD C:/ST/STM32CubeIDE_1.16.0/STM32CubeIDE/plugins/com.st.stm32cube.ide.mcu.externaltools.gnu-tools-for-stm32.12.3.rel1.win32_1.0.200.202406191623/tools/bin/../lib/gcc/arm-none-eabi/12.3.1/../../../../arm-none-eabi/lib/thumb/v7e-m+fp/hard/crt0.o
LOAD ./Core/Src/Custom/7-segment.o
LOAD ./Core/Src/Custom/actions.o
LOAD ./Core/Src/Custom/depth.o
LOAD ./Core/Src/Custom/main.o
LOAD ./Core/Src/Custom/pins.o
LOAD ./Core/Src/Lib/action-mgr.o
LOAD ./Core/Src/Lib/communication.o
LOAD ./Core/Src/Lib/counter.o
LOAD ./Core/Src/Lib/lora.o
LOAD ./Core/Src/Lib/mcp23s17.o
LOAD ./Core/Src/Lib/stored-code.o
LOAD ./Core/Src/Lib/timed-lock.o
LOAD ./Core/Src/Lib/util.o
LOAD ./Core/Src/main.o
LOAD ./Core/Src/stm32l4xx_hal_msp.o
LOAD ./Core/Src/stm32l4xx_it.o
LOAD ./Core/Src/syscalls.o
LOAD ./Core/Src/sysmem.o
LOAD ./Core/Src/system_stm32l4xx.o
LOAD ./Core/Startup/startup_stm32l476rgtx.o
LOAD ./Drivers/STM32L4xx_HAL_Driver/Src/stm32l4xx_hal.o
LOAD ./Drivers/STM32L4xx_HAL_Driver/Src/stm32l4xx_hal_adc.o
LOAD ./Drivers/STM32L4xx_HAL_Driver/Src/stm32l4xx_hal_adc_ex.o
LOAD ./Drivers/STM32L4xx_HAL_Driver/Src/stm32l4xx_hal_cortex.o
LOAD ./Drivers/STM32L4xx_HAL_Driver/Src/stm32l4xx_hal_dma.o
LOAD ./Drivers/STM32L4xx_HAL_Driver/Src/stm32l4xx_hal_dma_ex.o
LOAD ./Drivers/STM32L4xx_HAL_Driver/Src/stm32l4xx_hal_exti.o
LOAD ./Drivers/STM32L4xx_HAL_Driver/Src/stm32l4xx_hal_flash.o
LOAD ./Drivers/STM32L4xx_HAL_Driver/Src/stm32l4xx_hal_flash_ex.o
LOAD ./Drivers/STM32L4xx_HAL_Driver/Src/stm32l4xx_hal_flash_ramfunc.o
LOAD ./Drivers/STM32L4xx_HAL_Driver/Src/stm32l4xx_hal_gpio.o
LOAD ./Drivers/STM32L4xx_HAL_Driver/Src/stm32l4xx_hal_i2c.o
LOAD ./Drivers/STM32L4xx_HAL_Driver/Src/stm32l4xx_hal_i2c_ex.o
LOAD ./Drivers/STM32L4xx_HAL_Driver/Src/stm32l4xx_hal_pwr.o
LOAD ./Drivers/STM32L4xx_HAL_Driver/Src/stm32l4xx_hal_pwr_ex.o
LOAD ./Drivers/STM32L4xx_HAL_Driver/Src/stm32l4xx_hal_rcc.o
LOAD ./Drivers/STM32L4xx_HAL_Driver/Src/stm32l4xx_hal_rcc_ex.o
LOAD ./Drivers/STM32L4xx_HAL_Driver/Src/stm32l4xx_hal_spi.o
LOAD ./Drivers/STM32L4xx_HAL_Driver/Src/stm32l4xx_hal_spi_ex.o
LOAD ./Drivers/STM32L4xx_HAL_Driver/Src/stm32l4xx_hal_tim.o
LOAD ./Drivers/STM32L4xx_HAL_Driver/Src/stm32l4xx_hal_tim_ex.o
START GROUP
LOAD C:/ST/STM32CubeIDE_1.16.0/STM32CubeIDE/plugins/com.st.stm32cube.ide.mcu.externaltools.gnu-tools-for-stm32.12.3.rel1.win32_1.0.200.202406191623/tools/bin/../lib/gcc/arm-none-eabi/12.3.1/../../../../arm-none-eabi/lib/thumb/v7e-m+fp/hard\libc_nano.a
LOAD C:/ST/STM32CubeIDE_1.16.0/STM32CubeIDE/plugins/com.st.stm32cube.ide.mcu.externaltools.gnu-tools-for-stm32.12.3.rel1.win32_1.0.200.202406191623/tools/bin/../lib/gcc/arm-none-eabi/12.3.1/../../../../arm-none-eabi/lib/thumb/v7e-m+fp/hard\libm.a
END GROUP
START GROUP
LOAD C:/ST/STM32CubeIDE_1.16.0/STM32CubeIDE/plugins/com.st.stm32cube.ide.mcu.externaltools.gnu-tools-for-stm32.12.3.rel1.win32_1.0.200.202406191623/tools/bin/../lib/gcc/arm-none-eabi/12.3.1/thumb/v7e-m+fp/hard\libgcc.a
LOAD C:/ST/STM32CubeIDE_1.16.0/STM32CubeIDE/plugins/com.st.stm32cube.ide.mcu.externaltools.gnu-tools-for-stm32.12.3.rel1.win32_1.0.200.202406191623/tools/bin/../lib/gcc/arm-none-eabi/12.3.1/../../../../arm-none-eabi/lib/thumb/v7e-m+fp/hard\libc_nano.a
END GROUP
START GROUP
LOAD C:/ST/STM32CubeIDE_1.16.0/STM32CubeIDE/plugins/com.st.stm32cube.ide.mcu.externaltools.gnu-tools-for-stm32.12.3.rel1.win32_1.0.200.202406191623/tools/bin/../lib/gcc/arm-none-eabi/12.3.1/thumb/v7e-m+fp/hard\libgcc.a
LOAD C:/ST/STM32CubeIDE_1.16.0/STM32CubeIDE/plugins/com.st.stm32cube.ide.mcu.externaltools.gnu-tools-for-stm32.12.3.rel1.win32_1.0.200.202406191623/tools/bin/../lib/gcc/arm-none-eabi/12.3.1/../../../../arm-none-eabi/lib/thumb/v7e-m+fp/hard\libc_nano.a
LOAD C:/ST/STM32CubeIDE_1.16.0/STM32CubeIDE/plugins/com.st.stm32cube.ide.mcu.externaltools.gnu-tools-for-stm32.12.3.rel1.win32_1.0.200.202406191623/tools/bin/../lib/gcc/arm-none-eabi/12.3.1/../../../../arm-none-eabi/lib/thumb/v7e-m+fp/hard\libnosys.a
END GROUP
START GROUP
LOAD C:/ST/STM32CubeIDE_1.16.0/STM32CubeIDE/plugins/com.st.stm32cube.ide.mcu.externaltools.gnu-tools-for-stm32.12.3.rel1.win32_1.0.200.202406191623/tools/bin/../lib/gcc/arm-none-eabi/12.3.1/thumb/v7e-m+fp/hard\libgcc.a
LOAD C:/ST/STM32CubeIDE_1.16.0/STM32CubeIDE/plugins/com.st.stm32cube.ide.mcu.externaltools.gnu-tools-for-stm32.12.3.rel1.win32_1.0.200.202406191623/tools/bin/../lib/gcc/arm-none-eabi/12.3.1/../../../../arm-none-eabi/lib/thumb/v7e-m+fp/hard\libc_nano.a
LOAD C:/ST/STM32CubeIDE_1.16.0/STM32CubeIDE/plugins/com.st.stm32cube.ide.mcu.externaltools.gnu-tools-for-stm32.12.3.rel1.win32_1.0.200.202406191623/tools/bin/../lib/gcc/arm-none-eabi/12.3.1/../../../../arm-none-eabi/lib/thumb/v7e-m+fp/hard\libnosys.a
END GROUP
LOAD C:/ST/STM32CubeIDE_1.16.0/STM32CubeIDE/plugins/com.st.stm32cube.ide.mcu.externaltools.gnu-tools-for-stm32.12.3.rel1.win32_1.0.200.202406191623/tools/bin/../lib/gcc/arm-none-eabi/12.3.1/thumb/v7e-m+fp/hard/crtend.o
LOAD C:/ST/STM32CubeIDE_1.16.0/STM32CubeIDE/plugins/com.st.stm32cube.ide.mcu.externaltools.gnu-tools-for-stm32.12.3.rel1.win32_1.0.200.202406191623/tools/bin/../lib/gcc/arm-none-eabi/12.3.1/thumb/v7e-m+fp/hard/crtn.o
                0x20018000                        _estack = (ORIGIN (RAM) + LENGTH (RAM))
                0x00000200                        _Min_Heap_Size = 0x200
                0x00000400                        _Min_Stack_Size = 0x400

.isr_vector     0x08000000      0x188
                0x08000000                        . = ALIGN (0x4)
 *(.isr_vector)
 .isr_vector    0x08000000      0x188 ./Core/Startup/startup_stm32l476rgtx.o
                0x08000000                g_pfnVectors
                0x08000188                        . = ALIGN (0x4)

.text           0x08000188     0x7534
                0x08000188                        . = ALIGN (0x4)
 *(.text)
 .text          0x08000188       0x40 C:/ST/STM32CubeIDE_1.16.0/STM32CubeIDE/plugins/com.st.stm32cube.ide.mcu.externaltools.gnu-tools-for-stm32.12.3.rel1.win32_1.0.200.202406191623/tools/bin/../lib/gcc/arm-none-eabi/12.3.1/thumb/v7e-m+fp/hard/crtbegin.o
 .text          0x080001c8      0x378 C:/ST/STM32CubeIDE_1.16.0/STM32CubeIDE/plugins/com.st.stm32cube.ide.mcu.externaltools.gnu-tools-for-stm32.12.3.rel1.win32_1.0.200.202406191623/tools/bin/../lib/gcc/arm-none-eabi/12.3.1/thumb/v7e-m+fp/hard\libgcc.a(_arm_addsubdf3.o)
                0x080001c8                __aeabi_drsub
                0x080001d0                __aeabi_dsub
                0x080001d0                __subdf3
                0x080001d4                __aeabi_dadd
                0x080001d4                __adddf3
                0x0800044c                __floatunsidf
                0x0800044c                __aeabi_ui2d
                0x0800046c                __floatsidf
                0x0800046c                __aeabi_i2d
                0x08000490                __aeabi_f2d
                0x08000490                __extendsfdf2
                0x080004d4                __floatundidf
                0x080004d4                __aeabi_ul2d
                0x080004e4                __floatdidf
                0x080004e4                __aeabi_l2d
 .text          0x08000540      0x424 C:/ST/STM32CubeIDE_1.16.0/STM32CubeIDE/plugins/com.st.stm32cube.ide.mcu.externaltools.gnu-tools-for-stm32.12.3.rel1.win32_1.0.200.202406191623/tools/bin/../lib/gcc/arm-none-eabi/12.3.1/thumb/v7e-m+fp/hard\libgcc.a(_arm_muldivdf3.o)
                0x08000540                __aeabi_dmul
                0x08000540                __muldf3
                0x08000794                __divdf3
                0x08000794                __aeabi_ddiv
 .text          0x08000964      0x110 C:/ST/STM32CubeIDE_1.16.0/STM32CubeIDE/plugins/com.st.stm32cube.ide.mcu.externaltools.gnu-tools-for-stm32.12.3.rel1.win32_1.0.200.202406191623/tools/bin/../lib/gcc/arm-none-eabi/12.3.1/thumb/v7e-m+fp/hard\libgcc.a(_arm_cmpdf2.o)
                0x08000964                __gtdf2
                0x08000964                __gedf2
                0x0800096c                __ltdf2
                0x0800096c                __ledf2
                0x08000974                __nedf2
                0x08000974                __eqdf2
                0x08000974                __cmpdf2
                0x080009f0                __aeabi_cdrcmple
                0x08000a00                __aeabi_cdcmpeq
                0x08000a00                __aeabi_cdcmple
                0x08000a10                __aeabi_dcmpeq
                0x08000a24                __aeabi_dcmplt
                0x08000a38                __aeabi_dcmple
                0x08000a4c                __aeabi_dcmpge
                0x08000a60                __aeabi_dcmpgt
 .text          0x08000a74       0x30 C:/ST/STM32CubeIDE_1.16.0/STM32CubeIDE/plugins/com.st.stm32cube.ide.mcu.externaltools.gnu-tools-for-stm32.12.3.rel1.win32_1.0.200.202406191623/tools/bin/../lib/gcc/arm-none-eabi/12.3.1/thumb/v7e-m+fp/hard\libgcc.a(_aeabi_uldivmod.o)
                0x08000a74                __aeabi_uldivmod
 .text          0x08000aa4      0x2bc C:/ST/STM32CubeIDE_1.16.0/STM32CubeIDE/plugins/com.st.stm32cube.ide.mcu.externaltools.gnu-tools-for-stm32.12.3.rel1.win32_1.0.200.202406191623/tools/bin/../lib/gcc/arm-none-eabi/12.3.1/thumb/v7e-m+fp/hard\libgcc.a(_udivmoddi4.o)
                0x08000aa4                __udivmoddi4
 .text          0x08000d60        0x4 C:/ST/STM32CubeIDE_1.16.0/STM32CubeIDE/plugins/com.st.stm32cube.ide.mcu.externaltools.gnu-tools-for-stm32.12.3.rel1.win32_1.0.200.202406191623/tools/bin/../lib/gcc/arm-none-eabi/12.3.1/thumb/v7e-m+fp/hard\libgcc.a(_dvmd_tls.o)
                0x08000d60                __aeabi_idiv0
                0x08000d60                __aeabi_ldiv0
 *(.text*)
 .text.display_init
                0x08000d64       0xc0 ./Core/Src/Custom/7-segment.o
                0x08000d64                display_init
 .text.display_write_manual
                0x08000e24       0x62 ./Core/Src/Custom/7-segment.o
                0x08000e24                display_write_manual
 .text.display_write
                0x08000e86       0x84 ./Core/Src/Custom/7-segment.o
                0x08000e86                display_write
 *fill*         0x08000f0a        0x2 
 .text.display_write_digit
                0x08000f0c       0x68 ./Core/Src/Custom/7-segment.o
                0x08000f0c                display_write_digit
 *fill*         0x08000f74        0x4 
 .text.action_propeller
                0x08000f78       0x88 ./Core/Src/Custom/actions.o
                0x08000f78                action_propeller
 .text.action_ballast
                0x08001000       0xd4 ./Core/Src/Custom/actions.o
                0x08001000                action_ballast
 .text.action_send_code
                0x080010d4       0x44 ./Core/Src/Custom/actions.o
                0x080010d4                action_send_code
 .text.action_request_code
                0x08001118       0x18 ./Core/Src/Custom/actions.o
                0x08001118                action_request_code
 .text.action_release_pod
                0x08001130       0x18 ./Core/Src/Custom/actions.o
                0x08001130                action_release_pod
 .text.recv_send_code
                0x08001148       0x2c ./Core/Src/Custom/actions.o
                0x08001148                recv_send_code
 .text.action_display_movement_tick
                0x08001174       0x14 ./Core/Src/Custom/actions.o
                0x08001174                action_display_movement_tick
 .text.calc_delta
                0x08001188       0x60 ./Core/Src/Custom/depth.o
 .text.get_vert_dir
                0x080011e8       0x18 ./Core/Src/Custom/depth.o
                0x080011e8                get_vert_dir
 .text.set_vert_dir
                0x08001200       0x34 ./Core/Src/Custom/depth.o
                0x08001200                set_vert_dir
 .text.estimate_depth
                0x08001234       0x8c ./Core/Src/Custom/depth.o
                0x08001234                estimate_depth
 .text.interrupt_send_code
                0x080012c0       0x1c ./Core/Src/Custom/main.o
                0x080012c0                interrupt_send_code
 .text.interrupt_request_code
                0x080012dc       0x1c ./Core/Src/Custom/main.o
                0x080012dc                interrupt_request_code
 .text.interrupt_release_pod
                0x080012f8       0x1c ./Core/Src/Custom/main.o
                0x080012f8                interrupt_release_pod
 .text.interrupt_tristate_up
                0x08001314       0x1c ./Core/Src/Custom/main.o
                0x08001314                interrupt_tristate_up
 .text.interrupt_tristate_down
                0x08001330       0x1c ./Core/Src/Custom/main.o
                0x08001330                interrupt_tristate_down
 .text.HAL_GPIO_EXTI_Callback
                0x0800134c       0x84 ./Core/Src/Custom/main.o
                0x0800134c                HAL_GPIO_EXTI_Callback
 .text.HAL_TIM_PeriodElapsedCallback
                0x080013d0       0xd8 ./Core/Src/Custom/main.o
                0x080013d0                HAL_TIM_PeriodElapsedCallback
 .text.movement_counter_on_tick
                0x080014a8       0x54 ./Core/Src/Custom/main.o
                0x080014a8                movement_counter_on_tick
 .text.setup    0x080014fc      0x114 ./Core/Src/Custom/main.o
                0x080014fc                setup
 .text.loop     0x08001610        0xc ./Core/Src/Custom/main.o
                0x08001610                loop
 .text.create_action
                0x0800161c       0x3c ./Core/Src/Lib/action-mgr.o
                0x0800161c                create_action
 .text.execute_pending_actions
                0x08001658       0x3c ./Core/Src/Lib/action-mgr.o
                0x08001658                execute_pending_actions
 .text.register_send_code_callback
                0x08001694       0x20 ./Core/Src/Lib/communication.o
                0x08001694                register_send_code_callback
 .text.transmit_opcode
                0x080016b4       0x44 ./Core/Src/Lib/communication.o
                0x080016b4                transmit_opcode
 .text.transmit
                0x080016f8       0x52 ./Core/Src/Lib/communication.o
                0x080016f8                transmit
 .text.counter_init
                0x0800174a       0x28 ./Core/Src/Lib/counter.o
                0x0800174a                counter_init
 .text.counter_on_tick
                0x08001772       0x1c ./Core/Src/Lib/counter.o
                0x08001772                counter_on_tick
 .text.counter_tick
                0x0800178e       0x40 ./Core/Src/Lib/counter.o
                0x0800178e                counter_tick
 .text._read    0x080017ce       0x54 ./Core/Src/Lib/lora.o
 .text._write_bytes
                0x08001822       0x5a ./Core/Src/Lib/lora.o
 .text._write   0x0800187c       0x24 ./Core/Src/Lib/lora.o
 .text.explicit_header_mode
                0x080018a0       0x30 ./Core/Src/Lib/lora.o
 .text.implicit_header_mode
                0x080018d0       0x30 ./Core/Src/Lib/lora.o
 .text.lora_init
                0x08001900       0xb0 ./Core/Src/Lib/lora.o
                0x08001900                lora_init
 .text.lora_begin_packet
                0x080019b0       0x42 ./Core/Src/Lib/lora.o
                0x080019b0                lora_begin_packet
 .text.lora_write
                0x080019f2       0x22 ./Core/Src/Lib/lora.o
                0x080019f2                lora_write
 .text.lora_write_bytes
                0x08001a14       0x46 ./Core/Src/Lib/lora.o
                0x08001a14                lora_write_bytes
 .text.lora_end_packet
                0x08001a5a       0x58 ./Core/Src/Lib/lora.o
                0x08001a5a                lora_end_packet
 .text.lora_receive
                0x08001ab2       0x48 ./Core/Src/Lib/lora.o
                0x08001ab2                lora_receive
 .text.lora_idle
                0x08001afa       0x1a ./Core/Src/Lib/lora.o
                0x08001afa                lora_idle
 .text.lora_sleep
                0x08001b14       0x1a ./Core/Src/Lib/lora.o
                0x08001b14                lora_sleep
 .text.lora_set_tx_power
                0x08001b2e       0x74 ./Core/Src/Lib/lora.o
                0x08001b2e                lora_set_tx_power
 *fill*         0x08001ba2        0x2 
 .text.lora_set_ocp
                0x08001ba4       0x68 ./Core/Src/Lib/lora.o
                0x08001ba4                lora_set_ocp
 .text.mcp_init
                0x08001c0c       0x64 ./Core/Src/Lib/mcp23s17.o
                0x08001c0c                mcp_init
 .text.mcp_write
                0x08001c70       0x56 ./Core/Src/Lib/mcp23s17.o
                0x08001c70                mcp_write
 *fill*         0x08001cc6        0x2 
 .text.fetch_code
                0x08001cc8       0x18 ./Core/Src/Lib/stored-code.o
                0x08001cc8                fetch_code
 .text.save_code
                0x08001ce0       0x20 ./Core/Src/Lib/stored-code.o
                0x08001ce0                save_code
 .text.timed_lock_init
                0x08001d00       0x2c ./Core/Src/Lib/timed-lock.o
                0x08001d00                timed_lock_init
 .text.timed_lock_call
                0x08001d2c       0x38 ./Core/Src/Lib/timed-lock.o
                0x08001d2c                timed_lock_call
 .text.set_pin  0x08001d64       0x20 ./Core/Src/Lib/util.o
                0x08001d64                set_pin
 .text.reset_pin
                0x08001d84       0x20 ./Core/Src/Lib/util.o
                0x08001d84                reset_pin
 .text.read_pin
                0x08001da4       0x2c ./Core/Src/Lib/util.o
                0x08001da4                read_pin
 .text.is_within_tolerance
                0x08001dd0       0x3e ./Core/Src/Lib/util.o
                0x08001dd0                is_within_tolerance
 .text.read_tristate_pins
                0x08001e0e       0x36 ./Core/Src/Lib/util.o
                0x08001e0e                read_tristate_pins
 .text.map_range
                0x08001e44       0x86 ./Core/Src/Lib/util.o
                0x08001e44                map_range
 .text.main     0x08001eca       0x2e ./Core/Src/main.o
                0x08001eca                main
 .text.SystemClock_Config
                0x08001ef8       0xa2 ./Core/Src/main.o
                0x08001ef8                SystemClock_Config
 *fill*         0x08001f9a        0x2 
 .text.MX_ADC1_Init
                0x08001f9c      0x10c ./Core/Src/main.o
 .text.MX_SPI1_Init
                0x080020a8       0x7c ./Core/Src/main.o
 .text.MX_TIM6_Init
                0x08002124       0x70 ./Core/Src/main.o
 .text.MX_TIM7_Init
                0x08002194       0x6c ./Core/Src/main.o
 .text.MX_DMA_Init
                0x08002200       0x3c ./Core/Src/main.o
 .text.MX_GPIO_Init
                0x0800223c       0xf4 ./Core/Src/main.o
 .text.Error_Handler
                0x08002330        0xc ./Core/Src/main.o
                0x08002330                Error_Handler
 .text.HAL_MspInit
                0x0800233c       0x48 ./Core/Src/stm32l4xx_hal_msp.o
                0x0800233c                HAL_MspInit
 .text.HAL_ADC_MspInit
                0x08002384      0x140 ./Core/Src/stm32l4xx_hal_msp.o
                0x08002384                HAL_ADC_MspInit
 .text.HAL_SPI_MspInit
                0x080024c4       0xc0 ./Core/Src/stm32l4xx_hal_msp.o
                0x080024c4                HAL_SPI_MspInit
 .text.HAL_TIM_Base_MspInit
                0x08002584       0x84 ./Core/Src/stm32l4xx_hal_msp.o
                0x08002584                HAL_TIM_Base_MspInit
 .text.NMI_Handler
                0x08002608        0x8 ./Core/Src/stm32l4xx_it.o
                0x08002608                NMI_Handler
 .text.HardFault_Handler
                0x08002610        0x8 ./Core/Src/stm32l4xx_it.o
                0x08002610                HardFault_Handler
 .text.MemManage_Handler
                0x08002618        0x8 ./Core/Src/stm32l4xx_it.o
                0x08002618                MemManage_Handler
 .text.BusFault_Handler
                0x08002620        0x8 ./Core/Src/stm32l4xx_it.o
                0x08002620                BusFault_Handler
 .text.UsageFault_Handler
                0x08002628        0x8 ./Core/Src/stm32l4xx_it.o
                0x08002628                UsageFault_Handler
 .text.SVC_Handler
                0x08002630        0xe ./Core/Src/stm32l4xx_it.o
                0x08002630                SVC_Handler
 .text.DebugMon_Handler
                0x0800263e        0xe ./Core/Src/stm32l4xx_it.o
                0x0800263e                DebugMon_Handler
 .text.PendSV_Handler
                0x0800264c        0xe ./Core/Src/stm32l4xx_it.o
                0x0800264c                PendSV_Handler
 .text.SysTick_Handler
                0x0800265a        0xc ./Core/Src/stm32l4xx_it.o
                0x0800265a                SysTick_Handler
 *fill*         0x08002666        0x2 
 .text.DMA1_Channel1_IRQHandler
                0x08002668       0x14 ./Core/Src/stm32l4xx_it.o
                0x08002668                DMA1_Channel1_IRQHandler
 .text.ADC1_2_IRQHandler
                0x0800267c       0x14 ./Core/Src/stm32l4xx_it.o
                0x0800267c                ADC1_2_IRQHandler
 .text.EXTI9_5_IRQHandler
                0x08002690       0x18 ./Core/Src/stm32l4xx_it.o
                0x08002690                EXTI9_5_IRQHandler
 .text.EXTI15_10_IRQHandler
                0x080026a8       0x20 ./Core/Src/stm32l4xx_it.o
                0x080026a8                EXTI15_10_IRQHandler
 .text.TIM6_DAC_IRQHandler
                0x080026c8       0x14 ./Core/Src/stm32l4xx_it.o
                0x080026c8                TIM6_DAC_IRQHandler
 .text.TIM7_IRQHandler
                0x080026dc       0x14 ./Core/Src/stm32l4xx_it.o
                0x080026dc                TIM7_IRQHandler
 .text.SystemInit
                0x080026f0       0x24 ./Core/Src/system_stm32l4xx.o
                0x080026f0                SystemInit
 .text.Reset_Handler
                0x08002714       0x50 ./Core/Startup/startup_stm32l476rgtx.o
                0x08002714                Reset_Handler
 .text.Default_Handler
                0x08002764        0x2 ./Core/Startup/startup_stm32l476rgtx.o
                0x08002764                RTC_Alarm_IRQHandler
                0x08002764                EXTI2_IRQHandler
                0x08002764                TIM8_TRG_COM_IRQHandler
                0x08002764                TIM8_CC_IRQHandler
                0x08002764                TIM1_CC_IRQHandler
                0x08002764                TSC_IRQHandler
                0x08002764                TAMP_STAMP_IRQHandler
                0x08002764                EXTI3_IRQHandler
                0x08002764                LPTIM2_IRQHandler
                0x08002764                DFSDM1_FLT1_IRQHandler
                0x08002764                I2C3_ER_IRQHandler
                0x08002764                DFSDM1_FLT2_IRQHandler
                0x08002764                EXTI0_IRQHandler
                0x08002764                I2C2_EV_IRQHandler
                0x08002764                CAN1_RX0_IRQHandler
                0x08002764                FPU_IRQHandler
                0x08002764                TIM1_UP_TIM16_IRQHandler
                0x08002764                SPI1_IRQHandler
                0x08002764                TIM8_UP_IRQHandler
                0x08002764                DMA2_Channel2_IRQHandler
                0x08002764                DMA1_Channel4_IRQHandler
                0x08002764                SAI2_IRQHandler
                0x08002764                DFSDM1_FLT3_IRQHandler
                0x08002764                USART3_IRQHandler
                0x08002764                DMA1_Channel7_IRQHandler
                0x08002764                CAN1_RX1_IRQHandler
                0x08002764                LCD_IRQHandler
                0x08002764                UART5_IRQHandler
                0x08002764                ADC3_IRQHandler
                0x08002764                TIM4_IRQHandler
                0x08002764                DMA2_Channel1_IRQHandler
                0x08002764                QUADSPI_IRQHandler
                0x08002764                I2C1_EV_IRQHandler
                0x08002764                DMA1_Channel6_IRQHandler
                0x08002764                UART4_IRQHandler
                0x08002764                DMA2_Channel4_IRQHandler
                0x08002764                TIM3_IRQHandler
                0x08002764                RCC_IRQHandler
                0x08002764                Default_Handler
                0x08002764                DMA2_Channel7_IRQHandler
                0x08002764                SDMMC1_IRQHandler
                0x08002764                TIM5_IRQHandler
                0x08002764                I2C3_EV_IRQHandler
                0x08002764                RTC_WKUP_IRQHandler
                0x08002764                PVD_PVM_IRQHandler
                0x08002764                SPI2_IRQHandler
                0x08002764                CAN1_TX_IRQHandler
                0x08002764                DMA2_Channel5_IRQHandler
                0x08002764                DMA1_Channel5_IRQHandler
                0x08002764                EXTI4_IRQHandler
                0x08002764                RNG_IRQHandler
                0x08002764                TIM1_TRG_COM_TIM17_IRQHandler
                0x08002764                DMA1_Channel3_IRQHandler
                0x08002764                COMP_IRQHandler
                0x08002764                WWDG_IRQHandler
                0x08002764                LPUART1_IRQHandler
                0x08002764                DMA2_Channel6_IRQHandler
                0x08002764                TIM2_IRQHandler
                0x08002764                EXTI1_IRQHandler
                0x08002764                USART2_IRQHandler
                0x08002764                DFSDM1_FLT0_IRQHandler
                0x08002764                I2C2_ER_IRQHandler
                0x08002764                DMA1_Channel2_IRQHandler
                0x08002764                TIM8_BRK_IRQHandler
                0x08002764                CAN1_SCE_IRQHandler
                0x08002764                FLASH_IRQHandler
                0x08002764                USART1_IRQHandler
                0x08002764                OTG_FS_IRQHandler
                0x08002764                SPI3_IRQHandler
                0x08002764                I2C1_ER_IRQHandler
                0x08002764                FMC_IRQHandler
                0x08002764                SWPMI1_IRQHandler
                0x08002764                LPTIM1_IRQHandler
                0x08002764                SAI1_IRQHandler
                0x08002764                DMA2_Channel3_IRQHandler
                0x08002764                TIM1_BRK_TIM15_IRQHandler
 .text.HAL_Init
                0x08002766       0x30 ./Drivers/STM32L4xx_HAL_Driver/Src/stm32l4xx_hal.o
                0x08002766                HAL_Init
 *fill*         0x08002796        0x2 
 .text.HAL_InitTick
                0x08002798       0x78 ./Drivers/STM32L4xx_HAL_Driver/Src/stm32l4xx_hal.o
                0x08002798                HAL_InitTick
 .text.HAL_IncTick
                0x08002810       0x28 ./Drivers/STM32L4xx_HAL_Driver/Src/stm32l4xx_hal.o
                0x08002810                HAL_IncTick
 .text.HAL_GetTick
                0x08002838       0x18 ./Drivers/STM32L4xx_HAL_Driver/Src/stm32l4xx_hal.o
                0x08002838                HAL_GetTick
 .text.HAL_Delay
                0x08002850       0x48 ./Drivers/STM32L4xx_HAL_Driver/Src/stm32l4xx_hal.o
                0x08002850                HAL_Delay
 .text.LL_ADC_SetCommonClock
                0x08002898       0x26 ./Drivers/STM32L4xx_HAL_Driver/Src/stm32l4xx_hal_adc.o
 .text.LL_ADC_SetCommonPathInternalCh
                0x080028be       0x26 ./Drivers/STM32L4xx_HAL_Driver/Src/stm32l4xx_hal_adc.o
 .text.LL_ADC_GetCommonPathInternalCh
                0x080028e4       0x1c ./Drivers/STM32L4xx_HAL_Driver/Src/stm32l4xx_hal_adc.o
 .text.LL_ADC_SetOffset
                0x08002900       0x48 ./Drivers/STM32L4xx_HAL_Driver/Src/stm32l4xx_hal_adc.o
 .text.LL_ADC_GetOffsetChannel
                0x08002948       0x2c ./Drivers/STM32L4xx_HAL_Driver/Src/stm32l4xx_hal_adc.o
 .text.LL_ADC_SetOffsetState
                0x08002974       0x36 ./Drivers/STM32L4xx_HAL_Driver/Src/stm32l4xx_hal_adc.o
 .text.LL_ADC_REG_IsTriggerSourceSWStart
                0x080029aa       0x26 ./Drivers/STM32L4xx_HAL_Driver/Src/stm32l4xx_hal_adc.o
 .text.LL_ADC_REG_SetSequencerRanks
                0x080029d0       0x58 ./Drivers/STM32L4xx_HAL_Driver/Src/stm32l4xx_hal_adc.o
 .text.LL_ADC_INJ_IsTriggerSourceSWStart
                0x08002a28       0x26 ./Drivers/STM32L4xx_HAL_Driver/Src/stm32l4xx_hal_adc.o
 .text.LL_ADC_SetChannelSamplingTime
                0x08002a4e       0x56 ./Drivers/STM32L4xx_HAL_Driver/Src/stm32l4xx_hal_adc.o
 .text.LL_ADC_SetChannelSingleDiff
                0x08002aa4       0x48 ./Drivers/STM32L4xx_HAL_Driver/Src/stm32l4xx_hal_adc.o
 .text.LL_ADC_GetMultimode
                0x08002aec       0x1c ./Drivers/STM32L4xx_HAL_Driver/Src/stm32l4xx_hal_adc.o
 .text.LL_ADC_GetMultiDMATransfer
                0x08002b08       0x1c ./Drivers/STM32L4xx_HAL_Driver/Src/stm32l4xx_hal_adc.o
 .text.LL_ADC_DisableDeepPowerDown
                0x08002b24       0x24 ./Drivers/STM32L4xx_HAL_Driver/Src/stm32l4xx_hal_adc.o
 .text.LL_ADC_IsDeepPowerDownEnabled
                0x08002b48       0x28 ./Drivers/STM32L4xx_HAL_Driver/Src/stm32l4xx_hal_adc.o
 .text.LL_ADC_EnableInternalRegulator
                0x08002b70       0x28 ./Drivers/STM32L4xx_HAL_Driver/Src/stm32l4xx_hal_adc.o
 .text.LL_ADC_IsInternalRegulatorEnabled
                0x08002b98       0x28 ./Drivers/STM32L4xx_HAL_Driver/Src/stm32l4xx_hal_adc.o
 .text.LL_ADC_Enable
                0x08002bc0       0x28 ./Drivers/STM32L4xx_HAL_Driver/Src/stm32l4xx_hal_adc.o
 .text.LL_ADC_IsEnabled
                0x08002be8       0x26 ./Drivers/STM32L4xx_HAL_Driver/Src/stm32l4xx_hal_adc.o
 .text.LL_ADC_REG_StartConversion
                0x08002c0e       0x28 ./Drivers/STM32L4xx_HAL_Driver/Src/stm32l4xx_hal_adc.o
 .text.LL_ADC_REG_IsConversionOngoing
                0x08002c36       0x26 ./Drivers/STM32L4xx_HAL_Driver/Src/stm32l4xx_hal_adc.o
 .text.LL_ADC_INJ_IsConversionOngoing
                0x08002c5c       0x26 ./Drivers/STM32L4xx_HAL_Driver/Src/stm32l4xx_hal_adc.o
 *fill*         0x08002c82        0x2 
 .text.HAL_ADC_Init
                0x08002c84      0x2a0 ./Drivers/STM32L4xx_HAL_Driver/Src/stm32l4xx_hal_adc.o
                0x08002c84                HAL_ADC_Init
 .text.HAL_ADC_Start_DMA
                0x08002f24      0x178 ./Drivers/STM32L4xx_HAL_Driver/Src/stm32l4xx_hal_adc.o
                0x08002f24                HAL_ADC_Start_DMA
 .text.HAL_ADC_IRQHandler
                0x0800309c      0x434 ./Drivers/STM32L4xx_HAL_Driver/Src/stm32l4xx_hal_adc.o
                0x0800309c                HAL_ADC_IRQHandler
 .text.HAL_ADC_ConvCpltCallback
                0x080034d0       0x14 ./Drivers/STM32L4xx_HAL_Driver/Src/stm32l4xx_hal_adc.o
                0x080034d0                HAL_ADC_ConvCpltCallback
 .text.HAL_ADC_ConvHalfCpltCallback
                0x080034e4       0x14 ./Drivers/STM32L4xx_HAL_Driver/Src/stm32l4xx_hal_adc.o
                0x080034e4                HAL_ADC_ConvHalfCpltCallback
 .text.HAL_ADC_LevelOutOfWindowCallback
                0x080034f8       0x14 ./Drivers/STM32L4xx_HAL_Driver/Src/stm32l4xx_hal_adc.o
                0x080034f8                HAL_ADC_LevelOutOfWindowCallback
 .text.HAL_ADC_ErrorCallback
                0x0800350c       0x14 ./Drivers/STM32L4xx_HAL_Driver/Src/stm32l4xx_hal_adc.o
                0x0800350c                HAL_ADC_ErrorCallback
 .text.HAL_ADC_ConfigChannel
                0x08003520      0x7e4 ./Drivers/STM32L4xx_HAL_Driver/Src/stm32l4xx_hal_adc.o
                0x08003520                HAL_ADC_ConfigChannel
 .text.ADC_Enable
                0x08003d04      0x10c ./Drivers/STM32L4xx_HAL_Driver/Src/stm32l4xx_hal_adc.o
                0x08003d04                ADC_Enable
 .text.ADC_DMAConvCplt
                0x08003e10       0xd8 ./Drivers/STM32L4xx_HAL_Driver/Src/stm32l4xx_hal_adc.o
                0x08003e10                ADC_DMAConvCplt
 .text.ADC_DMAHalfConvCplt
                0x08003ee8       0x1c ./Drivers/STM32L4xx_HAL_Driver/Src/stm32l4xx_hal_adc.o
                0x08003ee8                ADC_DMAHalfConvCplt
 .text.ADC_DMAError
                0x08003f04       0x34 ./Drivers/STM32L4xx_HAL_Driver/Src/stm32l4xx_hal_adc.o
                0x08003f04                ADC_DMAError
 .text.LL_ADC_IsEnabled
                0x08003f38       0x26 ./Drivers/STM32L4xx_HAL_Driver/Src/stm32l4xx_hal_adc_ex.o
 .text.LL_ADC_REG_IsConversionOngoing
                0x08003f5e       0x26 ./Drivers/STM32L4xx_HAL_Driver/Src/stm32l4xx_hal_adc_ex.o
 .text.HAL_ADCEx_InjectedConvCpltCallback
                0x08003f84       0x14 ./Drivers/STM32L4xx_HAL_Driver/Src/stm32l4xx_hal_adc_ex.o
                0x08003f84                HAL_ADCEx_InjectedConvCpltCallback
 .text.HAL_ADCEx_InjectedQueueOverflowCallback
                0x08003f98       0x14 ./Drivers/STM32L4xx_HAL_Driver/Src/stm32l4xx_hal_adc_ex.o
                0x08003f98                HAL_ADCEx_InjectedQueueOverflowCallback
 .text.HAL_ADCEx_LevelOutOfWindow2Callback
                0x08003fac       0x14 ./Drivers/STM32L4xx_HAL_Driver/Src/stm32l4xx_hal_adc_ex.o
                0x08003fac                HAL_ADCEx_LevelOutOfWindow2Callback
 .text.HAL_ADCEx_LevelOutOfWindow3Callback
                0x08003fc0       0x14 ./Drivers/STM32L4xx_HAL_Driver/Src/stm32l4xx_hal_adc_ex.o
                0x08003fc0                HAL_ADCEx_LevelOutOfWindow3Callback
 .text.HAL_ADCEx_EndOfSamplingCallback
                0x08003fd4       0x14 ./Drivers/STM32L4xx_HAL_Driver/Src/stm32l4xx_hal_adc_ex.o
                0x08003fd4                HAL_ADCEx_EndOfSamplingCallback
 .text.HAL_ADCEx_MultiModeConfigChannel
                0x08003fe8      0x160 ./Drivers/STM32L4xx_HAL_Driver/Src/stm32l4xx_hal_adc_ex.o
                0x08003fe8                HAL_ADCEx_MultiModeConfigChannel
 .text.__NVIC_SetPriorityGrouping
                0x08004148       0x48 ./Drivers/STM32L4xx_HAL_Driver/Src/stm32l4xx_hal_cortex.o
 .text.__NVIC_GetPriorityGrouping
                0x08004190       0x1c ./Drivers/STM32L4xx_HAL_Driver/Src/stm32l4xx_hal_cortex.o
 .text.__NVIC_EnableIRQ
                0x080041ac       0x3c ./Drivers/STM32L4xx_HAL_Driver/Src/stm32l4xx_hal_cortex.o
 .text.__NVIC_SetPriority
                0x080041e8       0x54 ./Drivers/STM32L4xx_HAL_Driver/Src/stm32l4xx_hal_cortex.o
 .text.NVIC_EncodePriority
                0x0800423c       0x66 ./Drivers/STM32L4xx_HAL_Driver/Src/stm32l4xx_hal_cortex.o
 *fill*         0x080042a2        0x2 
 .text.SysTick_Config
                0x080042a4       0x44 ./Drivers/STM32L4xx_HAL_Driver/Src/stm32l4xx_hal_cortex.o
 .text.HAL_NVIC_SetPriorityGrouping
                0x080042e8       0x16 ./Drivers/STM32L4xx_HAL_Driver/Src/stm32l4xx_hal_cortex.o
                0x080042e8                HAL_NVIC_SetPriorityGrouping
 .text.HAL_NVIC_SetPriority
                0x080042fe       0x38 ./Drivers/STM32L4xx_HAL_Driver/Src/stm32l4xx_hal_cortex.o
                0x080042fe                HAL_NVIC_SetPriority
 .text.HAL_NVIC_EnableIRQ
                0x08004336       0x1c ./Drivers/STM32L4xx_HAL_Driver/Src/stm32l4xx_hal_cortex.o
                0x08004336                HAL_NVIC_EnableIRQ
 .text.HAL_SYSTICK_Config
                0x08004352       0x18 ./Drivers/STM32L4xx_HAL_Driver/Src/stm32l4xx_hal_cortex.o
                0x08004352                HAL_SYSTICK_Config
 *fill*         0x0800436a        0x2 
 .text.HAL_DMA_Init
                0x0800436c      0x170 ./Drivers/STM32L4xx_HAL_Driver/Src/stm32l4xx_hal_dma.o
                0x0800436c                HAL_DMA_Init
 .text.HAL_DMA_Start_IT
                0x080044dc       0xc0 ./Drivers/STM32L4xx_HAL_Driver/Src/stm32l4xx_hal_dma.o
                0x080044dc                HAL_DMA_Start_IT
 .text.HAL_DMA_IRQHandler
                0x0800459c      0x15e ./Drivers/STM32L4xx_HAL_Driver/Src/stm32l4xx_hal_dma.o
                0x0800459c                HAL_DMA_IRQHandler
 .text.DMA_SetConfig
                0x080046fa       0x60 ./Drivers/STM32L4xx_HAL_Driver/Src/stm32l4xx_hal_dma.o
 *fill*         0x0800475a        0x2 
 .text.HAL_GPIO_Init
                0x0800475c      0x354 ./Drivers/STM32L4xx_HAL_Driver/Src/stm32l4xx_hal_gpio.o
                0x0800475c                HAL_GPIO_Init
 .text.HAL_GPIO_ReadPin
                0x08004ab0       0x30 ./Drivers/STM32L4xx_HAL_Driver/Src/stm32l4xx_hal_gpio.o
                0x08004ab0                HAL_GPIO_ReadPin
 .text.HAL_GPIO_WritePin
                0x08004ae0       0x30 ./Drivers/STM32L4xx_HAL_Driver/Src/stm32l4xx_hal_gpio.o
                0x08004ae0                HAL_GPIO_WritePin
 .text.HAL_GPIO_EXTI_IRQHandler
                0x08004b10       0x30 ./Drivers/STM32L4xx_HAL_Driver/Src/stm32l4xx_hal_gpio.o
                0x08004b10                HAL_GPIO_EXTI_IRQHandler
 .text.HAL_PWREx_GetVoltageRange
                0x08004b40       0x1c ./Drivers/STM32L4xx_HAL_Driver/Src/stm32l4xx_hal_pwr_ex.o
                0x08004b40                HAL_PWREx_GetVoltageRange
 .text.HAL_PWREx_ControlVoltageScaling
                0x08004b5c       0xac ./Drivers/STM32L4xx_HAL_Driver/Src/stm32l4xx_hal_pwr_ex.o
                0x08004b5c                HAL_PWREx_ControlVoltageScaling
 .text.HAL_RCC_OscConfig
                0x08004c08      0x7b8 ./Drivers/STM32L4xx_HAL_Driver/Src/stm32l4xx_hal_rcc.o
                0x08004c08                HAL_RCC_OscConfig
 .text.HAL_RCC_ClockConfig
                0x080053c0      0x200 ./Drivers/STM32L4xx_HAL_Driver/Src/stm32l4xx_hal_rcc.o
                0x080053c0                HAL_RCC_ClockConfig
 .text.HAL_RCC_GetSysClockFreq
                0x080055c0      0x118 ./Drivers/STM32L4xx_HAL_Driver/Src/stm32l4xx_hal_rcc.o
                0x080055c0                HAL_RCC_GetSysClockFreq
 .text.RCC_SetFlashLatencyFromMSIRange
                0x080056d8       0xc0 ./Drivers/STM32L4xx_HAL_Driver/Src/stm32l4xx_hal_rcc.o
 .text.HAL_RCCEx_PeriphCLKConfig
                0x08005798      0x5d4 ./Drivers/STM32L4xx_HAL_Driver/Src/stm32l4xx_hal_rcc_ex.o
                0x08005798                HAL_RCCEx_PeriphCLKConfig
 .text.RCCEx_PLLSAI1_Config
                0x08005d6c      0x1e8 ./Drivers/STM32L4xx_HAL_Driver/Src/stm32l4xx_hal_rcc_ex.o
 .text.RCCEx_PLLSAI2_Config
                0x08005f54      0x1bc ./Drivers/STM32L4xx_HAL_Driver/Src/stm32l4xx_hal_rcc_ex.o
 .text.HAL_SPI_Init
                0x08006110      0x146 ./Drivers/STM32L4xx_HAL_Driver/Src/stm32l4xx_hal_spi.o
                0x08006110                HAL_SPI_Init
 .text.HAL_SPI_Transmit
                0x08006256      0x2ec ./Drivers/STM32L4xx_HAL_Driver/Src/stm32l4xx_hal_spi.o
                0x08006256                HAL_SPI_Transmit
 .text.HAL_SPI_Receive
                0x08006542      0x270 ./Drivers/STM32L4xx_HAL_Driver/Src/stm32l4xx_hal_spi.o
                0x08006542                HAL_SPI_Receive
 .text.HAL_SPI_TransmitReceive
                0x080067b2      0x43e ./Drivers/STM32L4xx_HAL_Driver/Src/stm32l4xx_hal_spi.o
                0x080067b2                HAL_SPI_TransmitReceive
 .text.SPI_WaitFlagStateUntilTimeout
                0x08006bf0      0x110 ./Drivers/STM32L4xx_HAL_Driver/Src/stm32l4xx_hal_spi.o
 .text.SPI_WaitFifoStateUntilTimeout
                0x08006d00      0x12c ./Drivers/STM32L4xx_HAL_Driver/Src/stm32l4xx_hal_spi.o
 .text.SPI_EndRxTransaction
                0x08006e2c       0xb0 ./Drivers/STM32L4xx_HAL_Driver/Src/stm32l4xx_hal_spi.o
 .text.SPI_EndRxTxTransaction
                0x08006edc       0x8c ./Drivers/STM32L4xx_HAL_Driver/Src/stm32l4xx_hal_spi.o
 .text.HAL_TIM_Base_Init
                0x08006f68       0xae ./Drivers/STM32L4xx_HAL_Driver/Src/stm32l4xx_hal_tim.o
                0x08006f68                HAL_TIM_Base_Init
 *fill*         0x08007016        0x2 
 .text.HAL_TIM_Base_Start_IT
                0x08007018       0xe0 ./Drivers/STM32L4xx_HAL_Driver/Src/stm32l4xx_hal_tim.o
                0x08007018                HAL_TIM_Base_Start_IT
 .text.HAL_TIM_Base_Stop_IT
                0x080070f8       0x5e ./Drivers/STM32L4xx_HAL_Driver/Src/stm32l4xx_hal_tim.o
                0x080070f8                HAL_TIM_Base_Stop_IT
 .text.HAL_TIM_IRQHandler
                0x08007156      0x20e ./Drivers/STM32L4xx_HAL_Driver/Src/stm32l4xx_hal_tim.o
                0x08007156                HAL_TIM_IRQHandler
 .text.HAL_TIM_OC_DelayElapsedCallback
                0x08007364       0x14 ./Drivers/STM32L4xx_HAL_Driver/Src/stm32l4xx_hal_tim.o
                0x08007364                HAL_TIM_OC_DelayElapsedCallback
 .text.HAL_TIM_IC_CaptureCallback
                0x08007378       0x14 ./Drivers/STM32L4xx_HAL_Driver/Src/stm32l4xx_hal_tim.o
                0x08007378                HAL_TIM_IC_CaptureCallback
 .text.HAL_TIM_PWM_PulseFinishedCallback
                0x0800738c       0x14 ./Drivers/STM32L4xx_HAL_Driver/Src/stm32l4xx_hal_tim.o
                0x0800738c                HAL_TIM_PWM_PulseFinishedCallback
 .text.HAL_TIM_TriggerCallback
                0x080073a0       0x14 ./Drivers/STM32L4xx_HAL_Driver/Src/stm32l4xx_hal_tim.o
                0x080073a0                HAL_TIM_TriggerCallback
 .text.TIM_Base_SetConfig
                0x080073b4      0x14c ./Drivers/STM32L4xx_HAL_Driver/Src/stm32l4xx_hal_tim.o
                0x080073b4                TIM_Base_SetConfig
 .text.HAL_TIMEx_MasterConfigSynchronization
                0x08007500      0x110 ./Drivers/STM32L4xx_HAL_Driver/Src/stm32l4xx_hal_tim_ex.o
                0x08007500                HAL_TIMEx_MasterConfigSynchronization
 .text.HAL_TIMEx_CommutCallback
                0x08007610       0x14 ./Drivers/STM32L4xx_HAL_Driver/Src/stm32l4xx_hal_tim_ex.o
                0x08007610                HAL_TIMEx_CommutCallback
 .text.HAL_TIMEx_BreakCallback
                0x08007624       0x14 ./Drivers/STM32L4xx_HAL_Driver/Src/stm32l4xx_hal_tim_ex.o
                0x08007624                HAL_TIMEx_BreakCallback
 .text.HAL_TIMEx_Break2Callback
                0x08007638       0x14 ./Drivers/STM32L4xx_HAL_Driver/Src/stm32l4xx_hal_tim_ex.o
                0x08007638                HAL_TIMEx_Break2Callback
 .text.memset   0x0800764c       0x10 C:/ST/STM32CubeIDE_1.16.0/STM32CubeIDE/plugins/com.st.stm32cube.ide.mcu.externaltools.gnu-tools-for-stm32.12.3.rel1.win32_1.0.200.202406191623/tools/bin/../lib/gcc/arm-none-eabi/12.3.1/../../../../arm-none-eabi/lib/thumb/v7e-m+fp/hard\libc_nano.a(libc_a-memset.o)
                0x0800764c                memset
 .text.__libc_init_array
                0x0800765c       0x48 C:/ST/STM32CubeIDE_1.16.0/STM32CubeIDE/plugins/com.st.stm32cube.ide.mcu.externaltools.gnu-tools-for-stm32.12.3.rel1.win32_1.0.200.202406191623/tools/bin/../lib/gcc/arm-none-eabi/12.3.1/../../../../arm-none-eabi/lib/thumb/v7e-m+fp/hard\libc_nano.a(libc_a-init.o)
                0x0800765c                __libc_init_array
 *(.glue_7)
 .glue_7        0x080076a4        0x0 linker stubs
 *(.glue_7t)
 .glue_7t       0x080076a4        0x0 linker stubs
 *(.eh_frame)
 .eh_frame      0x080076a4        0x0 C:/ST/STM32CubeIDE_1.16.0/STM32CubeIDE/plugins/com.st.stm32cube.ide.mcu.externaltools.gnu-tools-for-stm32.12.3.rel1.win32_1.0.200.202406191623/tools/bin/../lib/gcc/arm-none-eabi/12.3.1/thumb/v7e-m+fp/hard/crtbegin.o
 *(.init)
 .init          0x080076a4        0x4 C:/ST/STM32CubeIDE_1.16.0/STM32CubeIDE/plugins/com.st.stm32cube.ide.mcu.externaltools.gnu-tools-for-stm32.12.3.rel1.win32_1.0.200.202406191623/tools/bin/../lib/gcc/arm-none-eabi/12.3.1/thumb/v7e-m+fp/hard/crti.o
                0x080076a4                _init
 .init          0x080076a8        0x8 C:/ST/STM32CubeIDE_1.16.0/STM32CubeIDE/plugins/com.st.stm32cube.ide.mcu.externaltools.gnu-tools-for-stm32.12.3.rel1.win32_1.0.200.202406191623/tools/bin/../lib/gcc/arm-none-eabi/12.3.1/thumb/v7e-m+fp/hard/crtn.o
 *(.fini)
 .fini          0x080076b0        0x4 C:/ST/STM32CubeIDE_1.16.0/STM32CubeIDE/plugins/com.st.stm32cube.ide.mcu.externaltools.gnu-tools-for-stm32.12.3.rel1.win32_1.0.200.202406191623/tools/bin/../lib/gcc/arm-none-eabi/12.3.1/thumb/v7e-m+fp/hard/crti.o
                0x080076b0                _fini
 .fini          0x080076b4        0x8 C:/ST/STM32CubeIDE_1.16.0/STM32CubeIDE/plugins/com.st.stm32cube.ide.mcu.externaltools.gnu-tools-for-stm32.12.3.rel1.win32_1.0.200.202406191623/tools/bin/../lib/gcc/arm-none-eabi/12.3.1/thumb/v7e-m+fp/hard/crtn.o
                0x080076bc                        . = ALIGN (0x4)
                0x080076bc                        _etext = .

.vfp11_veneer   0x080076bc        0x0
 .vfp11_veneer  0x080076bc        0x0 linker stubs

.v4_bx          0x080076bc        0x0
 .v4_bx         0x080076bc        0x0 linker stubs

.iplt           0x080076bc        0x0
 .iplt          0x080076bc        0x0 C:/ST/STM32CubeIDE_1.16.0/STM32CubeIDE/plugins/com.st.stm32cube.ide.mcu.externaltools.gnu-tools-for-stm32.12.3.rel1.win32_1.0.200.202406191623/tools/bin/../lib/gcc/arm-none-eabi/12.3.1/thumb/v7e-m+fp/hard/crtbegin.o

.rodata         0x080076bc       0x78
                0x080076bc                        . = ALIGN (0x4)
 *(.rodata)
 .rodata        0x080076bc        0x8 ./Core/Src/Custom/main.o
 *(.rodata*)
 .rodata.pin_cs1_2
                0x080076c4        0x8 ./Core/Src/Custom/pins.o
                0x080076c4                pin_cs1_2
 .rodata.pin_cs3_4
                0x080076cc        0x8 ./Core/Src/Custom/pins.o
                0x080076cc                pin_cs3_4
 .rodata.pin_cs_radio
                0x080076d4        0x8 ./Core/Src/Custom/pins.o
                0x080076d4                pin_cs_radio
 .rodata.pin_reset
                0x080076dc        0x8 ./Core/Src/Custom/pins.o
                0x080076dc                pin_reset
 .rodata.pin_tristate_up
                0x080076e4        0x8 ./Core/Src/Custom/pins.o
                0x080076e4                pin_tristate_up
 .rodata.pin_tristate_down
                0x080076ec        0x8 ./Core/Src/Custom/pins.o
                0x080076ec                pin_tristate_down
 .rodata.AHBPrescTable
                0x080076f4       0x10 ./Core/Src/system_stm32l4xx.o
                0x080076f4                AHBPrescTable
 .rodata.MSIRangeTable
                0x08007704       0x30 ./Core/Src/system_stm32l4xx.o
                0x08007704                MSIRangeTable
                0x08007734                        . = ALIGN (0x4)

.ARM.extab      0x08007734        0x0
                0x08007734                        . = ALIGN (0x4)
 *(.ARM.extab* .gnu.linkonce.armextab.*)
                0x08007734                        . = ALIGN (0x4)

.ARM            0x08007734        0x8
                0x08007734                        . = ALIGN (0x4)
                0x08007734                        __exidx_start = .
 *(.ARM.exidx*)
 .ARM.exidx     0x08007734        0x8 C:/ST/STM32CubeIDE_1.16.0/STM32CubeIDE/plugins/com.st.stm32cube.ide.mcu.externaltools.gnu-tools-for-stm32.12.3.rel1.win32_1.0.200.202406191623/tools/bin/../lib/gcc/arm-none-eabi/12.3.1/thumb/v7e-m+fp/hard\libgcc.a(_udivmoddi4.o)
                0x0800773c                        __exidx_end = .
                0x0800773c                        . = ALIGN (0x4)

.preinit_array  0x0800773c        0x0
                0x0800773c                        . = ALIGN (0x4)
                0x0800773c                        PROVIDE (__preinit_array_start = .)
 *(.preinit_array*)
                0x0800773c                        PROVIDE (__preinit_array_end = .)
                0x0800773c                        . = ALIGN (0x4)

.init_array     0x0800773c        0x4
                0x0800773c                        . = ALIGN (0x4)
                0x0800773c                        PROVIDE (__init_array_start = .)
 *(SORT_BY_NAME(.init_array.*))
 *(.init_array*)
 .init_array    0x0800773c        0x4 C:/ST/STM32CubeIDE_1.16.0/STM32CubeIDE/plugins/com.st.stm32cube.ide.mcu.externaltools.gnu-tools-for-stm32.12.3.rel1.win32_1.0.200.202406191623/tools/bin/../lib/gcc/arm-none-eabi/12.3.1/thumb/v7e-m+fp/hard/crtbegin.o
                0x08007740                        PROVIDE (__init_array_end = .)
                0x08007740                        . = ALIGN (0x4)

.fini_array     0x08007740        0x4
                0x08007740                        . = ALIGN (0x4)
                [!provide]                        PROVIDE (__fini_array_start = .)
 *(SORT_BY_NAME(.fini_array.*))
 *(.fini_array*)
 .fini_array    0x08007740        0x4 C:/ST/STM32CubeIDE_1.16.0/STM32CubeIDE/plugins/com.st.stm32cube.ide.mcu.externaltools.gnu-tools-for-stm32.12.3.rel1.win32_1.0.200.202406191623/tools/bin/../lib/gcc/arm-none-eabi/12.3.1/thumb/v7e-m+fp/hard/crtbegin.o
                [!provide]                        PROVIDE (__fini_array_end = .)
                0x08007744                        . = ALIGN (0x4)
                0x08007744                        _sidata = LOADADDR (.data)

.rel.dyn        0x08007744        0x0
 .rel.iplt      0x08007744        0x0 C:/ST/STM32CubeIDE_1.16.0/STM32CubeIDE/plugins/com.st.stm32cube.ide.mcu.externaltools.gnu-tools-for-stm32.12.3.rel1.win32_1.0.200.202406191623/tools/bin/../lib/gcc/arm-none-eabi/12.3.1/thumb/v7e-m+fp/hard/crtbegin.o

.data           0x20000000       0x28 load address 0x08007744
                0x20000000                        . = ALIGN (0x4)
                0x20000000                        _sdata = .
 *(.data)
 *(.data*)
 .data.segment_mask
                0x20000000        0xa ./Core/Src/Custom/7-segment.o
 .data.dp_mask  0x2000000a        0x1 ./Core/Src/Custom/7-segment.o
 *fill*         0x2000000b        0x1 
 .data.movement_segment_data
                0x2000000c       0x10 ./Core/Src/Custom/main.o
 .data.SystemCoreClock
                0x2000001c        0x4 ./Core/Src/system_stm32l4xx.o
                0x2000001c                SystemCoreClock
 .data.uwTickPrio
                0x20000020        0x4 ./Drivers/STM32L4xx_HAL_Driver/Src/stm32l4xx_hal.o
                0x20000020                uwTickPrio
 .data.uwTickFreq
                0x20000024        0x1 ./Drivers/STM32L4xx_HAL_Driver/Src/stm32l4xx_hal.o
                0x20000024                uwTickFreq
 *(.RamFunc)
 *(.RamFunc*)
                0x20000028                        . = ALIGN (0x4)
 *fill*         0x20000025        0x3 
                0x20000028                        _edata = .

.igot.plt       0x20000028        0x0 load address 0x0800776c
 .igot.plt      0x20000028        0x0 C:/ST/STM32CubeIDE_1.16.0/STM32CubeIDE/plugins/com.st.stm32cube.ide.mcu.externaltools.gnu-tools-for-stm32.12.3.rel1.win32_1.0.200.202406191623/tools/bin/../lib/gcc/arm-none-eabi/12.3.1/thumb/v7e-m+fp/hard/crtbegin.o
                0x20000028                        . = ALIGN (0x4)

.bss            0x20000028      0x2e0 load address 0x0800776c
                0x20000028                        _sbss = .
                0x20000028                        __bss_start__ = _sbss
 *(.bss)
 .bss           0x20000028       0x1c C:/ST/STM32CubeIDE_1.16.0/STM32CubeIDE/plugins/com.st.stm32cube.ide.mcu.externaltools.gnu-tools-for-stm32.12.3.rel1.win32_1.0.200.202406191623/tools/bin/../lib/gcc/arm-none-eabi/12.3.1/thumb/v7e-m+fp/hard/crtbegin.o
 *(.bss*)
 .bss.ballast_state
                0x20000044        0x1 ./Core/Src/Custom/actions.o
                0x20000044                ballast_state
 .bss._dir      0x20000045        0x1 ./Core/Src/Custom/depth.o
 *fill*         0x20000046        0x2 
 .bss._time     0x20000048        0x8 ./Core/Src/Custom/depth.o
 .bss._depth    0x20000050        0x8 ./Core/Src/Custom/depth.o
 .bss.g_lora    0x20000058       0x20 ./Core/Src/Custom/main.o
                0x20000058                g_lora
 .bss.mcp1_2    0x20000078       0x10 ./Core/Src/Custom/main.o
 .bss.mcp3_4    0x20000088       0x10 ./Core/Src/Custom/main.o
 .bss.g_display
                0x20000098       0x24 ./Core/Src/Custom/main.o
                0x20000098                g_display
 .bss.read_joystick
                0x200000bc        0x1 ./Core/Src/Custom/main.o
 *fill*         0x200000bd        0x3 
 .bss.g_joystick_data
                0x200000c0        0x4 ./Core/Src/Custom/main.o
                0x200000c0                g_joystick_data
 .bss.prev_joystick_data
                0x200000c4        0x4 ./Core/Src/Custom/main.o
 .bss.g_movement_counter
                0x200000c8        0xc ./Core/Src/Custom/main.o
                0x200000c8                g_movement_counter
 .bss.lock_send_code
                0x200000d4        0xc ./Core/Src/Custom/main.o
 .bss.lock_req_code
                0x200000e0        0xc ./Core/Src/Custom/main.o
 .bss.lock_release_pod
                0x200000ec        0xc ./Core/Src/Custom/main.o
 .bss.lock_tristate_down
                0x200000f8        0xc ./Core/Src/Custom/main.o
 .bss.lock_tristate_up
                0x20000104        0xc ./Core/Src/Custom/main.o
 .bss.pending_actions
                0x20000110       0x40 ./Core/Src/Lib/action-mgr.o
 .bss.count     0x20000150        0x4 ./Core/Src/Lib/action-mgr.o
 .bss.send_code_cb
                0x20000154        0x4 ./Core/Src/Lib/communication.o
 .bss._code     0x20000158        0x4 ./Core/Src/Lib/stored-code.o
 .bss.hadc1     0x2000015c       0x64 ./Core/Src/main.o
                0x2000015c                hadc1
 .bss.hdma_adc1
                0x200001c0       0x48 ./Core/Src/main.o
                0x200001c0                hdma_adc1
 .bss.hspi1     0x20000208       0x64 ./Core/Src/main.o
                0x20000208                hspi1
 .bss.htim6     0x2000026c       0x4c ./Core/Src/main.o
                0x2000026c                htim6
 .bss.htim7     0x200002b8       0x4c ./Core/Src/main.o
                0x200002b8                htim7
 .bss.uwTick    0x20000304        0x4 ./Drivers/STM32L4xx_HAL_Driver/Src/stm32l4xx_hal.o
                0x20000304                uwTick
 *(COMMON)
                0x20000308                        . = ALIGN (0x4)
                0x20000308                        _ebss = .
                0x20000308                        __bss_end__ = _ebss

._user_heap_stack
                0x20000308      0x600 load address 0x0800776c
                0x20000308                        . = ALIGN (0x8)
                [!provide]                        PROVIDE (end = .)
                0x20000308                        PROVIDE (_end = .)
                0x20000508                        . = (. + _Min_Heap_Size)
 *fill*         0x20000308      0x200 
                0x20000908                        . = (. + _Min_Stack_Size)
 *fill*         0x20000508      0x400 
                0x20000908                        . = ALIGN (0x8)

/DISCARD/
 libc.a(*)
 libm.a(*)
 libgcc.a(*)

.ARM.attributes
                0x00000000       0x30
 *(.ARM.attributes)
 .ARM.attributes
                0x00000000       0x22 C:/ST/STM32CubeIDE_1.16.0/STM32CubeIDE/plugins/com.st.stm32cube.ide.mcu.externaltools.gnu-tools-for-stm32.12.3.rel1.win32_1.0.200.202406191623/tools/bin/../lib/gcc/arm-none-eabi/12.3.1/thumb/v7e-m+fp/hard/crti.o
 .ARM.attributes
                0x00000022       0x34 C:/ST/STM32CubeIDE_1.16.0/STM32CubeIDE/plugins/com.st.stm32cube.ide.mcu.externaltools.gnu-tools-for-stm32.12.3.rel1.win32_1.0.200.202406191623/tools/bin/../lib/gcc/arm-none-eabi/12.3.1/thumb/v7e-m+fp/hard/crtbegin.o
 .ARM.attributes
                0x00000056       0x34 ./Core/Src/Custom/7-segment.o
 .ARM.attributes
                0x0000008a       0x34 ./Core/Src/Custom/actions.o
 .ARM.attributes
                0x000000be       0x34 ./Core/Src/Custom/depth.o
 .ARM.attributes
                0x000000f2       0x34 ./Core/Src/Custom/main.o
 .ARM.attributes
                0x00000126       0x34 ./Core/Src/Custom/pins.o
 .ARM.attributes
                0x0000015a       0x34 ./Core/Src/Lib/action-mgr.o
 .ARM.attributes
                0x0000018e       0x34 ./Core/Src/Lib/communication.o
 .ARM.attributes
                0x000001c2       0x34 ./Core/Src/Lib/counter.o
 .ARM.attributes
                0x000001f6       0x34 ./Core/Src/Lib/lora.o
 .ARM.attributes
                0x0000022a       0x34 ./Core/Src/Lib/mcp23s17.o
 .ARM.attributes
                0x0000025e       0x34 ./Core/Src/Lib/stored-code.o
 .ARM.attributes
                0x00000292       0x34 ./Core/Src/Lib/timed-lock.o
 .ARM.attributes
                0x000002c6       0x34 ./Core/Src/Lib/util.o
 .ARM.attributes
                0x000002fa       0x34 ./Core/Src/main.o
 .ARM.attributes
                0x0000032e       0x34 ./Core/Src/stm32l4xx_hal_msp.o
 .ARM.attributes
                0x00000362       0x34 ./Core/Src/stm32l4xx_it.o
 .ARM.attributes
                0x00000396       0x34 ./Core/Src/system_stm32l4xx.o
 .ARM.attributes
                0x000003ca       0x21 ./Core/Startup/startup_stm32l476rgtx.o
 .ARM.attributes
                0x000003eb       0x34 ./Drivers/STM32L4xx_HAL_Driver/Src/stm32l4xx_hal.o
 .ARM.attributes
                0x0000041f       0x34 ./Drivers/STM32L4xx_HAL_Driver/Src/stm32l4xx_hal_adc.o
 .ARM.attributes
                0x00000453       0x34 ./Drivers/STM32L4xx_HAL_Driver/Src/stm32l4xx_hal_adc_ex.o
 .ARM.attributes
                0x00000487       0x34 ./Drivers/STM32L4xx_HAL_Driver/Src/stm32l4xx_hal_cortex.o
 .ARM.attributes
                0x000004bb       0x34 ./Drivers/STM32L4xx_HAL_Driver/Src/stm32l4xx_hal_dma.o
 .ARM.attributes
                0x000004ef       0x34 ./Drivers/STM32L4xx_HAL_Driver/Src/stm32l4xx_hal_gpio.o
 .ARM.attributes
                0x00000523       0x34 ./Drivers/STM32L4xx_HAL_Driver/Src/stm32l4xx_hal_pwr_ex.o
 .ARM.attributes
                0x00000557       0x34 ./Drivers/STM32L4xx_HAL_Driver/Src/stm32l4xx_hal_rcc.o
 .ARM.attributes
                0x0000058b       0x34 ./Drivers/STM32L4xx_HAL_Driver/Src/stm32l4xx_hal_rcc_ex.o
 .ARM.attributes
                0x000005bf       0x34 ./Drivers/STM32L4xx_HAL_Driver/Src/stm32l4xx_hal_spi.o
 .ARM.attributes
                0x000005f3       0x34 ./Drivers/STM32L4xx_HAL_Driver/Src/stm32l4xx_hal_tim.o
 .ARM.attributes
                0x00000627       0x34 ./Drivers/STM32L4xx_HAL_Driver/Src/stm32l4xx_hal_tim_ex.o
 .ARM.attributes
                0x0000065b       0x34 C:/ST/STM32CubeIDE_1.16.0/STM32CubeIDE/plugins/com.st.stm32cube.ide.mcu.externaltools.gnu-tools-for-stm32.12.3.rel1.win32_1.0.200.202406191623/tools/bin/../lib/gcc/arm-none-eabi/12.3.1/../../../../arm-none-eabi/lib/thumb/v7e-m+fp/hard\libc_nano.a(libc_a-memset.o)
 .ARM.attributes
                0x0000068f       0x34 C:/ST/STM32CubeIDE_1.16.0/STM32CubeIDE/plugins/com.st.stm32cube.ide.mcu.externaltools.gnu-tools-for-stm32.12.3.rel1.win32_1.0.200.202406191623/tools/bin/../lib/gcc/arm-none-eabi/12.3.1/../../../../arm-none-eabi/lib/thumb/v7e-m+fp/hard\libc_nano.a(libc_a-init.o)
 .ARM.attributes
                0x000006c3       0x22 C:/ST/STM32CubeIDE_1.16.0/STM32CubeIDE/plugins/com.st.stm32cube.ide.mcu.externaltools.gnu-tools-for-stm32.12.3.rel1.win32_1.0.200.202406191623/tools/bin/../lib/gcc/arm-none-eabi/12.3.1/thumb/v7e-m+fp/hard\libgcc.a(_arm_addsubdf3.o)
 .ARM.attributes
                0x000006e5       0x22 C:/ST/STM32CubeIDE_1.16.0/STM32CubeIDE/plugins/com.st.stm32cube.ide.mcu.externaltools.gnu-tools-for-stm32.12.3.rel1.win32_1.0.200.202406191623/tools/bin/../lib/gcc/arm-none-eabi/12.3.1/thumb/v7e-m+fp/hard\libgcc.a(_arm_muldivdf3.o)
 .ARM.attributes
                0x00000707       0x22 C:/ST/STM32CubeIDE_1.16.0/STM32CubeIDE/plugins/com.st.stm32cube.ide.mcu.externaltools.gnu-tools-for-stm32.12.3.rel1.win32_1.0.200.202406191623/tools/bin/../lib/gcc/arm-none-eabi/12.3.1/thumb/v7e-m+fp/hard\libgcc.a(_arm_cmpdf2.o)
 .ARM.attributes
                0x00000729       0x22 C:/ST/STM32CubeIDE_1.16.0/STM32CubeIDE/plugins/com.st.stm32cube.ide.mcu.externaltools.gnu-tools-for-stm32.12.3.rel1.win32_1.0.200.202406191623/tools/bin/../lib/gcc/arm-none-eabi/12.3.1/thumb/v7e-m+fp/hard\libgcc.a(_aeabi_uldivmod.o)
 .ARM.attributes
                0x0000074b       0x34 C:/ST/STM32CubeIDE_1.16.0/STM32CubeIDE/plugins/com.st.stm32cube.ide.mcu.externaltools.gnu-tools-for-stm32.12.3.rel1.win32_1.0.200.202406191623/tools/bin/../lib/gcc/arm-none-eabi/12.3.1/thumb/v7e-m+fp/hard\libgcc.a(_udivmoddi4.o)
 .ARM.attributes
                0x0000077f       0x22 C:/ST/STM32CubeIDE_1.16.0/STM32CubeIDE/plugins/com.st.stm32cube.ide.mcu.externaltools.gnu-tools-for-stm32.12.3.rel1.win32_1.0.200.202406191623/tools/bin/../lib/gcc/arm-none-eabi/12.3.1/thumb/v7e-m+fp/hard\libgcc.a(_dvmd_tls.o)
 .ARM.attributes
                0x000007a1       0x22 C:/ST/STM32CubeIDE_1.16.0/STM32CubeIDE/plugins/com.st.stm32cube.ide.mcu.externaltools.gnu-tools-for-stm32.12.3.rel1.win32_1.0.200.202406191623/tools/bin/../lib/gcc/arm-none-eabi/12.3.1/thumb/v7e-m+fp/hard/crtn.o
OUTPUT(integrates-off-board.elf elf32-littlearm)
LOAD linker stubs
LOAD C:/ST/STM32CubeIDE_1.16.0/STM32CubeIDE/plugins/com.st.stm32cube.ide.mcu.externaltools.gnu-tools-for-stm32.12.3.rel1.win32_1.0.200.202406191623/tools/bin/../lib/gcc/arm-none-eabi/12.3.1/../../../../arm-none-eabi/lib/thumb/v7e-m+fp/hard\libc.a
LOAD C:/ST/STM32CubeIDE_1.16.0/STM32CubeIDE/plugins/com.st.stm32cube.ide.mcu.externaltools.gnu-tools-for-stm32.12.3.rel1.win32_1.0.200.202406191623/tools/bin/../lib/gcc/arm-none-eabi/12.3.1/../../../../arm-none-eabi/lib/thumb/v7e-m+fp/hard\libm.a
LOAD C:/ST/STM32CubeIDE_1.16.0/STM32CubeIDE/plugins/com.st.stm32cube.ide.mcu.externaltools.gnu-tools-for-stm32.12.3.rel1.win32_1.0.200.202406191623/tools/bin/../lib/gcc/arm-none-eabi/12.3.1/thumb/v7e-m+fp/hard\libgcc.a

.debug_info     0x00000000    0x17bf1
 .debug_info    0x00000000      0x96d ./Core/Src/Custom/7-segment.o
 .debug_info    0x0000096d      0xf39 ./Core/Src/Custom/actions.o
 .debug_info    0x000018a6      0x179 ./Core/Src/Custom/depth.o
 .debug_info    0x00001a1f     0x1574 ./Core/Src/Custom/main.o
 .debug_info    0x00002f93      0x26d ./Core/Src/Custom/pins.o
 .debug_info    0x00003200      0x185 ./Core/Src/Lib/action-mgr.o
 .debug_info    0x00003385      0xb9d ./Core/Src/Lib/communication.o
 .debug_info    0x00003f22      0x1b0 ./Core/Src/Lib/counter.o
 .debug_info    0x000040d2     0x1019 ./Core/Src/Lib/lora.o
 .debug_info    0x000050eb      0x8b4 ./Core/Src/Lib/mcp23s17.o
 .debug_info    0x0000599f       0xe8 ./Core/Src/Lib/stored-code.o
 .debug_info    0x00005a87      0x17b ./Core/Src/Lib/timed-lock.o
 .debug_info    0x00005c02      0x40a ./Core/Src/Lib/util.o
 .debug_info    0x0000600c     0x18b9 ./Core/Src/main.o
 .debug_info    0x000078c5     0x17af ./Core/Src/stm32l4xx_hal_msp.o
 .debug_info    0x00009074      0xbc5 ./Core/Src/stm32l4xx_it.o
 .debug_info    0x00009c39      0x5b1 ./Core/Src/system_stm32l4xx.o
 .debug_info    0x0000a1ea       0x30 ./Core/Startup/startup_stm32l476rgtx.o
 .debug_info    0x0000a21a      0xaeb ./Drivers/STM32L4xx_HAL_Driver/Src/stm32l4xx_hal.o
 .debug_info    0x0000ad05     0x1db8 ./Drivers/STM32L4xx_HAL_Driver/Src/stm32l4xx_hal_adc.o
 .debug_info    0x0000cabd     0x1b24 ./Drivers/STM32L4xx_HAL_Driver/Src/stm32l4xx_hal_adc_ex.o
 .debug_info    0x0000e5e1      0xd81 ./Drivers/STM32L4xx_HAL_Driver/Src/stm32l4xx_hal_cortex.o
 .debug_info    0x0000f362      0x6f4 ./Drivers/STM32L4xx_HAL_Driver/Src/stm32l4xx_hal_dma.o
 .debug_info    0x0000fa56      0x757 ./Drivers/STM32L4xx_HAL_Driver/Src/stm32l4xx_hal_gpio.o
 .debug_info    0x000101ad      0x99e ./Drivers/STM32L4xx_HAL_Driver/Src/stm32l4xx_hal_pwr_ex.o
 .debug_info    0x00010b4b      0xc14 ./Drivers/STM32L4xx_HAL_Driver/Src/stm32l4xx_hal_rcc.o
 .debug_info    0x0001175f      0xe11 ./Drivers/STM32L4xx_HAL_Driver/Src/stm32l4xx_hal_rcc_ex.o
 .debug_info    0x00012570     0x1549 ./Drivers/STM32L4xx_HAL_Driver/Src/stm32l4xx_hal_spi.o
 .debug_info    0x00013ab9     0x2a9a ./Drivers/STM32L4xx_HAL_Driver/Src/stm32l4xx_hal_tim.o
 .debug_info    0x00016553     0x169e ./Drivers/STM32L4xx_HAL_Driver/Src/stm32l4xx_hal_tim_ex.o

.debug_abbrev   0x00000000     0x39f0
 .debug_abbrev  0x00000000      0x198 ./Core/Src/Custom/7-segment.o
 .debug_abbrev  0x00000198      0x24d ./Core/Src/Custom/actions.o
 .debug_abbrev  0x000003e5       0xd4 ./Core/Src/Custom/depth.o
 .debug_abbrev  0x000004b9      0x2a4 ./Core/Src/Custom/main.o
 .debug_abbrev  0x0000075d       0xf8 ./Core/Src/Custom/pins.o
 .debug_abbrev  0x00000855       0xf5 ./Core/Src/Lib/action-mgr.o
 .debug_abbrev  0x0000094a      0x222 ./Core/Src/Lib/communication.o
 .debug_abbrev  0x00000b6c       0xf6 ./Core/Src/Lib/counter.o
 .debug_abbrev  0x00000c62      0x2d5 ./Core/Src/Lib/lora.o
 .debug_abbrev  0x00000f37      0x1fa ./Core/Src/Lib/mcp23s17.o
 .debug_abbrev  0x00001131       0x9a ./Core/Src/Lib/stored-code.o
 .debug_abbrev  0x000011cb       0xce ./Core/Src/Lib/timed-lock.o
 .debug_abbrev  0x00001299      0x1cf ./Core/Src/Lib/util.o
 .debug_abbrev  0x00001468      0x2a3 ./Core/Src/main.o
 .debug_abbrev  0x0000170b      0x244 ./Core/Src/stm32l4xx_hal_msp.o
 .debug_abbrev  0x0000194f      0x1c2 ./Core/Src/stm32l4xx_it.o
 .debug_abbrev  0x00001b11      0x11a ./Core/Src/system_stm32l4xx.o
 .debug_abbrev  0x00001c2b       0x24 ./Core/Startup/startup_stm32l476rgtx.o
 .debug_abbrev  0x00001c4f      0x242 ./Drivers/STM32L4xx_HAL_Driver/Src/stm32l4xx_hal.o
 .debug_abbrev  0x00001e91      0x2de ./Drivers/STM32L4xx_HAL_Driver/Src/stm32l4xx_hal_adc.o
 .debug_abbrev  0x0000216f      0x2f1 ./Drivers/STM32L4xx_HAL_Driver/Src/stm32l4xx_hal_adc_ex.o
 .debug_abbrev  0x00002460      0x31c ./Drivers/STM32L4xx_HAL_Driver/Src/stm32l4xx_hal_cortex.o
 .debug_abbrev  0x0000277c      0x1e4 ./Drivers/STM32L4xx_HAL_Driver/Src/stm32l4xx_hal_dma.o
 .debug_abbrev  0x00002960      0x1cb ./Drivers/STM32L4xx_HAL_Driver/Src/stm32l4xx_hal_gpio.o
 .debug_abbrev  0x00002b2b      0x1f9 ./Drivers/STM32L4xx_HAL_Driver/Src/stm32l4xx_hal_pwr_ex.o
 .debug_abbrev  0x00002d24      0x2cb ./Drivers/STM32L4xx_HAL_Driver/Src/stm32l4xx_hal_rcc.o
 .debug_abbrev  0x00002fef      0x2a6 ./Drivers/STM32L4xx_HAL_Driver/Src/stm32l4xx_hal_rcc_ex.o
 .debug_abbrev  0x00003295      0x260 ./Drivers/STM32L4xx_HAL_Driver/Src/stm32l4xx_hal_spi.o
 .debug_abbrev  0x000034f5      0x278 ./Drivers/STM32L4xx_HAL_Driver/Src/stm32l4xx_hal_tim.o
 .debug_abbrev  0x0000376d      0x283 ./Drivers/STM32L4xx_HAL_Driver/Src/stm32l4xx_hal_tim_ex.o

.debug_aranges  0x00000000     0x16d0
 .debug_aranges
                0x00000000       0x40 ./Core/Src/Custom/7-segment.o
 .debug_aranges
                0x00000040       0x50 ./Core/Src/Custom/actions.o
 .debug_aranges
                0x00000090       0x40 ./Core/Src/Custom/depth.o
 .debug_aranges
                0x000000d0       0x68 ./Core/Src/Custom/main.o
 .debug_aranges
                0x00000138       0x18 ./Core/Src/Custom/pins.o
 .debug_aranges
                0x00000150       0x38 ./Core/Src/Lib/action-mgr.o
 .debug_aranges
                0x00000188       0x68 ./Core/Src/Lib/communication.o
 .debug_aranges
                0x000001f0       0x40 ./Core/Src/Lib/counter.o
 .debug_aranges
                0x00000230      0x148 ./Core/Src/Lib/lora.o
 .debug_aranges
                0x00000378       0x38 ./Core/Src/Lib/mcp23s17.o
 .debug_aranges
                0x000003b0       0x28 ./Core/Src/Lib/stored-code.o
 .debug_aranges
                0x000003d8       0x30 ./Core/Src/Lib/timed-lock.o
 .debug_aranges
                0x00000408       0x58 ./Core/Src/Lib/util.o
 .debug_aranges
                0x00000460       0x60 ./Core/Src/main.o
 .debug_aranges
                0x000004c0       0x50 ./Core/Src/stm32l4xx_hal_msp.o
 .debug_aranges
                0x00000510       0x90 ./Core/Src/stm32l4xx_it.o
 .debug_aranges
                0x000005a0       0x28 ./Core/Src/system_stm32l4xx.o
 .debug_aranges
                0x000005c8       0x28 ./Core/Startup/startup_stm32l476rgtx.o
 .debug_aranges
                0x000005f0      0x130 ./Drivers/STM32L4xx_HAL_Driver/Src/stm32l4xx_hal.o
 .debug_aranges
                0x00000720      0x220 ./Drivers/STM32L4xx_HAL_Driver/Src/stm32l4xx_hal_adc.o
 .debug_aranges
                0x00000940      0x1a8 ./Drivers/STM32L4xx_HAL_Driver/Src/stm32l4xx_hal_adc_ex.o
 .debug_aranges
                0x00000ae8      0x128 ./Drivers/STM32L4xx_HAL_Driver/Src/stm32l4xx_hal_cortex.o
 .debug_aranges
                0x00000c10       0x80 ./Drivers/STM32L4xx_HAL_Driver/Src/stm32l4xx_hal_dma.o
 .debug_aranges
                0x00000c90       0x58 ./Drivers/STM32L4xx_HAL_Driver/Src/stm32l4xx_hal_gpio.o
 .debug_aranges
                0x00000ce8      0x160 ./Drivers/STM32L4xx_HAL_Driver/Src/stm32l4xx_hal_pwr_ex.o
 .debug_aranges
                0x00000e48       0x90 ./Drivers/STM32L4xx_HAL_Driver/Src/stm32l4xx_hal_rcc.o
 .debug_aranges
                0x00000ed8       0xc0 ./Drivers/STM32L4xx_HAL_Driver/Src/stm32l4xx_hal_rcc_ex.o
 .debug_aranges
                0x00000f98      0x1d8 ./Drivers/STM32L4xx_HAL_Driver/Src/stm32l4xx_hal_spi.o
 .debug_aranges
                0x00001170      0x3e0 ./Drivers/STM32L4xx_HAL_Driver/Src/stm32l4xx_hal_tim.o
 .debug_aranges
                0x00001550      0x180 ./Drivers/STM32L4xx_HAL_Driver/Src/stm32l4xx_hal_tim_ex.o

.debug_rnglists
                0x00000000     0x115f
 .debug_rnglists
                0x00000000       0x2d ./Core/Src/Custom/7-segment.o
 .debug_rnglists
                0x0000002d       0x39 ./Core/Src/Custom/actions.o
 .debug_rnglists
                0x00000066       0x2c ./Core/Src/Custom/depth.o
 .debug_rnglists
                0x00000092       0x4c ./Core/Src/Custom/main.o
 .debug_rnglists
                0x000000de       0x25 ./Core/Src/Lib/action-mgr.o
 .debug_rnglists
                0x00000103       0x4a ./Core/Src/Lib/communication.o
 .debug_rnglists
                0x0000014d       0x2b ./Core/Src/Lib/counter.o
 .debug_rnglists
                0x00000178       0xf9 ./Core/Src/Lib/lora.o
 .debug_rnglists
                0x00000271       0x25 ./Core/Src/Lib/mcp23s17.o
 .debug_rnglists
                0x00000296       0x19 ./Core/Src/Lib/stored-code.o
 .debug_rnglists
                0x000002af       0x1f ./Core/Src/Lib/timed-lock.o
 .debug_rnglists
                0x000002ce       0x3e ./Core/Src/Lib/util.o
 .debug_rnglists
                0x0000030c       0x46 ./Core/Src/main.o
 .debug_rnglists
                0x00000352       0x3a ./Core/Src/stm32l4xx_hal_msp.o
 .debug_rnglists
                0x0000038c       0x67 ./Core/Src/stm32l4xx_it.o
 .debug_rnglists
                0x000003f3       0x1a ./Core/Src/system_stm32l4xx.o
 .debug_rnglists
                0x0000040d       0x19 ./Core/Startup/startup_stm32l476rgtx.o
 .debug_rnglists
                0x00000426       0xdf ./Drivers/STM32L4xx_HAL_Driver/Src/stm32l4xx_hal.o
 .debug_rnglists
                0x00000505      0x1b1 ./Drivers/STM32L4xx_HAL_Driver/Src/stm32l4xx_hal_adc.o
 .debug_rnglists
                0x000006b6      0x148 ./Drivers/STM32L4xx_HAL_Driver/Src/stm32l4xx_hal_adc_ex.o
 .debug_rnglists
                0x000007fe       0xda ./Drivers/STM32L4xx_HAL_Driver/Src/stm32l4xx_hal_cortex.o
 .debug_rnglists
                0x000008d8       0x64 ./Drivers/STM32L4xx_HAL_Driver/Src/stm32l4xx_hal_dma.o
 .debug_rnglists
                0x0000093c       0x3f ./Drivers/STM32L4xx_HAL_Driver/Src/stm32l4xx_hal_gpio.o
 .debug_rnglists
                0x0000097b      0x109 ./Drivers/STM32L4xx_HAL_Driver/Src/stm32l4xx_hal_pwr_ex.o
 .debug_rnglists
                0x00000a84       0x6d ./Drivers/STM32L4xx_HAL_Driver/Src/stm32l4xx_hal_rcc.o
 .debug_rnglists
                0x00000af1       0x95 ./Drivers/STM32L4xx_HAL_Driver/Src/stm32l4xx_hal_rcc_ex.o
 .debug_rnglists
                0x00000b86      0x178 ./Drivers/STM32L4xx_HAL_Driver/Src/stm32l4xx_hal_spi.o
 .debug_rnglists
                0x00000cfe      0x328 ./Drivers/STM32L4xx_HAL_Driver/Src/stm32l4xx_hal_tim.o
 .debug_rnglists
                0x00001026      0x139 ./Drivers/STM32L4xx_HAL_Driver/Src/stm32l4xx_hal_tim_ex.o

.debug_macro    0x00000000    0x29caf
 .debug_macro   0x00000000      0x2f0 ./Core/Src/Custom/7-segment.o
 .debug_macro   0x000002f0      0xab4 ./Core/Src/Custom/7-segment.o
 .debug_macro   0x00000da4       0x22 ./Core/Src/Custom/7-segment.o
 .debug_macro   0x00000dc6       0x8e ./Core/Src/Custom/7-segment.o
 .debug_macro   0x00000e54       0x51 ./Core/Src/Custom/7-segment.o
 .debug_macro   0x00000ea5      0x103 ./Core/Src/Custom/7-segment.o
 .debug_macro   0x00000fa8       0x6a ./Core/Src/Custom/7-segment.o
 .debug_macro   0x00001012      0x1df ./Core/Src/Custom/7-segment.o
 .debug_macro   0x000011f1       0x22 ./Core/Src/Custom/7-segment.o
 .debug_macro   0x00001213      0x1ad ./Core/Src/Custom/7-segment.o
 .debug_macro   0x000013c0       0x2e ./Core/Src/Custom/7-segment.o
 .debug_macro   0x000013ee       0x28 ./Core/Src/Custom/7-segment.o
 .debug_macro   0x00001416       0x1c ./Core/Src/Custom/7-segment.o
 .debug_macro   0x00001432       0x22 ./Core/Src/Custom/7-segment.o
 .debug_macro   0x00001454       0xfb ./Core/Src/Custom/7-segment.o
 .debug_macro   0x0000154f     0x1011 ./Core/Src/Custom/7-segment.o
 .debug_macro   0x00002560      0x11f ./Core/Src/Custom/7-segment.o
 .debug_macro   0x0000267f    0x1a17a ./Core/Src/Custom/7-segment.o
 .debug_macro   0x0001c7f9       0x6d ./Core/Src/Custom/7-segment.o
 .debug_macro   0x0001c866     0x38fb ./Core/Src/Custom/7-segment.o
 .debug_macro   0x00020161      0x189 ./Core/Src/Custom/7-segment.o
 .debug_macro   0x000202ea       0x5c ./Core/Src/Custom/7-segment.o
 .debug_macro   0x00020346     0x159e ./Core/Src/Custom/7-segment.o
 .debug_macro   0x000218e4      0x5a5 ./Core/Src/Custom/7-segment.o
 .debug_macro   0x00021e89      0x1b9 ./Core/Src/Custom/7-segment.o
 .debug_macro   0x00022042      0x18b ./Core/Src/Custom/7-segment.o
 .debug_macro   0x000221cd      0x26b ./Core/Src/Custom/7-segment.o
 .debug_macro   0x00022438      0x23d ./Core/Src/Custom/7-segment.o
 .debug_macro   0x00022675      0xf91 ./Core/Src/Custom/7-segment.o
 .debug_macro   0x00023606      0x632 ./Core/Src/Custom/7-segment.o
 .debug_macro   0x00023c38      0x30c ./Core/Src/Custom/7-segment.o
 .debug_macro   0x00023f44      0x241 ./Core/Src/Custom/7-segment.o
 .debug_macro   0x00024185      0x37c ./Core/Src/Custom/7-segment.o
 .debug_macro   0x00024501       0xd6 ./Core/Src/Custom/7-segment.o
 .debug_macro   0x000245d7      0x122 ./Core/Src/Custom/7-segment.o
 .debug_macro   0x000246f9      0x3ef ./Core/Src/Custom/7-segment.o
 .debug_macro   0x00024ae8      0x2fe ./Core/Src/Custom/7-segment.o
 .debug_macro   0x00024de6      0xa98 ./Core/Src/Custom/7-segment.o
 .debug_macro   0x0002587e      0x1e6 ./Core/Src/Custom/7-segment.o
 .debug_macro   0x00025a64      0x330 ./Core/Src/Custom/7-segment.o
 .debug_macro   0x00025d94       0x9a ./Core/Src/Custom/7-segment.o
 .debug_macro   0x00025e2e       0x1c ./Core/Src/Custom/7-segment.o
 .debug_macro   0x00025e4a       0x64 ./Core/Src/Custom/7-segment.o
 .debug_macro   0x00025eae       0x2a ./Core/Src/Custom/7-segment.o
 .debug_macro   0x00025ed8       0x61 ./Core/Src/Custom/7-segment.o
 .debug_macro   0x00025f39       0x43 ./Core/Src/Custom/7-segment.o
 .debug_macro   0x00025f7c       0x34 ./Core/Src/Custom/7-segment.o
 .debug_macro   0x00025fb0       0x16 ./Core/Src/Custom/7-segment.o
 .debug_macro   0x00025fc6       0x35 ./Core/Src/Custom/7-segment.o
 .debug_macro   0x00025ffb       0x16 ./Core/Src/Custom/7-segment.o
 .debug_macro   0x00026011       0x43 ./Core/Src/Custom/7-segment.o
 .debug_macro   0x00026054       0x34 ./Core/Src/Custom/7-segment.o
 .debug_macro   0x00026088       0x10 ./Core/Src/Custom/7-segment.o
 .debug_macro   0x00026098       0x58 ./Core/Src/Custom/7-segment.o
 .debug_macro   0x000260f0       0x8e ./Core/Src/Custom/7-segment.o
 .debug_macro   0x0002617e       0x1c ./Core/Src/Custom/7-segment.o
 .debug_macro   0x0002619a      0x177 ./Core/Src/Custom/7-segment.o
 .debug_macro   0x00026311      0x369 ./Core/Src/Custom/7-segment.o
 .debug_macro   0x0002667a       0x16 ./Core/Src/Custom/7-segment.o
 .debug_macro   0x00026690       0x29 ./Core/Src/Custom/7-segment.o
 .debug_macro   0x000266b9      0x288 ./Core/Src/Custom/actions.o
 .debug_macro   0x00026941       0x40 ./Core/Src/Custom/actions.o
 .debug_macro   0x00026981       0x64 ./Core/Src/Custom/actions.o
 .debug_macro   0x000269e5       0x6a ./Core/Src/Custom/actions.o
 .debug_macro   0x00026a4f      0x21e ./Core/Src/Custom/depth.o
 .debug_macro   0x00026c6d      0x29b ./Core/Src/Custom/main.o
 .debug_macro   0x00026f08       0x10 ./Core/Src/Custom/main.o
 .debug_macro   0x00026f18      0x215 ./Core/Src/Custom/pins.o
 .debug_macro   0x0002712d       0x7e ./Core/Src/Lib/action-mgr.o
 .debug_macro   0x000271ab      0x23a ./Core/Src/Lib/communication.o
 .debug_macro   0x000273e5       0x76 ./Core/Src/Lib/counter.o
 .debug_macro   0x0002745b      0x34d ./Core/Src/Lib/lora.o
 .debug_macro   0x000277a8      0x21a ./Core/Src/Lib/mcp23s17.o
 .debug_macro   0x000279c2       0x64 ./Core/Src/Lib/mcp23s17.o
 .debug_macro   0x00027a26       0x6d ./Core/Src/Lib/stored-code.o
 .debug_macro   0x00027a93       0x6d ./Core/Src/Lib/timed-lock.o
 .debug_macro   0x00027b00      0x20b ./Core/Src/Lib/util.o
 .debug_macro   0x00027d0b      0x1fd ./Core/Src/main.o
 .debug_macro   0x00027f08      0x1f3 ./Core/Src/stm32l4xx_hal_msp.o
 .debug_macro   0x000280fb      0x1fd ./Core/Src/stm32l4xx_it.o
 .debug_macro   0x000282f8      0x1e4 ./Core/Src/system_stm32l4xx.o
 .debug_macro   0x000284dc      0x232 ./Drivers/STM32L4xx_HAL_Driver/Src/stm32l4xx_hal.o
 .debug_macro   0x0002870e      0x201 ./Drivers/STM32L4xx_HAL_Driver/Src/stm32l4xx_hal_adc.o
 .debug_macro   0x0002890f      0x1f0 ./Drivers/STM32L4xx_HAL_Driver/Src/stm32l4xx_hal_adc_ex.o
 .debug_macro   0x00028aff      0x1e4 ./Drivers/STM32L4xx_HAL_Driver/Src/stm32l4xx_hal_cortex.o
 .debug_macro   0x00028ce3      0x1e4 ./Drivers/STM32L4xx_HAL_Driver/Src/stm32l4xx_hal_dma.o
 .debug_macro   0x00028ec7      0x1eb ./Drivers/STM32L4xx_HAL_Driver/Src/stm32l4xx_hal_gpio.o
 .debug_macro   0x000290b2      0x208 ./Drivers/STM32L4xx_HAL_Driver/Src/stm32l4xx_hal_pwr_ex.o
 .debug_macro   0x000292ba      0x226 ./Drivers/STM32L4xx_HAL_Driver/Src/stm32l4xx_hal_rcc.o
 .debug_macro   0x000294e0      0x21a ./Drivers/STM32L4xx_HAL_Driver/Src/stm32l4xx_hal_rcc_ex.o
 .debug_macro   0x000296fa      0x1ec ./Drivers/STM32L4xx_HAL_Driver/Src/stm32l4xx_hal_spi.o
 .debug_macro   0x000298e6      0x1e5 ./Drivers/STM32L4xx_HAL_Driver/Src/stm32l4xx_hal_tim.o
 .debug_macro   0x00029acb      0x1e4 ./Drivers/STM32L4xx_HAL_Driver/Src/stm32l4xx_hal_tim_ex.o

.debug_line     0x00000000    0x1a76b
 .debug_line    0x00000000      0xb10 ./Core/Src/Custom/7-segment.o
 .debug_line    0x00000b10      0x94f ./Core/Src/Custom/actions.o
 .debug_line    0x0000145f      0x867 ./Core/Src/Custom/depth.o
 .debug_line    0x00001cc6      0xa11 ./Core/Src/Custom/main.o
 .debug_line    0x000026d7      0x7b1 ./Core/Src/Custom/pins.o
 .debug_line    0x00002e88      0x4d6 ./Core/Src/Lib/action-mgr.o
 .debug_line    0x0000335e      0x93c ./Core/Src/Lib/communication.o
 .debug_line    0x00003c9a      0x4aa ./Core/Src/Lib/counter.o
 .debug_line    0x00004144      0xdfa ./Core/Src/Lib/lora.o
 .debug_line    0x00004f3e      0x823 ./Core/Src/Lib/mcp23s17.o
 .debug_line    0x00005761      0x440 ./Core/Src/Lib/stored-code.o
 .debug_line    0x00005ba1      0x483 ./Core/Src/Lib/timed-lock.o
 .debug_line    0x00006024      0x8b0 ./Core/Src/Lib/util.o
 .debug_line    0x000068d4      0x9dc ./Core/Src/main.o
 .debug_line    0x000072b0      0x8e3 ./Core/Src/stm32l4xx_hal_msp.o
 .debug_line    0x00007b93      0x8ea ./Core/Src/stm32l4xx_it.o
 .debug_line    0x0000847d      0x82f ./Core/Src/system_stm32l4xx.o
 .debug_line    0x00008cac       0x7a ./Core/Startup/startup_stm32l476rgtx.o
 .debug_line    0x00008d26      0xb8a ./Drivers/STM32L4xx_HAL_Driver/Src/stm32l4xx_hal.o
 .debug_line    0x000098b0     0x1fa3 ./Drivers/STM32L4xx_HAL_Driver/Src/stm32l4xx_hal_adc.o
 .debug_line    0x0000b853     0x19b0 ./Drivers/STM32L4xx_HAL_Driver/Src/stm32l4xx_hal_adc_ex.o
 .debug_line    0x0000d203      0xd53 ./Drivers/STM32L4xx_HAL_Driver/Src/stm32l4xx_hal_cortex.o
 .debug_line    0x0000df56      0xd8f ./Drivers/STM32L4xx_HAL_Driver/Src/stm32l4xx_hal_dma.o
 .debug_line    0x0000ece5      0xc16 ./Drivers/STM32L4xx_HAL_Driver/Src/stm32l4xx_hal_gpio.o
 .debug_line    0x0000f8fb      0xd7c ./Drivers/STM32L4xx_HAL_Driver/Src/stm32l4xx_hal_pwr_ex.o
 .debug_line    0x00010677     0x1003 ./Drivers/STM32L4xx_HAL_Driver/Src/stm32l4xx_hal_rcc.o
 .debug_line    0x0001167a     0x1575 ./Drivers/STM32L4xx_HAL_Driver/Src/stm32l4xx_hal_rcc_ex.o
 .debug_line    0x00012bef     0x2060 ./Drivers/STM32L4xx_HAL_Driver/Src/stm32l4xx_hal_spi.o
 .debug_line    0x00014c4f     0x3e99 ./Drivers/STM32L4xx_HAL_Driver/Src/stm32l4xx_hal_tim.o
 .debug_line    0x00018ae8     0x1c83 ./Drivers/STM32L4xx_HAL_Driver/Src/stm32l4xx_hal_tim_ex.o

.debug_str      0x00000000   0x103903
 .debug_str     0x00000000    0xfcf08 ./Core/Src/Custom/7-segment.o
                              0xfd45a (size before relaxing)
 .debug_str     0x000fcf08      0x7b2 ./Core/Src/Custom/actions.o
                              0xfaa11 (size before relaxing)
 .debug_str     0x000fd6ba       0x58 ./Core/Src/Custom/depth.o
                              0xf9dcc (size before relaxing)
 .debug_str     0x000fd712      0x528 ./Core/Src/Custom/main.o
                              0xfaf0d (size before relaxing)
 .debug_str     0x000fdc3a       0x57 ./Core/Src/Custom/pins.o
                              0xf9d0c (size before relaxing)
 .debug_str     0x000fdc91       0x4e ./Core/Src/Lib/action-mgr.o
                               0x418b (size before relaxing)
 .debug_str     0x000fdcdf      0x214 ./Core/Src/Lib/communication.o
                              0xfa4af (size before relaxing)
 .debug_str     0x000fdef3       0x34 ./Core/Src/Lib/counter.o
                               0x410c (size before relaxing)
 .debug_str     0x000fdf27      0x742 ./Core/Src/Lib/lora.o
                              0xfa8e3 (size before relaxing)
 .debug_str     0x000fe669       0x2e ./Core/Src/Lib/mcp23s17.o
                              0xfa230 (size before relaxing)
 .debug_str     0x000fe697       0x1e ./Core/Src/Lib/stored-code.o
                               0x3d76 (size before relaxing)
 .debug_str     0x000fe6b5       0x36 ./Core/Src/Lib/timed-lock.o
                               0x3dc2 (size before relaxing)
 .debug_str     0x000fe6eb       0xb7 ./Core/Src/Lib/util.o
                              0xf9dbf (size before relaxing)
 .debug_str     0x000fe7a2      0x91e ./Core/Src/main.o
                              0xfafbe (size before relaxing)
 .debug_str     0x000ff0c0      0x364 ./Core/Src/stm32l4xx_hal_msp.o
                              0xfaf5f (size before relaxing)
 .debug_str     0x000ff424      0x16c ./Core/Src/stm32l4xx_it.o
                              0xfa491 (size before relaxing)
 .debug_str     0x000ff590       0xf2 ./Core/Src/system_stm32l4xx.o
                              0xf9a9e (size before relaxing)
 .debug_str     0x000ff682       0x44 ./Core/Startup/startup_stm32l476rgtx.o
                                 0x91 (size before relaxing)
 .debug_str     0x000ff6c6      0x624 ./Drivers/STM32L4xx_HAL_Driver/Src/stm32l4xx_hal.o
                              0xfa631 (size before relaxing)
 .debug_str     0x000ffcea      0xa67 ./Drivers/STM32L4xx_HAL_Driver/Src/stm32l4xx_hal_adc.o
                              0xfa8e5 (size before relaxing)
 .debug_str     0x00100751      0x665 ./Drivers/STM32L4xx_HAL_Driver/Src/stm32l4xx_hal_adc_ex.o
                              0xfa88e (size before relaxing)
 .debug_str     0x00100db6      0x355 ./Drivers/STM32L4xx_HAL_Driver/Src/stm32l4xx_hal_cortex.o
                              0xfa317 (size before relaxing)
 .debug_str     0x0010110b      0x20a ./Drivers/STM32L4xx_HAL_Driver/Src/stm32l4xx_hal_dma.o
                              0xf9d08 (size before relaxing)
 .debug_str     0x00101315       0xc6 ./Drivers/STM32L4xx_HAL_Driver/Src/stm32l4xx_hal_gpio.o
                              0xf9c17 (size before relaxing)
 .debug_str     0x001013db      0x4d3 ./Drivers/STM32L4xx_HAL_Driver/Src/stm32l4xx_hal_pwr_ex.o
                              0xf9ff9 (size before relaxing)
 .debug_str     0x001018ae      0x3a6 ./Drivers/STM32L4xx_HAL_Driver/Src/stm32l4xx_hal_rcc.o
                              0xfa0e4 (size before relaxing)
 .debug_str     0x00101c54      0x3b5 ./Drivers/STM32L4xx_HAL_Driver/Src/stm32l4xx_hal_rcc_ex.o
                              0xfa25d (size before relaxing)
 .debug_str     0x00102009      0x55b ./Drivers/STM32L4xx_HAL_Driver/Src/stm32l4xx_hal_spi.o
                              0xfa2b9 (size before relaxing)
 .debug_str     0x00102564      0xe20 ./Drivers/STM32L4xx_HAL_Driver/Src/stm32l4xx_hal_tim.o
                              0xfadde (size before relaxing)
 .debug_str     0x00103384      0x57f ./Drivers/STM32L4xx_HAL_Driver/Src/stm32l4xx_hal_tim_ex.o
                              0xfa6f2 (size before relaxing)

.comment        0x00000000       0x43
 .comment       0x00000000       0x43 ./Core/Src/Custom/7-segment.o
                                 0x44 (size before relaxing)
 .comment       0x00000043       0x44 ./Core/Src/Custom/actions.o
 .comment       0x00000043       0x44 ./Core/Src/Custom/depth.o
 .comment       0x00000043       0x44 ./Core/Src/Custom/main.o
 .comment       0x00000043       0x44 ./Core/Src/Custom/pins.o
 .comment       0x00000043       0x44 ./Core/Src/Lib/action-mgr.o
 .comment       0x00000043       0x44 ./Core/Src/Lib/communication.o
 .comment       0x00000043       0x44 ./Core/Src/Lib/counter.o
 .comment       0x00000043       0x44 ./Core/Src/Lib/lora.o
 .comment       0x00000043       0x44 ./Core/Src/Lib/mcp23s17.o
 .comment       0x00000043       0x44 ./Core/Src/Lib/stored-code.o
 .comment       0x00000043       0x44 ./Core/Src/Lib/timed-lock.o
 .comment       0x00000043       0x44 ./Core/Src/Lib/util.o
 .comment       0x00000043       0x44 ./Core/Src/main.o
 .comment       0x00000043       0x44 ./Core/Src/stm32l4xx_hal_msp.o
 .comment       0x00000043       0x44 ./Core/Src/stm32l4xx_it.o
 .comment       0x00000043       0x44 ./Core/Src/system_stm32l4xx.o
 .comment       0x00000043       0x44 ./Drivers/STM32L4xx_HAL_Driver/Src/stm32l4xx_hal.o
 .comment       0x00000043       0x44 ./Drivers/STM32L4xx_HAL_Driver/Src/stm32l4xx_hal_adc.o
 .comment       0x00000043       0x44 ./Drivers/STM32L4xx_HAL_Driver/Src/stm32l4xx_hal_adc_ex.o
 .comment       0x00000043       0x44 ./Drivers/STM32L4xx_HAL_Driver/Src/stm32l4xx_hal_cortex.o
 .comment       0x00000043       0x44 ./Drivers/STM32L4xx_HAL_Driver/Src/stm32l4xx_hal_dma.o
 .comment       0x00000043       0x44 ./Drivers/STM32L4xx_HAL_Driver/Src/stm32l4xx_hal_gpio.o
 .comment       0x00000043       0x44 ./Drivers/STM32L4xx_HAL_Driver/Src/stm32l4xx_hal_pwr_ex.o
 .comment       0x00000043       0x44 ./Drivers/STM32L4xx_HAL_Driver/Src/stm32l4xx_hal_rcc.o
 .comment       0x00000043       0x44 ./Drivers/STM32L4xx_HAL_Driver/Src/stm32l4xx_hal_rcc_ex.o
 .comment       0x00000043       0x44 ./Drivers/STM32L4xx_HAL_Driver/Src/stm32l4xx_hal_spi.o
 .comment       0x00000043       0x44 ./Drivers/STM32L4xx_HAL_Driver/Src/stm32l4xx_hal_tim.o
 .comment       0x00000043       0x44 ./Drivers/STM32L4xx_HAL_Driver/Src/stm32l4xx_hal_tim_ex.o

.debug_frame    0x00000000     0x5ffc
 .debug_frame   0x00000000       0xc8 ./Core/Src/Custom/7-segment.o
 .debug_frame   0x000000c8       0xfc ./Core/Src/Custom/actions.o
 .debug_frame   0x000001c4       0xb8 ./Core/Src/Custom/depth.o
 .debug_frame   0x0000027c      0x14c ./Core/Src/Custom/main.o
 .debug_frame   0x000003c8       0x9c ./Core/Src/Lib/action-mgr.o
 .debug_frame   0x00000464      0x194 ./Core/Src/Lib/communication.o
 .debug_frame   0x000005f8       0xd4 ./Core/Src/Lib/counter.o
 .debug_frame   0x000006cc      0x580 ./Core/Src/Lib/lora.o
 .debug_frame   0x00000c4c       0xa0 ./Core/Src/Lib/mcp23s17.o
 .debug_frame   0x00000cec       0x58 ./Core/Src/Lib/stored-code.o
 .debug_frame   0x00000d44       0x84 ./Core/Src/Lib/timed-lock.o
 .debug_frame   0x00000dc8      0x138 ./Core/Src/Lib/util.o
 .debug_frame   0x00000f00      0x138 ./Core/Src/main.o
 .debug_frame   0x00001038      0x114 ./Core/Src/stm32l4xx_hal_msp.o
 .debug_frame   0x0000114c      0x1ac ./Core/Src/stm32l4xx_it.o
 .debug_frame   0x000012f8       0x58 ./Core/Src/system_stm32l4xx.o
 .debug_frame   0x00001350      0x498 ./Drivers/STM32L4xx_HAL_Driver/Src/stm32l4xx_hal.o
 .debug_frame   0x000017e8      0xa04 ./Drivers/STM32L4xx_HAL_Driver/Src/stm32l4xx_hal_adc.o
 .debug_frame   0x000021ec      0x7a4 ./Drivers/STM32L4xx_HAL_Driver/Src/stm32l4xx_hal_adc_ex.o
 .debug_frame   0x00002990      0x4e8 ./Drivers/STM32L4xx_HAL_Driver/Src/stm32l4xx_hal_cortex.o
 .debug_frame   0x00002e78      0x204 ./Drivers/STM32L4xx_HAL_Driver/Src/stm32l4xx_hal_dma.o
 .debug_frame   0x0000307c      0x14c ./Drivers/STM32L4xx_HAL_Driver/Src/stm32l4xx_hal_gpio.o
 .debug_frame   0x000031c8      0x584 ./Drivers/STM32L4xx_HAL_Driver/Src/stm32l4xx_hal_pwr_ex.o
 .debug_frame   0x0000374c      0x21c ./Drivers/STM32L4xx_HAL_Driver/Src/stm32l4xx_hal_rcc.o
 .debug_frame   0x00003968      0x2fc ./Drivers/STM32L4xx_HAL_Driver/Src/stm32l4xx_hal_rcc_ex.o
 .debug_frame   0x00003c64      0x860 ./Drivers/STM32L4xx_HAL_Driver/Src/stm32l4xx_hal_spi.o
 .debug_frame   0x000044c4     0x121c ./Drivers/STM32L4xx_HAL_Driver/Src/stm32l4xx_hal_tim.o
 .debug_frame   0x000056e0      0x6b0 ./Drivers/STM32L4xx_HAL_Driver/Src/stm32l4xx_hal_tim_ex.o
 .debug_frame   0x00005d90       0x20 C:/ST/STM32CubeIDE_1.16.0/STM32CubeIDE/plugins/com.st.stm32cube.ide.mcu.externaltools.gnu-tools-for-stm32.12.3.rel1.win32_1.0.200.202406191623/tools/bin/../lib/gcc/arm-none-eabi/12.3.1/../../../../arm-none-eabi/lib/thumb/v7e-m+fp/hard\libc_nano.a(libc_a-memset.o)
 .debug_frame   0x00005db0       0x2c C:/ST/STM32CubeIDE_1.16.0/STM32CubeIDE/plugins/com.st.stm32cube.ide.mcu.externaltools.gnu-tools-for-stm32.12.3.rel1.win32_1.0.200.202406191623/tools/bin/../lib/gcc/arm-none-eabi/12.3.1/../../../../arm-none-eabi/lib/thumb/v7e-m+fp/hard\libc_nano.a(libc_a-init.o)
 .debug_frame   0x00005ddc       0xac C:/ST/STM32CubeIDE_1.16.0/STM32CubeIDE/plugins/com.st.stm32cube.ide.mcu.externaltools.gnu-tools-for-stm32.12.3.rel1.win32_1.0.200.202406191623/tools/bin/../lib/gcc/arm-none-eabi/12.3.1/thumb/v7e-m+fp/hard\libgcc.a(_arm_addsubdf3.o)
 .debug_frame   0x00005e88       0x50 C:/ST/STM32CubeIDE_1.16.0/STM32CubeIDE/plugins/com.st.stm32cube.ide.mcu.externaltools.gnu-tools-for-stm32.12.3.rel1.win32_1.0.200.202406191623/tools/bin/../lib/gcc/arm-none-eabi/12.3.1/thumb/v7e-m+fp/hard\libgcc.a(_arm_muldivdf3.o)
 .debug_frame   0x00005ed8       0xc4 C:/ST/STM32CubeIDE_1.16.0/STM32CubeIDE/plugins/com.st.stm32cube.ide.mcu.externaltools.gnu-tools-for-stm32.12.3.rel1.win32_1.0.200.202406191623/tools/bin/../lib/gcc/arm-none-eabi/12.3.1/thumb/v7e-m+fp/hard\libgcc.a(_arm_cmpdf2.o)
 .debug_frame   0x00005f9c       0x2c C:/ST/STM32CubeIDE_1.16.0/STM32CubeIDE/plugins/com.st.stm32cube.ide.mcu.externaltools.gnu-tools-for-stm32.12.3.rel1.win32_1.0.200.202406191623/tools/bin/../lib/gcc/arm-none-eabi/12.3.1/thumb/v7e-m+fp/hard\libgcc.a(_aeabi_uldivmod.o)
 .debug_frame   0x00005fc8       0x34 C:/ST/STM32CubeIDE_1.16.0/STM32CubeIDE/plugins/com.st.stm32cube.ide.mcu.externaltools.gnu-tools-for-stm32.12.3.rel1.win32_1.0.200.202406191623/tools/bin/../lib/gcc/arm-none-eabi/12.3.1/thumb/v7e-m+fp/hard\libgcc.a(_udivmoddi4.o)

.debug_line_str
                0x00000000       0x75
 .debug_line_str
                0x00000000       0x75 ./Core/Startup/startup_stm32l476rgtx.o
